<?xml version="1.0" encoding="utf-8"?>
<TestRun id="ee96f9ee-9660-4b66-8188-eb8276c49d5e" name="sushi@VITA-CASTLE 2026-09-12 23:48:27" runUser="VITA-CASTLE\CodexSandboxOffline" xmlns="http://microsoft.com/schemas/VisualStudio/TeamTest/2010">
  <Times creation="2026-09-12T23:48:27.3651913+03:00" queuing="2026-09-12T23:48:27.3651918+03:00" start="2026-09-12T23:48:26.7349398+03:00" finish="2026-09-12T23:48:27.4314885+03:00" />
  <TestSettings name="default" id="3e06f972-7ae2-46b6-b0d1-ca3056ed0094">
    <Deployment runDeploymentRoot="sushi_VITA-CASTLE_2026-09-12_23_48_27" />
  </TestSettings>
  <Results>
    <UnitTestResult executionId="2ac68992-319f-4da1-9618-7791e6d405c0" testId="00bde8b4-1304-a645-d001-694ea6adc65c" testName="DeepSpaceSaga.Contracts.Tests.StationTradeSnapshotTests.StationTradeSnapshot_round_trips_via_json" computerName="VITA-CASTLE" duration="00:00:00.0002682" startTime="2026-09-12T23:48:27.3635494+03:00" endTime="2026-09-12T23:48:27.3635495+03:00" testType="13cdc9d9-ddb5-4fa4-a97d-d965ccfc6d4b" outcome="Passed" testListId="8c84fa94-04c1-424b-9868-57a2d4851a1d" relativeResultsDirectory="2ac68992-319f-4da1-9618-7791e6d405c0" />
    <UnitTestResult executionId="c6bdd42f-88a9-4e6c-8c81-7942b33f0334" testId="da948b2f-adc6-be32-e295-9af77042af4e" testName="DeepSpaceSaga.Contracts.Tests.StationTradeSnapshotTests.AuthoritativeSnapshot_docked_station_trade_round_trips_via_json" computerName="VITA-CASTLE" duration="00:00:00.0620149" startTime="2026-09-12T23:48:27.3631813+03:00" endTime="2026-09-12T23:48:27.3631814+03:00" testType="13cdc9d9-ddb5-4fa4-a97d-d965ccfc6d4b" outcome="Passed" testListId="8c84fa94-04c1-424b-9868-57a2d4851a1d" relativeResultsDirectory="c6bdd42f-88a9-4e6c-8c81-7942b33f0334" />
    <UnitTestResult executionId="34b2867f-5a59-43ae-956d-0b862a1ecf91" testId="74631061-8d15-f17a-8e3d-4376cdb7e087" testName="DeepSpaceSaga.Contracts.Tests.CommandResultTests.Snapshot_command_results_are_immutable" computerName="VITA-CASTLE" duration="00:00:00.0007767" startTime="2026-09-12T23:48:27.3651935+03:00" endTime="2026-09-12T23:48:27.3651936+03:00" testType="13cdc9d9-ddb5-4fa4-a97d-d965ccfc6d4b" outcome="Passed" testListId="8c84fa94-04c1-424b-9868-57a2d4851a1d" relativeResultsDirectory="34b2867f-5a59-43ae-956d-0b862a1ecf91" />
    <UnitTestResult executionId="1a0d8386-f8f7-43d4-bc21-8cbf4d09e7f2" testId="082caa5e-76d9-01ff-6364-5101a5c292c9" testName="DeepSpaceSaga.Contracts.Tests.CommandResultTests.CommandResult_executed_quantity_defaults_to_null" computerName="VITA-CASTLE" duration="00:00:00.0001124" startTime="2026-09-12T23:48:27.3656700+03:00" endTime="2026-09-12T23:48:27.3656701+03:00" testType="13cdc9d9-ddb5-4fa4-a97d-d965ccfc6d4b" outcome="Passed" testListId="8c84fa94-04c1-424b-9868-57a2d4851a1d" relativeResultsDirectory="1a0d8386-f8f7-43d4-bc21-8cbf4d09e7f2" />
    <UnitTestResult executionId="af3f4a31-417a-4177-b1b1-51fb6d2c2456" testId="72c040f0-696f-3b2e-6ef3-d0e18ee2c58a" testName="DeepSpaceSaga.Contracts.Tests.InstalledModuleSnapshotTests.Serialization_round_trip_preserves_commands_metadata" computerName="VITA-CASTLE" duration="00:00:00.0009052" startTime="2026-09-12T23:48:27.3624915+03:00" endTime="2026-09-12T23:48:27.3624916+03:00" testType="13cdc9d9-ddb5-4fa4-a97d-d965ccfc6d4b" outcome="Passed" testListId="8c84fa94-04c1-424b-9868-57a2d4851a1d" relativeResultsDirectory="af3f4a31-417a-4177-b1b1-51fb6d2c2456" />
    <UnitTestResult executionId="4f14e896-a237-4088-9539-bfee81c16ff0" testId="0d117a46-b63c-3d3e-94a1-a5feb85f4404" testName="DeepSpaceSaga.Contracts.Tests.StationTradeSnapshotTests.StationInventoryItemSnapshot_category_defaults_to_good_when_not_specified" computerName="VITA-CASTLE" duration="00:00:00.0001055" startTime="2026-09-12T23:48:27.3339676+03:00" endTime="2026-09-12T23:48:27.3339676+03:00" testType="13cdc9d9-ddb5-4fa4-a97d-d965ccfc6d4b" outcome="Passed" testListId="8c84fa94-04c1-424b-9868-57a2d4851a1d" relativeResultsDirectory="4f14e896-a237-4088-9539-bfee81c16ff0" />
    <UnitTestResult executionId="05234727-80fc-4250-b067-b40efe9f5942" testId="eb6c2041-41b2-6fd5-abc7-93dee92c6463" testName="DeepSpaceSaga.Contracts.Tests.DialogueContractTests.Dialogue_snapshot_and_commands_round_trip_through_json" computerName="VITA-CASTLE" duration="00:00:00.0874071" startTime="2026-09-12T23:48:27.3809273+03:00" endTime="2026-09-12T23:48:27.3809278+03:00" testType="13cdc9d9-ddb5-4fa4-a97d-d965ccfc6d4b" outcome="Passed" testListId="8c84fa94-04c1-424b-9868-57a2d4851a1d" relativeResultsDirectory="05234727-80fc-4250-b067-b40efe9f5942" />
    <UnitTestResult executionId="7560cc3e-5b75-4a7d-af63-0cc1c23bc8f6" testId="296b7923-b29e-0dee-ade9-18471f171cff" testName="DeepSpaceSaga.Contracts.Tests.ArchitectureTests.Snapshot_sequence_is_incrementing" computerName="VITA-CASTLE" duration="00:00:00.0043344" startTime="2026-09-12T23:48:27.3043242+03:00" endTime="2026-09-12T23:48:27.3043242+03:00" testType="13cdc9d9-ddb5-4fa4-a97d-d965ccfc6d4b" outcome="Passed" testListId="8c84fa94-04c1-424b-9868-57a2d4851a1d" relativeResultsDirectory="7560cc3e-5b75-4a7d-af63-0cc1c23bc8f6" />
    <UnitTestResult executionId="af87d590-dbc8-4892-9a0c-9298d017e90e" testId="9ba9394f-130a-6bc4-7ce2-3d4fb65f45d4" testName="DeepSpaceSaga.Contracts.Tests.SmokeTests.ShipEngineCommandTypes_expose_stable_ids" computerName="VITA-CASTLE" duration="00:00:00.0000310" startTime="2026-09-12T23:48:27.3688767+03:00" endTime="2026-09-12T23:48:27.3688767+03:00" testType="13cdc9d9-ddb5-4fa4-a97d-d965ccfc6d4b" outcome="Passed" testListId="8c84fa94-04c1-424b-9868-57a2d4851a1d" relativeResultsDirectory="af87d590-dbc8-4892-9a0c-9298d017e90e" />
    <UnitTestResult executionId="f6fa618e-2c34-4be2-914e-9c0fffeef558" testId="22ccbc31-1c8b-4a3f-ea76-86afde23d0a3" testName="DeepSpaceSaga.Contracts.Tests.SaveSlotInfoTests.SaveSlotInfo_round_trips_via_json" computerName="VITA-CASTLE" duration="00:00:00.0526842" startTime="2026-09-12T23:48:27.3536560+03:00" endTime="2026-09-12T23:48:27.3536564+03:00" testType="13cdc9d9-ddb5-4fa4-a97d-d965ccfc6d4b" outcome="Passed" testListId="8c84fa94-04c1-424b-9868-57a2d4851a1d" relativeResultsDirectory="f6fa618e-2c34-4be2-914e-9c0fffeef558" />
    <UnitTestResult executionId="08a03a52-5424-45fb-bb52-0a27f175574a" testId="ecce8ad6-7f26-7bce-3e6b-e5c779159c5f" testName="DeepSpaceSaga.Contracts.Tests.StationTradeSnapshotTests.AuthoritativeSnapshot_player_credits_round_trips_via_json_with_explicit_value" computerName="VITA-CASTLE" duration="00:00:00.0002634" startTime="2026-09-12T23:48:27.3637777+03:00" endTime="2026-09-12T23:48:27.3637777+03:00" testType="13cdc9d9-ddb5-4fa4-a97d-d965ccfc6d4b" outcome="Passed" testListId="8c84fa94-04c1-424b-9868-57a2d4851a1d" relativeResultsDirectory="08a03a52-5424-45fb-bb52-0a27f175574a" />
    <UnitTestResult executionId="d40c0312-48f2-4832-8c10-41f6929bb96a" testId="8002dda2-d102-6b3c-5893-db51bf10b4f2" testName="DeepSpaceSaga.Contracts.Tests.SmokeTests.PlayerCommand_is_instantiable" computerName="VITA-CASTLE" duration="00:00:00.0000703" startTime="2026-09-12T23:48:27.3687700+03:00" endTime="2026-09-12T23:48:27.3687701+03:00" testType="13cdc9d9-ddb5-4fa4-a97d-d965ccfc6d4b" outcome="Passed" testListId="8c84fa94-04c1-424b-9868-57a2d4851a1d" relativeResultsDirectory="d40c0312-48f2-4832-8c10-41f6929bb96a" />
    <UnitTestResult executionId="8df533b4-f5c3-4777-a98f-0fa3a95c0351" testId="702fa0ac-dfc8-7e14-bf6c-fbf6fd9b858a" testName="DeepSpaceSaga.Contracts.Tests.CommandResultTests.CommandResult_is_instantiable" computerName="VITA-CASTLE" duration="00:00:00.0002469" startTime="2026-09-12T23:48:27.3643534+03:00" endTime="2026-09-12T23:48:27.3643536+03:00" testType="13cdc9d9-ddb5-4fa4-a97d-d965ccfc6d4b" outcome="Passed" testListId="8c84fa94-04c1-424b-9868-57a2d4851a1d" relativeResultsDirectory="8df533b4-f5c3-4777-a98f-0fa3a95c0351" />
    <UnitTestResult executionId="46c98437-5d56-49cf-b67d-4825d6725aff" testId="f24dcf5a-54da-0122-0df5-e887a54bab9b" testName="DeepSpaceSaga.Contracts.Tests.InstalledModuleSnapshotTests.Commands_metadata_defaults_to_none_target" computerName="VITA-CASTLE" duration="00:00:00.0000482" startTime="2026-09-12T23:48:27.3631403+03:00" endTime="2026-09-12T23:48:27.3631404+03:00" testType="13cdc9d9-ddb5-4fa4-a97d-d965ccfc6d4b" outcome="Passed" testListId="8c84fa94-04c1-424b-9868-57a2d4851a1d" relativeResultsDirectory="46c98437-5d56-49cf-b67d-4825d6725aff" />
    <UnitTestResult executionId="b9b0059b-7baf-4d1e-b4da-c9dcccd7d6de" testId="1ecfe82c-534e-4673-62ca-027d30df951b" testName="DeepSpaceSaga.Contracts.Tests.SmokeTests.PlayerCommand_carries_explicit_target_object_id" computerName="VITA-CASTLE" duration="00:00:00.0067399" startTime="2026-09-12T23:48:27.3686681+03:00" endTime="2026-09-12T23:48:27.3686685+03:00" testType="13cdc9d9-ddb5-4fa4-a97d-d965ccfc6d4b" outcome="Passed" testListId="8c84fa94-04c1-424b-9868-57a2d4851a1d" relativeResultsDirectory="b9b0059b-7baf-4d1e-b4da-c9dcccd7d6de" />
    <UnitTestResult executionId="2b538e3d-1eec-4db1-b45b-80569824ef47" testId="6050ac42-16cd-4a4f-6272-786861a53926" testName="DeepSpaceSaga.Contracts.Tests.InstalledModuleSnapshotTests.Serialization_round_trip_preserves_populated_runtime_state_fields" computerName="VITA-CASTLE" duration="00:00:00.0002561" startTime="2026-09-12T23:48:27.3627733+03:00" endTime="2026-09-12T23:48:27.3627734+03:00" testType="13cdc9d9-ddb5-4fa4-a97d-d965ccfc6d4b" outcome="Passed" testListId="8c84fa94-04c1-424b-9868-57a2d4851a1d" relativeResultsDirectory="2b538e3d-1eec-4db1-b45b-80569824ef47" />
    <UnitTestResult executionId="6d8244eb-6884-4d39-98c8-166ebbd96eca" testId="fe7b1ec7-a654-ddb4-8b98-2f68dc621b4d" testName="DeepSpaceSaga.Contracts.Tests.SmokeTests.IGameSessionConnection_is_defined" computerName="VITA-CASTLE" duration="00:00:00.0000611" startTime="2026-09-12T23:48:27.3724235+03:00" endTime="2026-09-12T23:48:27.3724236+03:00" testType="13cdc9d9-ddb5-4fa4-a97d-d965ccfc6d4b" outcome="Passed" testListId="8c84fa94-04c1-424b-9868-57a2d4851a1d" relativeResultsDirectory="6d8244eb-6884-4d39-98c8-166ebbd96eca" />
    <UnitTestResult executionId="40e47e6f-97f0-4df4-b56e-d32125c6576f" testId="00753e97-9011-c330-024d-fe9ee5720522" testName="DeepSpaceSaga.Contracts.Tests.CommandResultTests.AuthoritativeSnapshot_round_trips_command_results" computerName="VITA-CASTLE" duration="00:00:00.0028270" startTime="2026-09-12T23:48:27.3639750+03:00" endTime="2026-09-12T23:48:27.3639751+03:00" testType="13cdc9d9-ddb5-4fa4-a97d-d965ccfc6d4b" outcome="Passed" testListId="8c84fa94-04c1-424b-9868-57a2d4851a1d" relativeResultsDirectory="40e47e6f-97f0-4df4-b56e-d32125c6576f" />
    <UnitTestResult executionId="ccfb6372-35c7-40de-aff7-ca229d3adc8b" testId="1b482788-d846-06c7-a23f-94d4c7b86a91" testName="DeepSpaceSaga.Contracts.Tests.ShipEventTests.ShipEventTypes_are_snake_case" computerName="VITA-CASTLE" duration="00:00:00.0000444" startTime="2026-09-12T23:48:27.3598506+03:00" endTime="2026-09-12T23:48:27.3598507+03:00" testType="13cdc9d9-ddb5-4fa4-a97d-d965ccfc6d4b" outcome="Passed" testListId="8c84fa94-04c1-424b-9868-57a2d4851a1d" relativeResultsDirectory="ccfb6372-35c7-40de-aff7-ca229d3adc8b" />
    <UnitTestResult executionId="a77caa30-6a18-403f-a8e2-4c3888f64f4f" testId="9d4ea003-2a70-f253-dd68-89f2681c0e54" testName="DeepSpaceSaga.Contracts.Tests.CommandResultTests.CommandResult_executed_quantity_round_trips_via_json" computerName="VITA-CASTLE" duration="00:00:00.0403231" startTime="2026-09-12T23:48:27.3340894+03:00" endTime="2026-09-12T23:48:27.3340895+03:00" testType="13cdc9d9-ddb5-4fa4-a97d-d965ccfc6d4b" outcome="Passed" testListId="8c84fa94-04c1-424b-9868-57a2d4851a1d" relativeResultsDirectory="a77caa30-6a18-403f-a8e2-4c3888f64f4f" />
    <UnitTestResult executionId="97b00900-e726-4401-a06d-71eab4ea233d" testId="e4ba1347-2799-877a-ff1f-6106c325c74f" testName="DeepSpaceSaga.Contracts.Tests.SmokeTests.AuthoritativeSnapshot_serialization_round_trip_preserves_null_object_interaction_ids" computerName="VITA-CASTLE" duration="00:00:00.0488701" startTime="2026-09-12T23:48:27.3621747+03:00" endTime="2026-09-12T23:48:27.3621747+03:00" testType="13cdc9d9-ddb5-4fa4-a97d-d965ccfc6d4b" outcome="Passed" testListId="8c84fa94-04c1-424b-9868-57a2d4851a1d" relativeResultsDirectory="97b00900-e726-4401-a06d-71eab4ea233d" />
    <UnitTestResult executionId="4ad85a49-9a16-48b6-ac56-2ce80a269eb5" testId="508ff65b-a839-1aba-673a-c5c656ee9ed3" testName="DeepSpaceSaga.Contracts.Tests.SmokeTests.AuthoritativeSnapshot_serialization_round_trip_preserves_object_interaction_ids" computerName="VITA-CASTLE" duration="00:00:00.0002679" startTime="2026-09-12T23:48:27.3622166+03:00" endTime="2026-09-12T23:48:27.3622166+03:00" testType="13cdc9d9-ddb5-4fa4-a97d-d965ccfc6d4b" outcome="Passed" testListId="8c84fa94-04c1-424b-9868-57a2d4851a1d" relativeResultsDirectory="4ad85a49-9a16-48b6-ac56-2ce80a269eb5" />
    <UnitTestResult executionId="ead75e7f-7694-455a-9a00-f46119de3b13" testId="8b74889d-d5b7-eb10-c516-392e2d28a0f4" testName="DeepSpaceSaga.Contracts.Tests.ShipEventTests.Empty_snapshot_round_trips_with_empty_ship_events" computerName="VITA-CASTLE" duration="00:00:00.0002017" startTime="2026-09-12T23:48:27.3597923+03:00" endTime="2026-09-12T23:48:27.3597924+03:00" testType="13cdc9d9-ddb5-4fa4-a97d-d965ccfc6d4b" outcome="Passed" testListId="8c84fa94-04c1-424b-9868-57a2d4851a1d" relativeResultsDirectory="ead75e7f-7694-455a-9a00-f46119de3b13" />
    <UnitTestResult executionId="2018b793-1507-40d8-8ffc-3af5dbeb1614" testId="3ee54da8-223f-b4a3-63b5-59fa57820734" testName="DeepSpaceSaga.Contracts.Tests.InstalledModuleSnapshotTests.Cargo_defaults_to_default_or_empty" computerName="VITA-CASTLE" duration="00:00:00.0000855" startTime="2026-09-12T23:48:27.3635390+03:00" endTime="2026-09-12T23:48:27.3635390+03:00" testType="13cdc9d9-ddb5-4fa4-a97d-d965ccfc6d4b" outcome="Passed" testListId="8c84fa94-04c1-424b-9868-57a2d4851a1d" relativeResultsDirectory="2018b793-1507-40d8-8ffc-3af5dbeb1614" />
    <UnitTestResult executionId="fb8308db-c3cc-4592-8ea2-6b96bb16dd57" testId="ef267f50-28a8-516e-a186-9fcb3e0b64f0" testName="DeepSpaceSaga.Contracts.Tests.ShipEventTests.AuthoritativeSnapshot_round_trips_ship_events" computerName="VITA-CASTLE" duration="00:00:00.0541460" startTime="2026-09-12T23:48:27.3596115+03:00" endTime="2026-09-12T23:48:27.3596120+03:00" testType="13cdc9d9-ddb5-4fa4-a97d-d965ccfc6d4b" outcome="Passed" testListId="8c84fa94-04c1-424b-9868-57a2d4851a1d" relativeResultsDirectory="fb8308db-c3cc-4592-8ea2-6b96bb16dd57" />
    <UnitTestResult executionId="a2df489f-eac9-436b-abde-8768de516d78" testId="2bda1aab-8022-1b41-f2a7-bf7509480329" testName="DeepSpaceSaga.Contracts.Tests.SmokeTests.AuthoritativeSnapshot_defaults_object_interaction_ids_to_null" computerName="VITA-CASTLE" duration="00:00:00.0001318" startTime="2026-09-12T23:48:27.3710633+03:00" endTime="2026-09-12T23:48:27.3710633+03:00" testType="13cdc9d9-ddb5-4fa4-a97d-d965ccfc6d4b" outcome="Passed" testListId="8c84fa94-04c1-424b-9868-57a2d4851a1d" relativeResultsDirectory="a2df489f-eac9-436b-abde-8768de516d78" />
    <UnitTestResult executionId="4fc6591b-7d5b-48eb-9298-4d246d060781" testId="d121ae8f-2f78-3376-c890-5242f8a31d29" testName="DeepSpaceSaga.Contracts.Tests.SmokeTests.AuthoritativeSnapshot_is_instantiable" computerName="VITA-CASTLE" duration="00:00:00.0002275" startTime="2026-09-12T23:48:27.3707344+03:00" endTime="2026-09-12T23:48:27.3707345+03:00" testType="13cdc9d9-ddb5-4fa4-a97d-d965ccfc6d4b" outcome="Passed" testListId="8c84fa94-04c1-424b-9868-57a2d4851a1d" relativeResultsDirectory="4fc6591b-7d5b-48eb-9298-4d246d060781" />
    <UnitTestResult executionId="4d021969-9566-46ad-a9df-5956f2582f1d" testId="f88d515a-ce59-288d-c4b2-7b11e291643a" testName="DeepSpaceSaga.Contracts.Tests.InstalledModuleSnapshotTests.Cargo_round_trips_via_json_with_populated_stacks" computerName="VITA-CASTLE" duration="00:00:00.0664860" startTime="2026-09-12T23:48:27.3598161+03:00" endTime="2026-09-12T23:48:27.3598161+03:00" testType="13cdc9d9-ddb5-4fa4-a97d-d965ccfc6d4b" outcome="Passed" testListId="8c84fa94-04c1-424b-9868-57a2d4851a1d" relativeResultsDirectory="4d021969-9566-46ad-a9df-5956f2582f1d" />
    <UnitTestResult executionId="bb018fd7-ecb9-4847-a4c0-27b864881eb2" testId="ce6bd4cc-7ce0-224b-15ba-17c70e1d1741" testName="DeepSpaceSaga.Contracts.Tests.ShipEventTests.ShipEventReasonCodes_are_snake_case" computerName="VITA-CASTLE" duration="00:00:00.0000493" startTime="2026-09-12T23:48:27.3340024+03:00" endTime="2026-09-12T23:48:27.3340024+03:00" testType="13cdc9d9-ddb5-4fa4-a97d-d965ccfc6d4b" outcome="Passed" testListId="8c84fa94-04c1-424b-9868-57a2d4851a1d" relativeResultsDirectory="bb018fd7-ecb9-4847-a4c0-27b864881eb2" />
    <UnitTestResult executionId="e9030585-96a7-404a-a6a2-7405668e31aa" testId="0a25ab9d-dc2d-719e-9f12-5950cb10f5d1" testName="DeepSpaceSaga.Contracts.Tests.CommandResultTests.CommandReasonCodes_are_snake_case" computerName="VITA-CASTLE" duration="00:00:00.0001132" startTime="2026-09-12T23:48:27.3653783+03:00" endTime="2026-09-12T23:48:27.3653784+03:00" testType="13cdc9d9-ddb5-4fa4-a97d-d965ccfc6d4b" outcome="Passed" testListId="8c84fa94-04c1-424b-9868-57a2d4851a1d" relativeResultsDirectory="e9030585-96a7-404a-a6a2-7405668e31aa" />
    <UnitTestResult executionId="75c22c1d-ba7d-4a0b-811d-8f787f395c58" testId="a2cd1832-20a8-737f-74bd-910756a09686" testName="DeepSpaceSaga.Contracts.Tests.ShipEventTests.ShipEvent_is_instantiable" computerName="VITA-CASTLE" duration="00:00:00.0069419" startTime="2026-09-12T23:48:27.3043372+03:00" endTime="2026-09-12T23:48:27.3043372+03:00" testType="13cdc9d9-ddb5-4fa4-a97d-d965ccfc6d4b" outcome="Passed" testListId="8c84fa94-04c1-424b-9868-57a2d4851a1d" relativeResultsDirectory="75c22c1d-ba7d-4a0b-811d-8f787f395c58" />
    <UnitTestResult executionId="b631565b-b054-42ec-a751-a55fa993b513" testId="17c552ec-c468-79bc-4dbe-6c7acc1e846d" testName="DeepSpaceSaga.Contracts.Tests.StationTradeSnapshotTests.AuthoritativeSnapshot_docked_station_trade_defaults_to_null" computerName="VITA-CASTLE" duration="00:00:00.0043869" startTime="2026-09-12T23:48:27.3039883+03:00" endTime="2026-09-12T23:48:27.3039883+03:00" testType="13cdc9d9-ddb5-4fa4-a97d-d965ccfc6d4b" outcome="Passed" testListId="8c84fa94-04c1-424b-9868-57a2d4851a1d" relativeResultsDirectory="b631565b-b054-42ec-a751-a55fa993b513" />
    <UnitTestResult executionId="e62e4099-283d-49ab-b1c6-169151688c3d" testId="4f4e9529-4733-3e3f-9432-5c04b4122c5b" testName="DeepSpaceSaga.Contracts.Tests.ArchitectureTests.ObjectMotionSnapshot_holds_coordinates" computerName="VITA-CASTLE" duration="00:00:00.0096960" startTime="2026-09-12T23:48:27.3340204+03:00" endTime="2026-09-12T23:48:27.3340204+03:00" testType="13cdc9d9-ddb5-4fa4-a97d-d965ccfc6d4b" outcome="Passed" testListId="8c84fa94-04c1-424b-9868-57a2d4851a1d" relativeResultsDirectory="e62e4099-283d-49ab-b1c6-169151688c3d" />
    <UnitTestResult executionId="ad0bb344-2844-4cd0-8710-0994d9f15bce" testId="d5ea920e-5740-6cbe-a52f-bd6f5193f3ce" testName="DeepSpaceSaga.Contracts.Tests.InstalledModuleSnapshotTests.Serialization_round_trip_preserves_default_null_fields_for_inactive_non_engine_module" computerName="VITA-CASTLE" duration="00:00:00.0002721" startTime="2026-09-12T23:48:27.3630636+03:00" endTime="2026-09-12T23:48:27.3630637+03:00" testType="13cdc9d9-ddb5-4fa4-a97d-d965ccfc6d4b" outcome="Passed" testListId="8c84fa94-04c1-424b-9868-57a2d4851a1d" relativeResultsDirectory="ad0bb344-2844-4cd0-8710-0994d9f15bce" />
    <UnitTestResult executionId="1c009423-7938-4c88-89fc-b06996d61cf7" testId="a91cc785-44f9-3ff4-ae59-2a294b197e45" testName="DeepSpaceSaga.Contracts.Tests.ShipEventTests.Snapshot_ship_events_are_immutable" computerName="VITA-CASTLE" duration="00:00:00.0043777" startTime="2026-09-12T23:48:27.3339870+03:00" endTime="2026-09-12T23:48:27.3339870+03:00" testType="13cdc9d9-ddb5-4fa4-a97d-d965ccfc6d4b" outcome="Passed" testListId="8c84fa94-04c1-424b-9868-57a2d4851a1d" relativeResultsDirectory="1c009423-7938-4c88-89fc-b06996d61cf7" />
    <UnitTestResult executionId="6be55218-1d04-46c6-afd6-e5d3d2788d5b" testId="fb8c6f9a-9167-31dc-122d-d745010c9331" testName="DeepSpaceSaga.Contracts.Tests.StationTradeSnapshotTests.AuthoritativeSnapshot_player_credits_defaults_to_zero" computerName="VITA-CASTLE" duration="00:00:00.0001420" startTime="2026-09-12T23:48:27.3639525+03:00" endTime="2026-09-12T23:48:27.3639526+03:00" testType="13cdc9d9-ddb5-4fa4-a97d-d965ccfc6d4b" outcome="Passed" testListId="8c84fa94-04c1-424b-9868-57a2d4851a1d" relativeResultsDirectory="6be55218-1d04-46c6-afd6-e5d3d2788d5b" />
    <UnitTestResult executionId="16024590-4d70-4275-8221-8e6000895d7f" testId="3d78e549-5ff1-a6b9-699e-c365a6dfa1ed" testName="DeepSpaceSaga.Contracts.Tests.CommandResultTests.CommandResultStatus_has_all_five_values" computerName="VITA-CASTLE" duration="00:00:00.0027635" startTime="2026-09-12T23:48:27.3611110+03:00" endTime="2026-09-12T23:48:27.3611113+03:00" testType="13cdc9d9-ddb5-4fa4-a97d-d965ccfc6d4b" outcome="Passed" testListId="8c84fa94-04c1-424b-9868-57a2d4851a1d" relativeResultsDirectory="16024590-4d70-4275-8221-8e6000895d7f" />
    <UnitTestResult executionId="75eaef6d-29a0-415f-af30-40baecb21f73" testId="4d57b362-dfde-646f-a7e9-6fd3032180c6" testName="DeepSpaceSaga.Contracts.Tests.SmokeTests.PlayerCommand_serialization_round_trip_preserves_null_target" computerName="VITA-CASTLE" duration="00:00:00.0015703" startTime="2026-09-12T23:48:27.3704791+03:00" endTime="2026-09-12T23:48:27.3704793+03:00" testType="13cdc9d9-ddb5-4fa4-a97d-d965ccfc6d4b" outcome="Passed" testListId="8c84fa94-04c1-424b-9868-57a2d4851a1d" relativeResultsDirectory="75eaef6d-29a0-415f-af30-40baecb21f73" />
    <UnitTestResult executionId="d56f0c4f-f98c-4d8d-8849-bbf365ca26a0" testId="17ca48b8-718d-3954-f533-87c97b622dc7" testName="DeepSpaceSaga.Contracts.Tests.CommandResultTests.Trade_CommandReasonCodes_are_snake_case" computerName="VITA-CASTLE" duration="00:00:00.0001246" startTime="2026-09-12T23:48:27.3661069+03:00" endTime="2026-09-12T23:48:27.3661069+03:00" testType="13cdc9d9-ddb5-4fa4-a97d-d965ccfc6d4b" outcome="Passed" testListId="8c84fa94-04c1-424b-9868-57a2d4851a1d" relativeResultsDirectory="d56f0c4f-f98c-4d8d-8849-bbf365ca26a0" />
    <UnitTestResult executionId="0659c893-b3b4-4044-917d-d3022050ab4c" testId="26258d51-d6f1-f089-2d56-f98cfddd1d46" testName="DeepSpaceSaga.Contracts.Tests.InstalledModuleSnapshotTests.Serialization_round_trip_preserves_cabines_count" computerName="VITA-CASTLE" duration="00:00:00.0016829" startTime="2026-09-12T23:48:27.3615762+03:00" endTime="2026-09-12T23:48:27.3615767+03:00" testType="13cdc9d9-ddb5-4fa4-a97d-d965ccfc6d4b" outcome="Passed" testListId="8c84fa94-04c1-424b-9868-57a2d4851a1d" relativeResultsDirectory="0659c893-b3b4-4044-917d-d3022050ab4c" />
    <UnitTestResult executionId="6cf9ad30-ef85-42b1-8ad9-4cb432e94ff0" testId="e7db911e-bac1-ab8c-9f29-3574dd4203c1" testName="DeepSpaceSaga.Contracts.Tests.SaveSlotInfoTests.SaveSlotInfo_is_instantiable" computerName="VITA-CASTLE" duration="00:00:00.0043270" startTime="2026-09-12T23:48:27.3015821+03:00" endTime="2026-09-12T23:48:27.3016077+03:00" testType="13cdc9d9-ddb5-4fa4-a97d-d965ccfc6d4b" outcome="Passed" testListId="8c84fa94-04c1-424b-9868-57a2d4851a1d" relativeResultsDirectory="6cf9ad30-ef85-42b1-8ad9-4cb432e94ff0" />
    <UnitTestResult executionId="9e138c6c-a5fe-406f-a548-121125047317" testId="a2e48fe1-163b-6cbc-c366-eecc0c55ab2b" testName="DeepSpaceSaga.Contracts.Tests.SmokeTests.ScannerCommandTypes_expose_stable_ids" computerName="VITA-CASTLE" duration="00:00:00.0000666" startTime="2026-09-12T23:48:27.3340740+03:00" endTime="2026-09-12T23:48:27.3340740+03:00" testType="13cdc9d9-ddb5-4fa4-a97d-d965ccfc6d4b" outcome="Passed" testListId="8c84fa94-04c1-424b-9868-57a2d4851a1d" relativeResultsDirectory="9e138c6c-a5fe-406f-a548-121125047317" />
    <UnitTestResult executionId="0e6d40f4-4c6a-42fe-9e15-0d3186e61c7e" testId="28de73a6-7346-09ba-6cd2-1475e82e8d18" testName="DeepSpaceSaga.Contracts.Tests.SmokeTests.PlayerCommand_serialization_round_trip_preserves_target_object_id" computerName="VITA-CASTLE" duration="00:00:00.0014183" startTime="2026-09-12T23:48:27.3723386+03:00" endTime="2026-09-12T23:48:27.3723387+03:00" testType="13cdc9d9-ddb5-4fa4-a97d-d965ccfc6d4b" outcome="Passed" testListId="8c84fa94-04c1-424b-9868-57a2d4851a1d" relativeResultsDirectory="0e6d40f4-4c6a-42fe-9e15-0d3186e61c7e" />
    <UnitTestResult executionId="20cfd8b1-2708-4403-9cdc-a2a13df5e837" testId="10de9f77-7f70-5dfc-1442-bd2846e80c10" testName="DeepSpaceSaga.Contracts.Tests.InstalledModuleSnapshotTests.Serialization_round_trip_preserves_available_capacity_kg" computerName="VITA-CASTLE" duration="00:00:00.0001509" startTime="2026-09-12T23:48:27.3635213+03:00" endTime="2026-09-12T23:48:27.3635214+03:00" testType="13cdc9d9-ddb5-4fa4-a97d-d965ccfc6d4b" outcome="Passed" testListId="8c84fa94-04c1-424b-9868-57a2d4851a1d" relativeResultsDirectory="20cfd8b1-2708-4403-9cdc-a2a13df5e837" />
    <UnitTestResult executionId="48d67b7f-06d3-4d44-b92f-07688d508610" testId="1265bc8a-b018-d0c2-0e97-82d9a7fab902" testName="DeepSpaceSaga.Contracts.Tests.StationTradeSnapshotTests.StationTradeSnapshot_items_default_to_default_or_empty" computerName="VITA-CASTLE" duration="00:00:00.0001510" startTime="2026-09-12T23:48:27.3338695+03:00" endTime="2026-09-12T23:48:27.3338695+03:00" testType="13cdc9d9-ddb5-4fa4-a97d-d965ccfc6d4b" outcome="Passed" testListId="8c84fa94-04c1-424b-9868-57a2d4851a1d" relativeResultsDirectory="48d67b7f-06d3-4d44-b92f-07688d508610" />
    <UnitTestResult executionId="518862e5-c476-4c71-b86c-a98dd38d615f" testId="4110cfc8-ce88-88c1-2c16-98f3a4224b8a" testName="DeepSpaceSaga.Contracts.Tests.SmokeTests.IGameSessionConnection_declares_SetObjectInteractionStateAsync" computerName="VITA-CASTLE" duration="00:00:00.0000486" startTime="2026-09-12T23:48:27.3688342+03:00" endTime="2026-09-12T23:48:27.3688343+03:00" testType="13cdc9d9-ddb5-4fa4-a97d-d965ccfc6d4b" outcome="Passed" testListId="8c84fa94-04c1-424b-9868-57a2d4851a1d" relativeResultsDirectory="518862e5-c476-4c71-b86c-a98dd38d615f" />
    <UnitTestResult executionId="3fe0bf5b-c692-4e10-9246-add84c3f1a99" testId="2cb1a1d4-6507-8180-7442-54c64ee880d1" testName="DeepSpaceSaga.Contracts.Tests.CommandResultTests.Empty_snapshot_round_trips_with_empty_command_results" computerName="VITA-CASTLE" duration="00:00:00.0244185" startTime="2026-09-12T23:48:27.3583613+03:00" endTime="2026-09-12T23:48:27.3583619+03:00" testType="13cdc9d9-ddb5-4fa4-a97d-d965ccfc6d4b" outcome="Passed" testListId="8c84fa94-04c1-424b-9868-57a2d4851a1d" relativeResultsDirectory="3fe0bf5b-c692-4e10-9246-add84c3f1a99" />
    <UnitTestResult executionId="e086d0b9-9065-4333-ae2f-1a7cc18d9706" testId="ed72ef14-5136-58ed-fc9b-638fa2c2d09a" testName="DeepSpaceSaga.Contracts.Tests.CommandResultTests.Four_argument_constructor_defaults_round_trip_via_json" computerName="VITA-CASTLE" duration="00:00:00.0003356" startTime="2026-09-12T23:48:27.3659020+03:00" endTime="2026-09-12T23:48:27.3659021+03:00" testType="13cdc9d9-ddb5-4fa4-a97d-d965ccfc6d4b" outcome="Passed" testListId="8c84fa94-04c1-424b-9868-57a2d4851a1d" relativeResultsDirectory="e086d0b9-9065-4333-ae2f-1a7cc18d9706" />
  </Results>
  <TestDefinitions>
    <UnitTest name="DeepSpaceSaga.Contracts.Tests.SmokeTests.PlayerCommand_serialization_round_trip_preserves_target_object_id" storage="d:\deepspacesaga\dss\tests\deepspacesaga.contracts.tests\bin\debug\net8.0\deepspacesaga.contracts.tests.dll" id="28de73a6-7346-09ba-6cd2-1475e82e8d18">
      <Execution id="0e6d40f4-4c6a-42fe-9e15-0d3186e61c7e" />
      <TestMethod codeBase="D:\DeepSpaceSaga\DSS\tests\DeepSpaceSaga.Contracts.Tests\bin\Debug\net8.0\DeepSpaceSaga.Contracts.Tests.dll" adapterTypeName="executor://xunit/VsTestRunner2/netcoreapp" className="DeepSpaceSaga.Contracts.Tests.SmokeTests" name="PlayerCommand_serialization_round_trip_preserves_target_object_id" />
    </UnitTest>
    <UnitTest name="DeepSpaceSaga.Contracts.Tests.InstalledModuleSnapshotTests.Serialization_round_trip_preserves_cabines_count" storage="d:\deepspacesaga\dss\tests\deepspacesaga.contracts.tests\bin\debug\net8.0\deepspacesaga.contracts.tests.dll" id="26258d51-d6f1-f089-2d56-f98cfddd1d46">
      <Execution id="0659c893-b3b4-4044-917d-d3022050ab4c" />
      <TestMethod codeBase="D:\DeepSpaceSaga\DSS\tests\DeepSpaceSaga.Contracts.Tests\bin\Debug\net8.0\DeepSpaceSaga.Contracts.Tests.dll" adapterTypeName="executor://xunit/VsTestRunner2/netcoreapp" className="DeepSpaceSaga.Contracts.Tests.InstalledModuleSnapshotTests" name="Serialization_round_trip_preserves_cabines_count" />
    </UnitTest>
    <UnitTest name="DeepSpaceSaga.Contracts.Tests.SmokeTests.IGameSessionConnection_declares_SetObjectInteractionStateAsync" storage="d:\deepspacesaga\dss\tests\deepspacesaga.contracts.tests\bin\debug\net8.0\deepspacesaga.contracts.tests.dll" id="4110cfc8-ce88-88c1-2c16-98f3a4224b8a">
      <Execution id="518862e5-c476-4c71-b86c-a98dd38d615f" />
      <TestMethod codeBase="D:\DeepSpaceSaga\DSS\tests\DeepSpaceSaga.Contracts.Tests\bin\Debug\net8.0\DeepSpaceSaga.Contracts.Tests.dll" adapterTypeName="executor://xunit/VsTestRunner2/netcoreapp" className="DeepSpaceSaga.Contracts.Tests.SmokeTests" name="IGameSessionConnection_declares_SetObjectInteractionStateAsync" />
    </UnitTest>
    <UnitTest name="DeepSpaceSaga.Contracts.Tests.InstalledModuleSnapshotTests.Cargo_round_trips_via_json_with_populated_stacks" storage="d:\deepspacesaga\dss\tests\deepspacesaga.contracts.tests\bin\debug\net8.0\deepspacesaga.contracts.tests.dll" id="f88d515a-ce59-288d-c4b2-7b11e291643a">
      <Execution id="4d021969-9566-46ad-a9df-5956f2582f1d" />
      <TestMethod codeBase="D:\DeepSpaceSaga\DSS\tests\DeepSpaceSaga.Contracts.Tests\bin\Debug\net8.0\DeepSpaceSaga.Contracts.Tests.dll" adapterTypeName="executor://xunit/VsTestRunner2/netcoreapp" className="DeepSpaceSaga.Contracts.Tests.InstalledModuleSnapshotTests" name="Cargo_round_trips_via_json_with_populated_stacks" />
    </UnitTest>
    <UnitTest name="DeepSpaceSaga.Contracts.Tests.SmokeTests.ShipEngineCommandTypes_expose_stable_ids" storage="d:\deepspacesaga\dss\tests\deepspacesaga.contracts.tests\bin\debug\net8.0\deepspacesaga.contracts.tests.dll" id="9ba9394f-130a-6bc4-7ce2-3d4fb65f45d4">
      <Execution id="af87d590-dbc8-4892-9a0c-9298d017e90e" />
      <TestMethod codeBase="D:\DeepSpaceSaga\DSS\tests\DeepSpaceSaga.Contracts.Tests\bin\Debug\net8.0\DeepSpaceSaga.Contracts.Tests.dll" adapterTypeName="executor://xunit/VsTestRunner2/netcoreapp" className="DeepSpaceSaga.Contracts.Tests.SmokeTests" name="ShipEngineCommandTypes_expose_stable_ids" />
    </UnitTest>
    <UnitTest name="DeepSpaceSaga.Contracts.Tests.SmokeTests.AuthoritativeSnapshot_serialization_round_trip_preserves_null_object_interaction_ids" storage="d:\deepspacesaga\dss\tests\deepspacesaga.contracts.tests\bin\debug\net8.0\deepspacesaga.contracts.tests.dll" id="e4ba1347-2799-877a-ff1f-6106c325c74f">
      <Execution id="97b00900-e726-4401-a06d-71eab4ea233d" />
      <TestMethod codeBase="D:\DeepSpaceSaga\DSS\tests\DeepSpaceSaga.Contracts.Tests\bin\Debug\net8.0\DeepSpaceSaga.Contracts.Tests.dll" adapterTypeName="executor://xunit/VsTestRunner2/netcoreapp" className="DeepSpaceSaga.Contracts.Tests.SmokeTests" name="AuthoritativeSnapshot_serialization_round_trip_preserves_null_object_interaction_ids" />
    </UnitTest>
    <UnitTest name="DeepSpaceSaga.Contracts.Tests.SmokeTests.AuthoritativeSnapshot_serialization_round_trip_preserves_object_interaction_ids" storage="d:\deepspacesaga\dss\tests\deepspacesaga.contracts.tests\bin\debug\net8.0\deepspacesaga.contracts.tests.dll" id="508ff65b-a839-1aba-673a-c5c656ee9ed3">
      <Execution id="4ad85a49-9a16-48b6-ac56-2ce80a269eb5" />
      <TestMethod codeBase="D:\DeepSpaceSaga\DSS\tests\DeepSpaceSaga.Contracts.Tests\bin\Debug\net8.0\DeepSpaceSaga.Contracts.Tests.dll" adapterTypeName="executor://xunit/VsTestRunner2/netcoreapp" className="DeepSpaceSaga.Contracts.Tests.SmokeTests" name="AuthoritativeSnapshot_serialization_round_trip_preserves_object_interaction_ids" />
    </UnitTest>
    <UnitTest name="DeepSpaceSaga.Contracts.Tests.StationTradeSnapshotTests.AuthoritativeSnapshot_docked_station_trade_round_trips_via_json" storage="d:\deepspacesaga\dss\tests\deepspacesaga.contracts.tests\bin\debug\net8.0\deepspacesaga.contracts.tests.dll" id="da948b2f-adc6-be32-e295-9af77042af4e">
      <Execution id="c6bdd42f-88a9-4e6c-8c81-7942b33f0334" />
      <TestMethod codeBase="D:\DeepSpaceSaga\DSS\tests\DeepSpaceSaga.Contracts.Tests\bin\Debug\net8.0\DeepSpaceSaga.Contracts.Tests.dll" adapterTypeName="executor://xunit/VsTestRunner2/netcoreapp" className="DeepSpaceSaga.Contracts.Tests.StationTradeSnapshotTests" name="AuthoritativeSnapshot_docked_station_trade_round_trips_via_json" />
    </UnitTest>
    <UnitTest name="DeepSpaceSaga.Contracts.Tests.StationTradeSnapshotTests.StationInventoryItemSnapshot_category_defaults_to_good_when_not_specified" storage="d:\deepspacesaga\dss\tests\deepspacesaga.contracts.tests\bin\debug\net8.0\deepspacesaga.contracts.tests.dll" id="0d117a46-b63c-3d3e-94a1-a5feb85f4404">
      <Execution id="4f14e896-a237-4088-9539-bfee81c16ff0" />
      <TestMethod codeBase="D:\DeepSpaceSaga\DSS\tests\DeepSpaceSaga.Contracts.Tests\bin\Debug\net8.0\DeepSpaceSaga.Contracts.Tests.dll" adapterTypeName="executor://xunit/VsTestRunner2/netcoreapp" className="DeepSpaceSaga.Contracts.Tests.StationTradeSnapshotTests" name="StationInventoryItemSnapshot_category_defaults_to_good_when_not_specified" />
    </UnitTest>
    <UnitTest name="DeepSpaceSaga.Contracts.Tests.CommandResultTests.CommandResultStatus_has_all_five_values" storage="d:\deepspacesaga\dss\tests\deepspacesaga.contracts.tests\bin\debug\net8.0\deepspacesaga.contracts.tests.dll" id="3d78e549-5ff1-a6b9-699e-c365a6dfa1ed">
      <Execution id="16024590-4d70-4275-8221-8e6000895d7f" />
      <TestMethod codeBase="D:\DeepSpaceSaga\DSS\tests\DeepSpaceSaga.Contracts.Tests\bin\Debug\net8.0\DeepSpaceSaga.Contracts.Tests.dll" adapterTypeName="executor://xunit/VsTestRunner2/netcoreapp" className="DeepSpaceSaga.Contracts.Tests.CommandResultTests" name="CommandResultStatus_has_all_five_values" />
    </UnitTest>
    <UnitTest name="DeepSpaceSaga.Contracts.Tests.SmokeTests.IGameSessionConnection_is_defined" storage="d:\deepspacesaga\dss\tests\deepspacesaga.contracts.tests\bin\debug\net8.0\deepspacesaga.contracts.tests.dll" id="fe7b1ec7-a654-ddb4-8b98-2f68dc621b4d">
      <Execution id="6d8244eb-6884-4d39-98c8-166ebbd96eca" />
      <TestMethod codeBase="D:\DeepSpaceSaga\DSS\tests\DeepSpaceSaga.Contracts.Tests\bin\Debug\net8.0\DeepSpaceSaga.Contracts.Tests.dll" adapterTypeName="executor://xunit/VsTestRunner2/netcoreapp" className="DeepSpaceSaga.Contracts.Tests.SmokeTests" name="IGameSessionConnection_is_defined" />
    </UnitTest>
    <UnitTest name="DeepSpaceSaga.Contracts.Tests.InstalledModuleSnapshotTests.Commands_metadata_defaults_to_none_target" storage="d:\deepspacesaga\dss\tests\deepspacesaga.contracts.tests\bin\debug\net8.0\deepspacesaga.contracts.tests.dll" id="f24dcf5a-54da-0122-0df5-e887a54bab9b">
      <Execution id="46c98437-5d56-49cf-b67d-4825d6725aff" />
      <TestMethod codeBase="D:\DeepSpaceSaga\DSS\tests\DeepSpaceSaga.Contracts.Tests\bin\Debug\net8.0\DeepSpaceSaga.Contracts.Tests.dll" adapterTypeName="executor://xunit/VsTestRunner2/netcoreapp" className="DeepSpaceSaga.Contracts.Tests.InstalledModuleSnapshotTests" name="Commands_metadata_defaults_to_none_target" />
    </UnitTest>
    <UnitTest name="DeepSpaceSaga.Contracts.Tests.StationTradeSnapshotTests.StationTradeSnapshot_items_default_to_default_or_empty" storage="d:\deepspacesaga\dss\tests\deepspacesaga.contracts.tests\bin\debug\net8.0\deepspacesaga.contracts.tests.dll" id="1265bc8a-b018-d0c2-0e97-82d9a7fab902">
      <Execution id="48d67b7f-06d3-4d44-b92f-07688d508610" />
      <TestMethod codeBase="D:\DeepSpaceSaga\DSS\tests\DeepSpaceSaga.Contracts.Tests\bin\Debug\net8.0\DeepSpaceSaga.Contracts.Tests.dll" adapterTypeName="executor://xunit/VsTestRunner2/netcoreapp" className="DeepSpaceSaga.Contracts.Tests.StationTradeSnapshotTests" name="StationTradeSnapshot_items_default_to_default_or_empty" />
    </UnitTest>
    <UnitTest name="DeepSpaceSaga.Contracts.Tests.SmokeTests.PlayerCommand_carries_explicit_target_object_id" storage="d:\deepspacesaga\dss\tests\deepspacesaga.contracts.tests\bin\debug\net8.0\deepspacesaga.contracts.tests.dll" id="1ecfe82c-534e-4673-62ca-027d30df951b">
      <Execution id="b9b0059b-7baf-4d1e-b4da-c9dcccd7d6de" />
      <TestMethod codeBase="D:\DeepSpaceSaga\DSS\tests\DeepSpaceSaga.Contracts.Tests\bin\Debug\net8.0\DeepSpaceSaga.Contracts.Tests.dll" adapterTypeName="executor://xunit/VsTestRunner2/netcoreapp" className="DeepSpaceSaga.Contracts.Tests.SmokeTests" name="PlayerCommand_carries_explicit_target_object_id" />
    </UnitTest>
    <UnitTest name="DeepSpaceSaga.Contracts.Tests.SmokeTests.PlayerCommand_serialization_round_trip_preserves_null_target" storage="d:\deepspacesaga\dss\tests\deepspacesaga.contracts.tests\bin\debug\net8.0\deepspacesaga.contracts.tests.dll" id="4d57b362-dfde-646f-a7e9-6fd3032180c6">
      <Execution id="75eaef6d-29a0-415f-af30-40baecb21f73" />
      <TestMethod codeBase="D:\DeepSpaceSaga\DSS\tests\DeepSpaceSaga.Contracts.Tests\bin\Debug\net8.0\DeepSpaceSaga.Contracts.Tests.dll" adapterTypeName="executor://xunit/VsTestRunner2/netcoreapp" className="DeepSpaceSaga.Contracts.Tests.SmokeTests" name="PlayerCommand_serialization_round_trip_preserves_null_target" />
    </UnitTest>
    <UnitTest name="DeepSpaceSaga.Contracts.Tests.StationTradeSnapshotTests.StationTradeSnapshot_round_trips_via_json" storage="d:\deepspacesaga\dss\tests\deepspacesaga.contracts.tests\bin\debug\net8.0\deepspacesaga.contracts.tests.dll" id="00bde8b4-1304-a645-d001-694ea6adc65c">
      <Execution id="2ac68992-319f-4da1-9618-7791e6d405c0" />
      <TestMethod codeBase="D:\DeepSpaceSaga\DSS\tests\DeepSpaceSaga.Contracts.Tests\bin\Debug\net8.0\DeepSpaceSaga.Contracts.Tests.dll" adapterTypeName="executor://xunit/VsTestRunner2/netcoreapp" className="DeepSpaceSaga.Contracts.Tests.StationTradeSnapshotTests" name="StationTradeSnapshot_round_trips_via_json" />
    </UnitTest>
    <UnitTest name="DeepSpaceSaga.Contracts.Tests.ShipEventTests.Empty_snapshot_round_trips_with_empty_ship_events" storage="d:\deepspacesaga\dss\tests\deepspacesaga.contracts.tests\bin\debug\net8.0\deepspacesaga.contracts.tests.dll" id="8b74889d-d5b7-eb10-c516-392e2d28a0f4">
      <Execution id="ead75e7f-7694-455a-9a00-f46119de3b13" />
      <TestMethod codeBase="D:\DeepSpaceSaga\DSS\tests\DeepSpaceSaga.Contracts.Tests\bin\Debug\net8.0\DeepSpaceSaga.Contracts.Tests.dll" adapterTypeName="executor://xunit/VsTestRunner2/netcoreapp" className="DeepSpaceSaga.Contracts.Tests.ShipEventTests" name="Empty_snapshot_round_trips_with_empty_ship_events" />
    </UnitTest>
    <UnitTest name="DeepSpaceSaga.Contracts.Tests.SmokeTests.ScannerCommandTypes_expose_stable_ids" storage="d:\deepspacesaga\dss\tests\deepspacesaga.contracts.tests\bin\debug\net8.0\deepspacesaga.contracts.tests.dll" id="a2e48fe1-163b-6cbc-c366-eecc0c55ab2b">
      <Execution id="9e138c6c-a5fe-406f-a548-121125047317" />
      <TestMethod codeBase="D:\DeepSpaceSaga\DSS\tests\DeepSpaceSaga.Contracts.Tests\bin\Debug\net8.0\DeepSpaceSaga.Contracts.Tests.dll" adapterTypeName="executor://xunit/VsTestRunner2/netcoreapp" className="DeepSpaceSaga.Contracts.Tests.SmokeTests" name="ScannerCommandTypes_expose_stable_ids" />
    </UnitTest>
    <UnitTest name="DeepSpaceSaga.Contracts.Tests.SmokeTests.AuthoritativeSnapshot_defaults_object_interaction_ids_to_null" storage="d:\deepspacesaga\dss\tests\deepspacesaga.contracts.tests\bin\debug\net8.0\deepspacesaga.contracts.tests.dll" id="2bda1aab-8022-1b41-f2a7-bf7509480329">
      <Execution id="a2df489f-eac9-436b-abde-8768de516d78" />
      <TestMethod codeBase="D:\DeepSpaceSaga\DSS\tests\DeepSpaceSaga.Contracts.Tests\bin\Debug\net8.0\DeepSpaceSaga.Contracts.Tests.dll" adapterTypeName="executor://xunit/VsTestRunner2/netcoreapp" className="DeepSpaceSaga.Contracts.Tests.SmokeTests" name="AuthoritativeSnapshot_defaults_object_interaction_ids_to_null" />
    </UnitTest>
    <UnitTest name="DeepSpaceSaga.Contracts.Tests.InstalledModuleSnapshotTests.Serialization_round_trip_preserves_default_null_fields_for_inactive_non_engine_module" storage="d:\deepspacesaga\dss\tests\deepspacesaga.contracts.tests\bin\debug\net8.0\deepspacesaga.contracts.tests.dll" id="d5ea920e-5740-6cbe-a52f-bd6f5193f3ce">
      <Execution id="ad0bb344-2844-4cd0-8710-0994d9f15bce" />
      <TestMethod codeBase="D:\DeepSpaceSaga\DSS\tests\DeepSpaceSaga.Contracts.Tests\bin\Debug\net8.0\DeepSpaceSaga.Contracts.Tests.dll" adapterTypeName="executor://xunit/VsTestRunner2/netcoreapp" className="DeepSpaceSaga.Contracts.Tests.InstalledModuleSnapshotTests" name="Serialization_round_trip_preserves_default_null_fields_for_inactive_non_engine_module" />
    </UnitTest>
    <UnitTest name="DeepSpaceSaga.Contracts.Tests.ShipEventTests.Snapshot_ship_events_are_immutable" storage="d:\deepspacesaga\dss\tests\deepspacesaga.contracts.tests\bin\debug\net8.0\deepspacesaga.contracts.tests.dll" id="a91cc785-44f9-3ff4-ae59-2a294b197e45">
      <Execution id="1c009423-7938-4c88-89fc-b06996d61cf7" />
      <TestMethod codeBase="D:\DeepSpaceSaga\DSS\tests\DeepSpaceSaga.Contracts.Tests\bin\Debug\net8.0\DeepSpaceSaga.Contracts.Tests.dll" adapterTypeName="executor://xunit/VsTestRunner2/netcoreapp" className="DeepSpaceSaga.Contracts.Tests.ShipEventTests" name="Snapshot_ship_events_are_immutable" />
    </UnitTest>
    <UnitTest name="DeepSpaceSaga.Contracts.Tests.CommandResultTests.CommandResult_executed_quantity_round_trips_via_json" storage="d:\deepspacesaga\dss\tests\deepspacesaga.contracts.tests\bin\debug\net8.0\deepspacesaga.contracts.tests.dll" id="9d4ea003-2a70-f253-dd68-89f2681c0e54">
      <Execution id="a77caa30-6a18-403f-a8e2-4c3888f64f4f" />
      <TestMethod codeBase="D:\DeepSpaceSaga\DSS\tests\DeepSpaceSaga.Contracts.Tests\bin\Debug\net8.0\DeepSpaceSaga.Contracts.Tests.dll" adapterTypeName="executor://xunit/VsTestRunner2/netcoreapp" className="DeepSpaceSaga.Contracts.Tests.CommandResultTests" name="CommandResult_executed_quantity_round_trips_via_json" />
    </UnitTest>
    <UnitTest name="DeepSpaceSaga.Contracts.Tests.SmokeTests.AuthoritativeSnapshot_is_instantiable" storage="d:\deepspacesaga\dss\tests\deepspacesaga.contracts.tests\bin\debug\net8.0\deepspacesaga.contracts.tests.dll" id="d121ae8f-2f78-3376-c890-5242f8a31d29">
      <Execution id="4fc6591b-7d5b-48eb-9298-4d246d060781" />
      <TestMethod codeBase="D:\DeepSpaceSaga\DSS\tests\DeepSpaceSaga.Contracts.Tests\bin\Debug\net8.0\DeepSpaceSaga.Contracts.Tests.dll" adapterTypeName="executor://xunit/VsTestRunner2/netcoreapp" className="DeepSpaceSaga.Contracts.Tests.SmokeTests" name="AuthoritativeSnapshot_is_instantiable" />
    </UnitTest>
    <UnitTest name="DeepSpaceSaga.Contracts.Tests.ShipEventTests.ShipEventTypes_are_snake_case" storage="d:\deepspacesaga\dss\tests\deepspacesaga.contracts.tests\bin\debug\net8.0\deepspacesaga.contracts.tests.dll" id="1b482788-d846-06c7-a23f-94d4c7b86a91">
      <Execution id="ccfb6372-35c7-40de-aff7-ca229d3adc8b" />
      <TestMethod codeBase="D:\DeepSpaceSaga\DSS\tests\DeepSpaceSaga.Contracts.Tests\bin\Debug\net8.0\DeepSpaceSaga.Contracts.Tests.dll" adapterTypeName="executor://xunit/VsTestRunner2/netcoreapp" className="DeepSpaceSaga.Contracts.Tests.ShipEventTests" name="ShipEventTypes_are_snake_case" />
    </UnitTest>
    <UnitTest name="DeepSpaceSaga.Contracts.Tests.InstalledModuleSnapshotTests.Serialization_round_trip_preserves_available_capacity_kg" storage="d:\deepspacesaga\dss\tests\deepspacesaga.contracts.tests\bin\debug\net8.0\deepspacesaga.contracts.tests.dll" id="10de9f77-7f70-5dfc-1442-bd2846e80c10">
      <Execution id="20cfd8b1-2708-4403-9cdc-a2a13df5e837" />
      <TestMethod codeBase="D:\DeepSpaceSaga\DSS\tests\DeepSpaceSaga.Contracts.Tests\bin\Debug\net8.0\DeepSpaceSaga.Contracts.Tests.dll" adapterTypeName="executor://xunit/VsTestRunner2/netcoreapp" className="DeepSpaceSaga.Contracts.Tests.InstalledModuleSnapshotTests" name="Serialization_round_trip_preserves_available_capacity_kg" />
    </UnitTest>
    <UnitTest name="DeepSpaceSaga.Contracts.Tests.CommandResultTests.CommandResult_executed_quantity_defaults_to_null" storage="d:\deepspacesaga\dss\tests\deepspacesaga.contracts.tests\bin\debug\net8.0\deepspacesaga.contracts.tests.dll" id="082caa5e-76d9-01ff-6364-5101a5c292c9">
      <Execution id="1a0d8386-f8f7-43d4-bc21-8cbf4d09e7f2" />
      <TestMethod codeBase="D:\DeepSpaceSaga\DSS\tests\DeepSpaceSaga.Contracts.Tests\bin\Debug\net8.0\DeepSpaceSaga.Contracts.Tests.dll" adapterTypeName="executor://xunit/VsTestRunner2/netcoreapp" className="DeepSpaceSaga.Contracts.Tests.CommandResultTests" name="CommandResult_executed_quantity_defaults_to_null" />
    </UnitTest>
    <UnitTest name="DeepSpaceSaga.Contracts.Tests.InstalledModuleSnapshotTests.Cargo_defaults_to_default_or_empty" storage="d:\deepspacesaga\dss\tests\deepspacesaga.contracts.tests\bin\debug\net8.0\deepspacesaga.contracts.tests.dll" id="3ee54da8-223f-b4a3-63b5-59fa57820734">
      <Execution id="2018b793-1507-40d8-8ffc-3af5dbeb1614" />
      <TestMethod codeBase="D:\DeepSpaceSaga\DSS\tests\DeepSpaceSaga.Contracts.Tests\bin\Debug\net8.0\DeepSpaceSaga.Contracts.Tests.dll" adapterTypeName="executor://xunit/VsTestRunner2/netcoreapp" className="DeepSpaceSaga.Contracts.Tests.InstalledModuleSnapshotTests" name="Cargo_defaults_to_default_or_empty" />
    </UnitTest>
    <UnitTest name="DeepSpaceSaga.Contracts.Tests.ArchitectureTests.Snapshot_sequence_is_incrementing" storage="d:\deepspacesaga\dss\tests\deepspacesaga.contracts.tests\bin\debug\net8.0\deepspacesaga.contracts.tests.dll" id="296b7923-b29e-0dee-ade9-18471f171cff">
      <Execution id="7560cc3e-5b75-4a7d-af63-0cc1c23bc8f6" />
      <TestMethod codeBase="D:\DeepSpaceSaga\DSS\tests\DeepSpaceSaga.Contracts.Tests\bin\Debug\net8.0\DeepSpaceSaga.Contracts.Tests.dll" adapterTypeName="executor://xunit/VsTestRunner2/netcoreapp" className="DeepSpaceSaga.Contracts.Tests.ArchitectureTests" name="Snapshot_sequence_is_incrementing" />
    </UnitTest>
    <UnitTest name="DeepSpaceSaga.Contracts.Tests.CommandResultTests.Four_argument_constructor_defaults_round_trip_via_json" storage="d:\deepspacesaga\dss\tests\deepspacesaga.contracts.tests\bin\debug\net8.0\deepspacesaga.contracts.tests.dll" id="ed72ef14-5136-58ed-fc9b-638fa2c2d09a">
      <Execution id="e086d0b9-9065-4333-ae2f-1a7cc18d9706" />
      <TestMethod codeBase="D:\DeepSpaceSaga\DSS\tests\DeepSpaceSaga.Contracts.Tests\bin\Debug\net8.0\DeepSpaceSaga.Contracts.Tests.dll" adapterTypeName="executor://xunit/VsTestRunner2/netcoreapp" className="DeepSpaceSaga.Contracts.Tests.CommandResultTests" name="Four_argument_constructor_defaults_round_trip_via_json" />
    </UnitTest>
    <UnitTest name="DeepSpaceSaga.Contracts.Tests.CommandResultTests.Snapshot_command_results_are_immutable" storage="d:\deepspacesaga\dss\tests\deepspacesaga.contracts.tests\bin\debug\net8.0\deepspacesaga.contracts.tests.dll" id="74631061-8d15-f17a-8e3d-4376cdb7e087">
      <Execution id="34b2867f-5a59-43ae-956d-0b862a1ecf91" />
      <TestMethod codeBase="D:\DeepSpaceSaga\DSS\tests\DeepSpaceSaga.Contracts.Tests\bin\Debug\net8.0\DeepSpaceSaga.Contracts.Tests.dll" adapterTypeName="executor://xunit/VsTestRunner2/netcoreapp" className="DeepSpaceSaga.Contracts.Tests.CommandResultTests" name="Snapshot_command_results_are_immutable" />
    </UnitTest>
    <UnitTest name="DeepSpaceSaga.Contracts.Tests.StationTradeSnapshotTests.AuthoritativeSnapshot_player_credits_round_trips_via_json_with_explicit_value" storage="d:\deepspacesaga\dss\tests\deepspacesaga.contracts.tests\bin\debug\net8.0\deepspacesaga.contracts.tests.dll" id="ecce8ad6-7f26-7bce-3e6b-e5c779159c5f">
      <Execution id="08a03a52-5424-45fb-bb52-0a27f175574a" />
      <TestMethod codeBase="D:\DeepSpaceSaga\DSS\tests\DeepSpaceSaga.Contracts.Tests\bin\Debug\net8.0\DeepSpaceSaga.Contracts.Tests.dll" adapterTypeName="executor://xunit/VsTestRunner2/netcoreapp" className="DeepSpaceSaga.Contracts.Tests.StationTradeSnapshotTests" name="AuthoritativeSnapshot_player_credits_round_trips_via_json_with_explicit_value" />
    </UnitTest>
    <UnitTest name="DeepSpaceSaga.Contracts.Tests.ShipEventTests.AuthoritativeSnapshot_round_trips_ship_events" storage="d:\deepspacesaga\dss\tests\deepspacesaga.contracts.tests\bin\debug\net8.0\deepspacesaga.contracts.tests.dll" id="ef267f50-28a8-516e-a186-9fcb3e0b64f0">
      <Execution id="fb8308db-c3cc-4592-8ea2-6b96bb16dd57" />
      <TestMethod codeBase="D:\DeepSpaceSaga\DSS\tests\DeepSpaceSaga.Contracts.Tests\bin\Debug\net8.0\DeepSpaceSaga.Contracts.Tests.dll" adapterTypeName="executor://xunit/VsTestRunner2/netcoreapp" className="DeepSpaceSaga.Contracts.Tests.ShipEventTests" name="AuthoritativeSnapshot_round_trips_ship_events" />
    </UnitTest>
    <UnitTest name="DeepSpaceSaga.Contracts.Tests.InstalledModuleSnapshotTests.Serialization_round_trip_preserves_populated_runtime_state_fields" storage="d:\deepspacesaga\dss\tests\deepspacesaga.contracts.tests\bin\debug\net8.0\deepspacesaga.contracts.tests.dll" id="6050ac42-16cd-4a4f-6272-786861a53926">
      <Execution id="2b538e3d-1eec-4db1-b45b-80569824ef47" />
      <TestMethod codeBase="D:\DeepSpaceSaga\DSS\tests\DeepSpaceSaga.Contracts.Tests\bin\Debug\net8.0\DeepSpaceSaga.Contracts.Tests.dll" adapterTypeName="executor://xunit/VsTestRunner2/netcoreapp" className="DeepSpaceSaga.Contracts.Tests.InstalledModuleSnapshotTests" name="Serialization_round_trip_preserves_populated_runtime_state_fields" />
    </UnitTest>
    <UnitTest name="DeepSpaceSaga.Contracts.Tests.StationTradeSnapshotTests.AuthoritativeSnapshot_player_credits_defaults_to_zero" storage="d:\deepspacesaga\dss\tests\deepspacesaga.contracts.tests\bin\debug\net8.0\deepspacesaga.contracts.tests.dll" id="fb8c6f9a-9167-31dc-122d-d745010c9331">
      <Execution id="6be55218-1d04-46c6-afd6-e5d3d2788d5b" />
      <TestMethod codeBase="D:\DeepSpaceSaga\DSS\tests\DeepSpaceSaga.Contracts.Tests\bin\Debug\net8.0\DeepSpaceSaga.Contracts.Tests.dll" adapterTypeName="executor://xunit/VsTestRunner2/netcoreapp" className="DeepSpaceSaga.Contracts.Tests.StationTradeSnapshotTests" name="AuthoritativeSnapshot_player_credits_defaults_to_zero" />
    </UnitTest>
    <UnitTest name="DeepSpaceSaga.Contracts.Tests.SaveSlotInfoTests.SaveSlotInfo_is_instantiable" storage="d:\deepspacesaga\dss\tests\deepspacesaga.contracts.tests\bin\debug\net8.0\deepspacesaga.contracts.tests.dll" id="e7db911e-bac1-ab8c-9f29-3574dd4203c1">
      <Execution id="6cf9ad30-ef85-42b1-8ad9-4cb432e94ff0" />
      <TestMethod codeBase="D:\DeepSpaceSaga\DSS\tests\DeepSpaceSaga.Contracts.Tests\bin\Debug\net8.0\DeepSpaceSaga.Contracts.Tests.dll" adapterTypeName="executor://xunit/VsTestRunner2/netcoreapp" className="DeepSpaceSaga.Contracts.Tests.SaveSlotInfoTests" name="SaveSlotInfo_is_instantiable" />
    </UnitTest>
    <UnitTest name="DeepSpaceSaga.Contracts.Tests.CommandResultTests.Empty_snapshot_round_trips_with_empty_command_results" storage="d:\deepspacesaga\dss\tests\deepspacesaga.contracts.tests\bin\debug\net8.0\deepspacesaga.contracts.tests.dll" id="2cb1a1d4-6507-8180-7442-54c64ee880d1">
      <Execution id="3fe0bf5b-c692-4e10-9246-add84c3f1a99" />
      <TestMethod codeBase="D:\DeepSpaceSaga\DSS\tests\DeepSpaceSaga.Contracts.Tests\bin\Debug\net8.0\DeepSpaceSaga.Contracts.Tests.dll" adapterTypeName="executor://xunit/VsTestRunner2/netcoreapp" className="DeepSpaceSaga.Contracts.Tests.CommandResultTests" name="Empty_snapshot_round_trips_with_empty_command_results" />
    </UnitTest>
    <UnitTest name="DeepSpaceSaga.Contracts.Tests.ShipEventTests.ShipEventReasonCodes_are_snake_case" storage="d:\deepspacesaga\dss\tests\deepspacesaga.contracts.tests\bin\debug\net8.0\deepspacesaga.contracts.tests.dll" id="ce6bd4cc-7ce0-224b-15ba-17c70e1d1741">
      <Execution id="bb018fd7-ecb9-4847-a4c0-27b864881eb2" />
      <TestMethod codeBase="D:\DeepSpaceSaga\DSS\tests\DeepSpaceSaga.Contracts.Tests\bin\Debug\net8.0\DeepSpaceSaga.Contracts.Tests.dll" adapterTypeName="executor://xunit/VsTestRunner2/netcoreapp" className="DeepSpaceSaga.Contracts.Tests.ShipEventTests" name="ShipEventReasonCodes_are_snake_case" />
    </UnitTest>
    <UnitTest name="DeepSpaceSaga.Contracts.Tests.InstalledModuleSnapshotTests.Serialization_round_trip_preserves_commands_metadata" storage="d:\deepspacesaga\dss\tests\deepspacesaga.contracts.tests\bin\debug\net8.0\deepspacesaga.contracts.tests.dll" id="72c040f0-696f-3b2e-6ef3-d0e18ee2c58a">
      <Execution id="af3f4a31-417a-4177-b1b1-51fb6d2c2456" />
      <TestMethod codeBase="D:\DeepSpaceSaga\DSS\tests\DeepSpaceSaga.Contracts.Tests\bin\Debug\net8.0\DeepSpaceSaga.Contracts.Tests.dll" adapterTypeName="executor://xunit/VsTestRunner2/netcoreapp" className="DeepSpaceSaga.Contracts.Tests.InstalledModuleSnapshotTests" name="Serialization_round_trip_preserves_commands_metadata" />
    </UnitTest>
    <UnitTest name="DeepSpaceSaga.Contracts.Tests.SmokeTests.PlayerCommand_is_instantiable" storage="d:\deepspacesaga\dss\tests\deepspacesaga.contracts.tests\bin\debug\net8.0\deepspacesaga.contracts.tests.dll" id="8002dda2-d102-6b3c-5893-db51bf10b4f2">
      <Execution id="d40c0312-48f2-4832-8c10-41f6929bb96a" />
      <TestMethod codeBase="D:\DeepSpaceSaga\DSS\tests\DeepSpaceSaga.Contracts.Tests\bin\Debug\net8.0\DeepSpaceSaga.Contracts.Tests.dll" adapterTypeName="executor://xunit/VsTestRunner2/netcoreapp" className="DeepSpaceSaga.Contracts.Tests.SmokeTests" name="PlayerCommand_is_instantiable" />
    </UnitTest>
    <UnitTest name="DeepSpaceSaga.Contracts.Tests.StationTradeSnapshotTests.AuthoritativeSnapshot_docked_station_trade_defaults_to_null" storage="d:\deepspacesaga\dss\tests\deepspacesaga.contracts.tests\bin\debug\net8.0\deepspacesaga.contracts.tests.dll" id="17c552ec-c468-79bc-4dbe-6c7acc1e846d">
      <Execution id="b631565b-b054-42ec-a751-a55fa993b513" />
      <TestMethod codeBase="D:\DeepSpaceSaga\DSS\tests\DeepSpaceSaga.Contracts.Tests\bin\Debug\net8.0\DeepSpaceSaga.Contracts.Tests.dll" adapterTypeName="executor://xunit/VsTestRunner2/netcoreapp" className="DeepSpaceSaga.Contracts.Tests.StationTradeSnapshotTests" name="AuthoritativeSnapshot_docked_station_trade_defaults_to_null" />
    </UnitTest>
    <UnitTest name="DeepSpaceSaga.Contracts.Tests.CommandResultTests.CommandReasonCodes_are_snake_case" storage="d:\deepspacesaga\dss\tests\deepspacesaga.contracts.tests\bin\debug\net8.0\deepspacesaga.contracts.tests.dll" id="0a25ab9d-dc2d-719e-9f12-5950cb10f5d1">
      <Execution id="e9030585-96a7-404a-a6a2-7405668e31aa" />
      <TestMethod codeBase="D:\DeepSpaceSaga\DSS\tests\DeepSpaceSaga.Contracts.Tests\bin\Debug\net8.0\DeepSpaceSaga.Contracts.Tests.dll" adapterTypeName="executor://xunit/VsTestRunner2/netcoreapp" className="DeepSpaceSaga.Contracts.Tests.CommandResultTests" name="CommandReasonCodes_are_snake_case" />
    </UnitTest>
    <UnitTest name="DeepSpaceSaga.Contracts.Tests.DialogueContractTests.Dialogue_snapshot_and_commands_round_trip_through_json" storage="d:\deepspacesaga\dss\tests\deepspacesaga.contracts.tests\bin\debug\net8.0\deepspacesaga.contracts.tests.dll" id="eb6c2041-41b2-6fd5-abc7-93dee92c6463">
      <Execution id="05234727-80fc-4250-b067-b40efe9f5942" />
      <TestMethod codeBase="D:\DeepSpaceSaga\DSS\tests\DeepSpaceSaga.Contracts.Tests\bin\Debug\net8.0\DeepSpaceSaga.Contracts.Tests.dll" adapterTypeName="executor://xunit/VsTestRunner2/netcoreapp" className="DeepSpaceSaga.Contracts.Tests.DialogueContractTests" name="Dialogue_snapshot_and_commands_round_trip_through_json" />
    </UnitTest>
    <UnitTest name="DeepSpaceSaga.Contracts.Tests.CommandResultTests.CommandResult_is_instantiable" storage="d:\deepspacesaga\dss\tests\deepspacesaga.contracts.tests\bin\debug\net8.0\deepspacesaga.contracts.tests.dll" id="702fa0ac-dfc8-7e14-bf6c-fbf6fd9b858a">
      <Execution id="8df533b4-f5c3-4777-a98f-0fa3a95c0351" />
      <TestMethod codeBase="D:\DeepSpaceSaga\DSS\tests\DeepSpaceSaga.Contracts.Tests\bin\Debug\net8.0\DeepSpaceSaga.Contracts.Tests.dll" adapterTypeName="executor://xunit/VsTestRunner2/netcoreapp" className="DeepSpaceSaga.Contracts.Tests.CommandResultTests" name="CommandResult_is_instantiable" />
    </UnitTest>
    <UnitTest name="DeepSpaceSaga.Contracts.Tests.CommandResultTests.AuthoritativeSnapshot_round_trips_command_results" storage="d:\deepspacesaga\dss\tests\deepspacesaga.contracts.tests\bin\debug\net8.0\deepspacesaga.contracts.tests.dll" id="00753e97-9011-c330-024d-fe9ee5720522">
      <Execution id="40e47e6f-97f0-4df4-b56e-d32125c6576f" />
      <TestMethod codeBase="D:\DeepSpaceSaga\DSS\tests\DeepSpaceSaga.Contracts.Tests\bin\Debug\net8.0\DeepSpaceSaga.Contracts.Tests.dll" adapterTypeName="executor://xunit/VsTestRunner2/netcoreapp" className="DeepSpaceSaga.Contracts.Tests.CommandResultTests" name="AuthoritativeSnapshot_round_trips_command_results" />
    </UnitTest>
    <UnitTest name="DeepSpaceSaga.Contracts.Tests.ShipEventTests.ShipEvent_is_instantiable" storage="d:\deepspacesaga\dss\tests\deepspacesaga.contracts.tests\bin\debug\net8.0\deepspacesaga.contracts.tests.dll" id="a2cd1832-20a8-737f-74bd-910756a09686">
      <Execution id="75c22c1d-ba7d-4a0b-811d-8f787f395c58" />
      <TestMethod codeBase="D:\DeepSpaceSaga\DSS\tests\DeepSpaceSaga.Contracts.Tests\bin\Debug\net8.0\DeepSpaceSaga.Contracts.Tests.dll" adapterTypeName="executor://xunit/VsTestRunner2/netcoreapp" className="DeepSpaceSaga.Contracts.Tests.ShipEventTests" name="ShipEvent_is_instantiable" />
    </UnitTest>
    <UnitTest name="DeepSpaceSaga.Contracts.Tests.SaveSlotInfoTests.SaveSlotInfo_round_trips_via_json" storage="d:\deepspacesaga\dss\tests\deepspacesaga.contracts.tests\bin\debug\net8.0\deepspacesaga.contracts.tests.dll" id="22ccbc31-1c8b-4a3f-ea76-86afde23d0a3">
      <Execution id="f6fa618e-2c34-4be2-914e-9c0fffeef558" />
      <TestMethod codeBase="D:\DeepSpaceSaga\DSS\tests\DeepSpaceSaga.Contracts.Tests\bin\Debug\net8.0\DeepSpaceSaga.Contracts.Tests.dll" adapterTypeName="executor://xunit/VsTestRunner2/netcoreapp" className="DeepSpaceSaga.Contracts.Tests.SaveSlotInfoTests" name="SaveSlotInfo_round_trips_via_json" />
    </UnitTest>
    <UnitTest name="DeepSpaceSaga.Contracts.Tests.ArchitectureTests.ObjectMotionSnapshot_holds_coordinates" storage="d:\deepspacesaga\dss\tests\deepspacesaga.contracts.tests\bin\debug\net8.0\deepspacesaga.contracts.tests.dll" id="4f4e9529-4733-3e3f-9432-5c04b4122c5b">
      <Execution id="e62e4099-283d-49ab-b1c6-169151688c3d" />
      <TestMethod codeBase="D:\DeepSpaceSaga\DSS\tests\DeepSpaceSaga.Contracts.Tests\bin\Debug\net8.0\DeepSpaceSaga.Contracts.Tests.dll" adapterTypeName="executor://xunit/VsTestRunner2/netcoreapp" className="DeepSpaceSaga.Contracts.Tests.ArchitectureTests" name="ObjectMotionSnapshot_holds_coordinates" />
    </UnitTest>
    <UnitTest name="DeepSpaceSaga.Contracts.Tests.CommandResultTests.Trade_CommandReasonCodes_are_snake_case" storage="d:\deepspacesaga\dss\tests\deepspacesaga.contracts.tests\bin\debug\net8.0\deepspacesaga.contracts.tests.dll" id="17ca48b8-718d-3954-f533-87c97b622dc7">
      <Execution id="d56f0c4f-f98c-4d8d-8849-bbf365ca26a0" />
      <TestMethod codeBase="D:\DeepSpaceSaga\DSS\tests\DeepSpaceSaga.Contracts.Tests\bin\Debug\net8.0\DeepSpaceSaga.Contracts.Tests.dll" adapterTypeName="executor://xunit/VsTestRunner2/netcoreapp" className="DeepSpaceSaga.Contracts.Tests.CommandResultTests" name="Trade_CommandReasonCodes_are_snake_case" />
    </UnitTest>
  </TestDefinitions>
  <TestEntries>
    <TestEntry testId="00bde8b4-1304-a645-d001-694ea6adc65c" executionId="2ac68992-319f-4da1-9618-7791e6d405c0" testListId="8c84fa94-04c1-424b-9868-57a2d4851a1d" />
    <TestEntry testId="da948b2f-adc6-be32-e295-9af77042af4e" executionId="c6bdd42f-88a9-4e6c-8c81-7942b33f0334" testListId="8c84fa94-04c1-424b-9868-57a2d4851a1d" />
    <TestEntry testId="74631061-8d15-f17a-8e3d-4376cdb7e087" executionId="34b2867f-5a59-43ae-956d-0b862a1ecf91" testListId="8c84fa94-04c1-424b-9868-57a2d4851a1d" />
    <TestEntry testId="082caa5e-76d9-01ff-6364-5101a5c292c9" executionId="1a0d8386-f8f7-43d4-bc21-8cbf4d09e7f2" testListId="8c84fa94-04c1-424b-9868-57a2d4851a1d" />
    <TestEntry testId="72c040f0-696f-3b2e-6ef3-d0e18ee2c58a" executionId="af3f4a31-417a-4177-b1b1-51fb6d2c2456" testListId="8c84fa94-04c1-424b-9868-57a2d4851a1d" />
    <TestEntry testId="0d117a46-b63c-3d3e-94a1-a5feb85f4404" executionId="4f14e896-a237-4088-9539-bfee81c16ff0" testListId="8c84fa94-04c1-424b-9868-57a2d4851a1d" />
    <TestEntry testId="eb6c2041-41b2-6fd5-abc7-93dee92c6463" executionId="05234727-80fc-4250-b067-b40efe9f5942" testListId="8c84fa94-04c1-424b-9868-57a2d4851a1d" />
    <TestEntry testId="296b7923-b29e-0dee-ade9-18471f171cff" executionId="7560cc3e-5b75-4a7d-af63-0cc1c23bc8f6" testListId="8c84fa94-04c1-424b-9868-57a2d4851a1d" />
    <TestEntry testId="9ba9394f-130a-6bc4-7ce2-3d4fb65f45d4" executionId="af87d590-dbc8-4892-9a0c-9298d017e90e" testListId="8c84fa94-04c1-424b-9868-57a2d4851a1d" />
    <TestEntry testId="22ccbc31-1c8b-4a3f-ea76-86afde23d0a3" executionId="f6fa618e-2c34-4be2-914e-9c0fffeef558" testListId="8c84fa94-04c1-424b-9868-57a2d4851a1d" />
    <TestEntry testId="ecce8ad6-7f26-7bce-3e6b-e5c779159c5f" executionId="08a03a52-5424-45fb-bb52-0a27f175574a" testListId="8c84fa94-04c1-424b-9868-57a2d4851a1d" />
    <TestEntry testId="8002dda2-d102-6b3c-5893-db51bf10b4f2" executionId="d40c0312-48f2-4832-8c10-41f6929bb96a" testListId="8c84fa94-04c1-424b-9868-57a2d4851a1d" />
    <TestEntry testId="702fa0ac-dfc8-7e14-bf6c-fbf6fd9b858a" executionId="8df533b4-f5c3-4777-a98f-0fa3a95c0351" testListId="8c84fa94-04c1-424b-9868-57a2d4851a1d" />
    <TestEntry testId="f24dcf5a-54da-0122-0df5-e887a54bab9b" executionId="46c98437-5d56-49cf-b67d-4825d6725aff" testListId="8c84fa94-04c1-424b-9868-57a2d4851a1d" />
    <TestEntry testId="1ecfe82c-534e-4673-62ca-027d30df951b" executionId="b9b0059b-7baf-4d1e-b4da-c9dcccd7d6de" testListId="8c84fa94-04c1-424b-9868-57a2d4851a1d" />
    <TestEntry testId="6050ac42-16cd-4a4f-6272-786861a53926" executionId="2b538e3d-1eec-4db1-b45b-80569824ef47" testListId="8c84fa94-04c1-424b-9868-57a2d4851a1d" />
    <TestEntry testId="fe7b1ec7-a654-ddb4-8b98-2f68dc621b4d" executionId="6d8244eb-6884-4d39-98c8-166ebbd96eca" testListId="8c84fa94-04c1-424b-9868-57a2d4851a1d" />
    <TestEntry testId="00753e97-9011-c330-024d-fe9ee5720522" executionId="40e47e6f-97f0-4df4-b56e-d32125c6576f" testListId="8c84fa94-04c1-424b-9868-57a2d4851a1d" />
    <TestEntry testId="1b482788-d846-06c7-a23f-94d4c7b86a91" executionId="ccfb6372-35c7-40de-aff7-ca229d3adc8b" testListId="8c84fa94-04c1-424b-9868-57a2d4851a1d" />
    <TestEntry testId="9d4ea003-2a70-f253-dd68-89f2681c0e54" executionId="a77caa30-6a18-403f-a8e2-4c3888f64f4f" testListId="8c84fa94-04c1-424b-9868-57a2d4851a1d" />
    <TestEntry testId="e4ba1347-2799-877a-ff1f-6106c325c74f" executionId="97b00900-e726-4401-a06d-71eab4ea233d" testListId="8c84fa94-04c1-424b-9868-57a2d4851a1d" />
    <TestEntry testId="508ff65b-a839-1aba-673a-c5c656ee9ed3" executionId="4ad85a49-9a16-48b6-ac56-2ce80a269eb5" testListId="8c84fa94-04c1-424b-9868-57a2d4851a1d" />
    <TestEntry testId="8b74889d-d5b7-eb10-c516-392e2d28a0f4" executionId="ead75e7f-7694-455a-9a00-f46119de3b13" testListId="8c84fa94-04c1-424b-9868-57a2d4851a1d" />
    <TestEntry testId="3ee54da8-223f-b4a3-63b5-59fa57820734" executionId="2018b793-1507-40d8-8ffc-3af5dbeb1614" testListId="8c84fa94-04c1-424b-9868-57a2d4851a1d" />
    <TestEntry testId="ef267f50-28a8-516e-a186-9fcb3e0b64f0" executionId="fb8308db-c3cc-4592-8ea2-6b96bb16dd57" testListId="8c84fa94-04c1-424b-9868-57a2d4851a1d" />
    <TestEntry testId="2bda1aab-8022-1b41-f2a7-bf7509480329" executionId="a2df489f-eac9-436b-abde-8768de516d78" testListId="8c84fa94-04c1-424b-9868-57a2d4851a1d" />
    <TestEntry testId="d121ae8f-2f78-3376-c890-5242f8a31d29" executionId="4fc6591b-7d5b-48eb-9298-4d246d060781" testListId="8c84fa94-04c1-424b-9868-57a2d4851a1d" />
    <TestEntry testId="f88d515a-ce59-288d-c4b2-7b11e291643a" executionId="4d021969-9566-46ad-a9df-5956f2582f1d" testListId="8c84fa94-04c1-424b-9868-57a2d4851a1d" />
    <TestEntry testId="ce6bd4cc-7ce0-224b-15ba-17c70e1d1741" executionId="bb018fd7-ecb9-4847-a4c0-27b864881eb2" testListId="8c84fa94-04c1-424b-9868-57a2d4851a1d" />
    <TestEntry testId="0a25ab9d-dc2d-719e-9f12-5950cb10f5d1" executionId="e9030585-96a7-404a-a6a2-7405668e31aa" testListId="8c84fa94-04c1-424b-9868-57a2d4851a1d" />
    <TestEntry testId="a2cd1832-20a8-737f-74bd-910756a09686" executionId="75c22c1d-ba7d-4a0b-811d-8f787f395c58" testListId="8c84fa94-04c1-424b-9868-57a2d4851a1d" />
    <TestEntry testId="17c552ec-c468-79bc-4dbe-6c7acc1e846d" executionId="b631565b-b054-42ec-a751-a55fa993b513" testListId="8c84fa94-04c1-424b-9868-57a2d4851a1d" />
    <TestEntry testId="4f4e9529-4733-3e3f-9432-5c04b4122c5b" executionId="e62e4099-283d-49ab-b1c6-169151688c3d" testListId="8c84fa94-04c1-424b-9868-57a2d4851a1d" />
    <TestEntry testId="d5ea920e-5740-6cbe-a52f-bd6f5193f3ce" executionId="ad0bb344-2844-4cd0-8710-0994d9f15bce" testListId="8c84fa94-04c1-424b-9868-57a2d4851a1d" />
    <TestEntry testId="a91cc785-44f9-3ff4-ae59-2a294b197e45" executionId="1c009423-7938-4c88-89fc-b06996d61cf7" testListId="8c84fa94-04c1-424b-9868-57a2d4851a1d" />
    <TestEntry testId="fb8c6f9a-9167-31dc-122d-d745010c9331" executionId="6be55218-1d04-46c6-afd6-e5d3d2788d5b" testListId="8c84fa94-04c1-424b-9868-57a2d4851a1d" />
    <TestEntry testId="3d78e549-5ff1-a6b9-699e-c365a6dfa1ed" executionId="16024590-4d70-4275-8221-8e6000895d7f" testListId="8c84fa94-04c1-424b-9868-57a2d4851a1d" />
    <TestEntry testId="4d57b362-dfde-646f-a7e9-6fd3032180c6" executionId="75eaef6d-29a0-415f-af30-40baecb21f73" testListId="8c84fa94-04c1-424b-9868-57a2d4851a1d" />
    <TestEntry testId="17ca48b8-718d-3954-f533-87c97b622dc7" executionId="d56f0c4f-f98c-4d8d-8849-bbf365ca26a0" testListId="8c84fa94-04c1-424b-9868-57a2d4851a1d" />
    <TestEntry testId="26258d51-d6f1-f089-2d56-f98cfddd1d46" executionId="0659c893-b3b4-4044-917d-d3022050ab4c" testListId="8c84fa94-04c1-424b-9868-57a2d4851a1d" />
    <TestEntry testId="e7db911e-bac1-ab8c-9f29-3574dd4203c1" executionId="6cf9ad30-ef85-42b1-8ad9-4cb432e94ff0" testListId="8c84fa94-04c1-424b-9868-57a2d4851a1d" />
    <TestEntry testId="a2e48fe1-163b-6cbc-c366-eecc0c55ab2b" executionId="9e138c6c-a5fe-406f-a548-121125047317" testListId="8c84fa94-04c1-424b-9868-57a2d4851a1d" />
    <TestEntry testId="28de73a6-7346-09ba-6cd2-1475e82e8d18" executionId="0e6d40f4-4c6a-42fe-9e15-0d3186e61c7e" testListId="8c84fa94-04c1-424b-9868-57a2d4851a1d" />
    <TestEntry testId="10de9f77-7f70-5dfc-1442-bd2846e80c10" executionId="20cfd8b1-2708-4403-9cdc-a2a13df5e837" testListId="8c84fa94-04c1-424b-9868-57a2d4851a1d" />
    <TestEntry testId="1265bc8a-b018-d0c2-0e97-82d9a7fab902" executionId="48d67b7f-06d3-4d44-b92f-07688d508610" testListId="8c84fa94-04c1-424b-9868-57a2d4851a1d" />
    <TestEntry testId="4110cfc8-ce88-88c1-2c16-98f3a4224b8a" executionId="518862e5-c476-4c71-b86c-a98dd38d615f" testListId="8c84fa94-04c1-424b-9868-57a2d4851a1d" />
    <TestEntry testId="2cb1a1d4-6507-8180-7442-54c64ee880d1" executionId="3fe0bf5b-c692-4e10-9246-add84c3f1a99" testListId="8c84fa94-04c1-424b-9868-57a2d4851a1d" />
    <TestEntry testId="ed72ef14-5136-58ed-fc9b-638fa2c2d09a" executionId="e086d0b9-9065-4333-ae2f-1a7cc18d9706" testListId="8c84fa94-04c1-424b-9868-57a2d4851a1d" />
  </TestEntries>
  <TestLists>
    <TestList name="Results Not in a List" id="8c84fa94-04c1-424b-9868-57a2d4851a1d" />
    <TestList name="All Loaded Results" id="19431567-8539-422a-85d7-44ee4e166bda" />
  </TestLists>
  <ResultSummary outcome="Completed">
    <Counters total="48" executed="48" passed="48" failed="0" error="0" timeout="0" aborted="0" inconclusive="0" passedButRunAborted="0" notRunnable="0" notExecuted="0" disconnected="0" warning="0" completed="0" inProgress="0" pending="0" />
    <Output>
      <StdOut>[xUnit.net 00:00:00.00] xUnit.net VSTest Adapter v2.8.2+699d445a1a (64-bit .NET 8.0.26)&#xD;
[xUnit.net 00:00:00.07]   Discovering: DeepSpaceSaga.Contracts.Tests&#xD;
[xUnit.net 00:00:00.11]   Discovered:  DeepSpaceSaga.Contracts.Tests&#xD;
[xUnit.net 00:00:00.11]   Starting:    DeepSpaceSaga.Contracts.Tests&#xD;
[xUnit.net 00:00:00.24]   Finished:    DeepSpaceSaga.Contracts.Tests&#xD;
</StdOut>
    </Output>
  </ResultSummary>
</TestRun>