<?xml version="1.0" encoding="utf-8"?>
<TestRun id="3e50f9e1-28d4-4a2f-8aa4-f19c7b3099c4" name="sushi@VITA-CASTLE 2026-09-12 20:26:34" runUser="VITA-CASTLE\CodexSandboxOffline" xmlns="http://microsoft.com/schemas/VisualStudio/TeamTest/2010">
  <Times creation="2026-09-12T20:26:34.0102974+03:00" queuing="2026-09-12T20:26:34.0102979+03:00" start="2026-09-12T20:26:32.4358563+03:00" finish="2026-09-12T20:26:34.1137684+03:00" />
  <TestSettings name="default" id="a706eb0a-c5a0-436b-bfe4-c06ac4cca9f6">
    <Deployment runDeploymentRoot="sushi_VITA-CASTLE_2026-09-12_20_26_34" />
  </TestSettings>
  <Results>
    <UnitTestResult executionId="d1201759-71a1-4ad7-a11d-8525d885ad97" testId="eb6c2041-41b2-6fd5-abc7-93dee92c6463" testName="DeepSpaceSaga.Contracts.Tests.DialogueContractTests.Dialogue_snapshot_and_commands_round_trip_through_json" computerName="VITA-CASTLE" duration="00:00:00.0815910" startTime="2026-09-12T20:26:34.0550176+03:00" endTime="2026-09-12T20:26:34.0550181+03:00" testType="13cdc9d9-ddb5-4fa4-a97d-d965ccfc6d4b" outcome="Passed" testListId="8c84fa94-04c1-424b-9868-57a2d4851a1d" relativeResultsDirectory="d1201759-71a1-4ad7-a11d-8525d885ad97" />
    <UnitTestResult executionId="cb8c5e8f-2dff-4aff-9de6-56a661024207" testId="28de73a6-7346-09ba-6cd2-1475e82e8d18" testName="DeepSpaceSaga.Contracts.Tests.SmokeTests.PlayerCommand_serialization_round_trip_preserves_target_object_id" computerName="VITA-CASTLE" duration="00:00:00.0038339" startTime="2026-09-12T20:26:34.0451299+03:00" endTime="2026-09-12T20:26:34.0451303+03:00" testType="13cdc9d9-ddb5-4fa4-a97d-d965ccfc6d4b" outcome="Passed" testListId="8c84fa94-04c1-424b-9868-57a2d4851a1d" relativeResultsDirectory="cb8c5e8f-2dff-4aff-9de6-56a661024207" />
    <UnitTestResult executionId="4736877c-8023-4e91-bd41-74e019e1cbaa" testId="1ecfe82c-534e-4673-62ca-027d30df951b" testName="DeepSpaceSaga.Contracts.Tests.SmokeTests.PlayerCommand_carries_explicit_target_object_id" computerName="VITA-CASTLE" duration="00:00:00.0004106" startTime="2026-09-12T20:26:34.0324997+03:00" endTime="2026-09-12T20:26:34.0325002+03:00" testType="13cdc9d9-ddb5-4fa4-a97d-d965ccfc6d4b" outcome="Passed" testListId="8c84fa94-04c1-424b-9868-57a2d4851a1d" relativeResultsDirectory="4736877c-8023-4e91-bd41-74e019e1cbaa" />
    <UnitTestResult executionId="68fc8009-786b-45c3-a8a2-9c30121311f3" testId="082caa5e-76d9-01ff-6364-5101a5c292c9" testName="DeepSpaceSaga.Contracts.Tests.CommandResultTests.CommandResult_executed_quantity_defaults_to_null" computerName="VITA-CASTLE" duration="00:00:00.0006795" startTime="2026-09-12T20:26:34.0355339+03:00" endTime="2026-09-12T20:26:34.0355339+03:00" testType="13cdc9d9-ddb5-4fa4-a97d-d965ccfc6d4b" outcome="Passed" testListId="8c84fa94-04c1-424b-9868-57a2d4851a1d" relativeResultsDirectory="68fc8009-786b-45c3-a8a2-9c30121311f3" />
    <UnitTestResult executionId="e1a683e8-30f9-485d-8f36-243319f0e869" testId="22ccbc31-1c8b-4a3f-ea76-86afde23d0a3" testName="DeepSpaceSaga.Contracts.Tests.SaveSlotInfoTests.SaveSlotInfo_round_trips_via_json" computerName="VITA-CASTLE" duration="00:00:00.0152123" startTime="2026-09-12T20:26:33.9877614+03:00" endTime="2026-09-12T20:26:33.9877615+03:00" testType="13cdc9d9-ddb5-4fa4-a97d-d965ccfc6d4b" outcome="Passed" testListId="8c84fa94-04c1-424b-9868-57a2d4851a1d" relativeResultsDirectory="e1a683e8-30f9-485d-8f36-243319f0e869" />
    <UnitTestResult executionId="01a10003-6394-4e0e-995d-daefc4d2f63b" testId="3d78e549-5ff1-a6b9-699e-c365a6dfa1ed" testName="DeepSpaceSaga.Contracts.Tests.CommandResultTests.CommandResultStatus_has_all_five_values" computerName="VITA-CASTLE" duration="00:00:00.0027248" startTime="2026-09-12T20:26:34.0286727+03:00" endTime="2026-09-12T20:26:34.0286727+03:00" testType="13cdc9d9-ddb5-4fa4-a97d-d965ccfc6d4b" outcome="Passed" testListId="8c84fa94-04c1-424b-9868-57a2d4851a1d" relativeResultsDirectory="01a10003-6394-4e0e-995d-daefc4d2f63b" />
    <UnitTestResult executionId="50d7fe11-41d4-4f50-bb9d-9011ef80fb38" testId="ef267f50-28a8-516e-a186-9fcb3e0b64f0" testName="DeepSpaceSaga.Contracts.Tests.ShipEventTests.AuthoritativeSnapshot_round_trips_ship_events" computerName="VITA-CASTLE" duration="00:00:00.0393338" startTime="2026-09-12T20:26:34.0285514+03:00" endTime="2026-09-12T20:26:34.0285515+03:00" testType="13cdc9d9-ddb5-4fa4-a97d-d965ccfc6d4b" outcome="Passed" testListId="8c84fa94-04c1-424b-9868-57a2d4851a1d" relativeResultsDirectory="50d7fe11-41d4-4f50-bb9d-9011ef80fb38" />
    <UnitTestResult executionId="2aa9029c-7525-4dc2-a83d-1aae62b2113b" testId="a2e48fe1-163b-6cbc-c366-eecc0c55ab2b" testName="DeepSpaceSaga.Contracts.Tests.SmokeTests.ScannerCommandTypes_expose_stable_ids" computerName="VITA-CASTLE" duration="00:00:00.0004653" startTime="2026-09-12T20:26:33.9542321+03:00" endTime="2026-09-12T20:26:33.9542322+03:00" testType="13cdc9d9-ddb5-4fa4-a97d-d965ccfc6d4b" outcome="Passed" testListId="8c84fa94-04c1-424b-9868-57a2d4851a1d" relativeResultsDirectory="2aa9029c-7525-4dc2-a83d-1aae62b2113b" />
    <UnitTestResult executionId="7df18307-e6da-4b27-85d8-ecc3e607a259" testId="26258d51-d6f1-f089-2d56-f98cfddd1d46" testName="DeepSpaceSaga.Contracts.Tests.InstalledModuleSnapshotTests.Serialization_round_trip_preserves_cabines_count" computerName="VITA-CASTLE" duration="00:00:00.0081112" startTime="2026-09-12T20:26:34.0368737+03:00" endTime="2026-09-12T20:26:34.0368738+03:00" testType="13cdc9d9-ddb5-4fa4-a97d-d965ccfc6d4b" outcome="Passed" testListId="8c84fa94-04c1-424b-9868-57a2d4851a1d" relativeResultsDirectory="7df18307-e6da-4b27-85d8-ecc3e607a259" />
    <UnitTestResult executionId="83243847-5099-4c24-8e75-b9601de4572e" testId="ce6bd4cc-7ce0-224b-15ba-17c70e1d1741" testName="DeepSpaceSaga.Contracts.Tests.ShipEventTests.ShipEventReasonCodes_are_snake_case" computerName="VITA-CASTLE" duration="00:00:00.0001855" startTime="2026-09-12T20:26:33.9889853+03:00" endTime="2026-09-12T20:26:33.9889854+03:00" testType="13cdc9d9-ddb5-4fa4-a97d-d965ccfc6d4b" outcome="Passed" testListId="8c84fa94-04c1-424b-9868-57a2d4851a1d" relativeResultsDirectory="83243847-5099-4c24-8e75-b9601de4572e" />
    <UnitTestResult executionId="24da02f9-705c-419a-b2cb-2d5b9ac78975" testId="d121ae8f-2f78-3376-c890-5242f8a31d29" testName="DeepSpaceSaga.Contracts.Tests.SmokeTests.AuthoritativeSnapshot_is_instantiable" computerName="VITA-CASTLE" duration="00:00:00.0005643" startTime="2026-09-12T20:26:34.0406887+03:00" endTime="2026-09-12T20:26:34.0406889+03:00" testType="13cdc9d9-ddb5-4fa4-a97d-d965ccfc6d4b" outcome="Passed" testListId="8c84fa94-04c1-424b-9868-57a2d4851a1d" relativeResultsDirectory="24da02f9-705c-419a-b2cb-2d5b9ac78975" />
    <UnitTestResult executionId="110151ca-e874-44b1-8b1f-94c3b7864d3c" testId="8b74889d-d5b7-eb10-c516-392e2d28a0f4" testName="DeepSpaceSaga.Contracts.Tests.ShipEventTests.Empty_snapshot_round_trips_with_empty_ship_events" computerName="VITA-CASTLE" duration="00:00:00.0003427" startTime="2026-09-12T20:26:34.0289136+03:00" endTime="2026-09-12T20:26:34.0289140+03:00" testType="13cdc9d9-ddb5-4fa4-a97d-d965ccfc6d4b" outcome="Passed" testListId="8c84fa94-04c1-424b-9868-57a2d4851a1d" relativeResultsDirectory="110151ca-e874-44b1-8b1f-94c3b7864d3c" />
    <UnitTestResult executionId="ff905dfd-d690-4606-9266-4a18d629a669" testId="1b482788-d846-06c7-a23f-94d4c7b86a91" testName="DeepSpaceSaga.Contracts.Tests.ShipEventTests.ShipEventTypes_are_snake_case" computerName="VITA-CASTLE" duration="00:00:00.0000804" startTime="2026-09-12T20:26:34.0290698+03:00" endTime="2026-09-12T20:26:34.0290700+03:00" testType="13cdc9d9-ddb5-4fa4-a97d-d965ccfc6d4b" outcome="Passed" testListId="8c84fa94-04c1-424b-9868-57a2d4851a1d" relativeResultsDirectory="ff905dfd-d690-4606-9266-4a18d629a669" />
    <UnitTestResult executionId="9f20787f-cd93-43b9-94c9-53b46d03eead" testId="f24dcf5a-54da-0122-0df5-e887a54bab9b" testName="DeepSpaceSaga.Contracts.Tests.InstalledModuleSnapshotTests.Commands_metadata_defaults_to_none_target" computerName="VITA-CASTLE" duration="00:00:00.0000842" startTime="2026-09-12T20:26:34.0471341+03:00" endTime="2026-09-12T20:26:34.0471343+03:00" testType="13cdc9d9-ddb5-4fa4-a97d-d965ccfc6d4b" outcome="Passed" testListId="8c84fa94-04c1-424b-9868-57a2d4851a1d" relativeResultsDirectory="9f20787f-cd93-43b9-94c9-53b46d03eead" />
    <UnitTestResult executionId="1f03cc76-e46e-4ddb-935f-bc4d4eee2012" testId="10de9f77-7f70-5dfc-1442-bd2846e80c10" testName="DeepSpaceSaga.Contracts.Tests.InstalledModuleSnapshotTests.Serialization_round_trip_preserves_available_capacity_kg" computerName="VITA-CASTLE" duration="00:00:00.0009855" startTime="2026-09-12T20:26:34.0482369+03:00" endTime="2026-09-12T20:26:34.0482370+03:00" testType="13cdc9d9-ddb5-4fa4-a97d-d965ccfc6d4b" outcome="Passed" testListId="8c84fa94-04c1-424b-9868-57a2d4851a1d" relativeResultsDirectory="1f03cc76-e46e-4ddb-935f-bc4d4eee2012" />
    <UnitTestResult executionId="9599d7b9-a700-4b43-a0ce-fd6d897c9155" testId="4d57b362-dfde-646f-a7e9-6fd3032180c6" testName="DeepSpaceSaga.Contracts.Tests.SmokeTests.PlayerCommand_serialization_round_trip_preserves_null_target" computerName="VITA-CASTLE" duration="00:00:00.0068804" startTime="2026-09-12T20:26:34.0400044+03:00" endTime="2026-09-12T20:26:34.0400048+03:00" testType="13cdc9d9-ddb5-4fa4-a97d-d965ccfc6d4b" outcome="Passed" testListId="8c84fa94-04c1-424b-9868-57a2d4851a1d" relativeResultsDirectory="9599d7b9-a700-4b43-a0ce-fd6d897c9155" />
    <UnitTestResult executionId="f69625e4-1bce-4593-bf0c-b447f98b1043" testId="0d117a46-b63c-3d3e-94a1-a5feb85f4404" testName="DeepSpaceSaga.Contracts.Tests.StationTradeSnapshotTests.StationInventoryItemSnapshot_category_defaults_to_good_when_not_specified" computerName="VITA-CASTLE" duration="00:00:00.0001780" startTime="2026-09-12T20:26:33.9547331+03:00" endTime="2026-09-12T20:26:33.9547331+03:00" testType="13cdc9d9-ddb5-4fa4-a97d-d965ccfc6d4b" outcome="Passed" testListId="8c84fa94-04c1-424b-9868-57a2d4851a1d" relativeResultsDirectory="f69625e4-1bce-4593-bf0c-b447f98b1043" />
    <UnitTestResult executionId="41a8829c-ef03-490a-adc0-caf89953df73" testId="9d4ea003-2a70-f253-dd68-89f2681c0e54" testName="DeepSpaceSaga.Contracts.Tests.CommandResultTests.CommandResult_executed_quantity_round_trips_via_json" computerName="VITA-CASTLE" duration="00:00:00.3392243" startTime="2026-09-12T20:26:33.9881268+03:00" endTime="2026-09-12T20:26:33.9881269+03:00" testType="13cdc9d9-ddb5-4fa4-a97d-d965ccfc6d4b" outcome="Passed" testListId="8c84fa94-04c1-424b-9868-57a2d4851a1d" relativeResultsDirectory="41a8829c-ef03-490a-adc0-caf89953df73" />
    <UnitTestResult executionId="0e6318c6-4b60-45ad-bc9b-5d5cffb58e93" testId="fb8c6f9a-9167-31dc-122d-d745010c9331" testName="DeepSpaceSaga.Contracts.Tests.StationTradeSnapshotTests.AuthoritativeSnapshot_player_credits_defaults_to_zero" computerName="VITA-CASTLE" duration="00:00:00.0002140" startTime="2026-09-12T20:26:34.0359129+03:00" endTime="2026-09-12T20:26:34.0359129+03:00" testType="13cdc9d9-ddb5-4fa4-a97d-d965ccfc6d4b" outcome="Passed" testListId="8c84fa94-04c1-424b-9868-57a2d4851a1d" relativeResultsDirectory="0e6318c6-4b60-45ad-bc9b-5d5cffb58e93" />
    <UnitTestResult executionId="8580a283-f310-40ca-bfe6-1a3fba52d143" testId="4f4e9529-4733-3e3f-9432-5c04b4122c5b" testName="DeepSpaceSaga.Contracts.Tests.ArchitectureTests.ObjectMotionSnapshot_holds_coordinates" computerName="VITA-CASTLE" duration="00:00:00.0051057" startTime="2026-09-12T20:26:33.9882771+03:00" endTime="2026-09-12T20:26:33.9882771+03:00" testType="13cdc9d9-ddb5-4fa4-a97d-d965ccfc6d4b" outcome="Passed" testListId="8c84fa94-04c1-424b-9868-57a2d4851a1d" relativeResultsDirectory="8580a283-f310-40ca-bfe6-1a3fba52d143" />
    <UnitTestResult executionId="5ee80b02-581c-4f39-873a-b13be071691a" testId="fe7b1ec7-a654-ddb4-8b98-2f68dc621b4d" testName="DeepSpaceSaga.Contracts.Tests.SmokeTests.IGameSessionConnection_is_defined" computerName="VITA-CASTLE" duration="00:00:00.0000900" startTime="2026-09-12T20:26:34.0452793+03:00" endTime="2026-09-12T20:26:34.0452795+03:00" testType="13cdc9d9-ddb5-4fa4-a97d-d965ccfc6d4b" outcome="Passed" testListId="8c84fa94-04c1-424b-9868-57a2d4851a1d" relativeResultsDirectory="5ee80b02-581c-4f39-873a-b13be071691a" />
    <UnitTestResult executionId="9b0ab77b-f292-47d5-a866-126cca451d33" testId="a2cd1832-20a8-737f-74bd-910756a09686" testName="DeepSpaceSaga.Contracts.Tests.ShipEventTests.ShipEvent_is_instantiable" computerName="VITA-CASTLE" duration="00:00:00.0024304" startTime="2026-09-12T20:26:33.9882061+03:00" endTime="2026-09-12T20:26:33.9882062+03:00" testType="13cdc9d9-ddb5-4fa4-a97d-d965ccfc6d4b" outcome="Passed" testListId="8c84fa94-04c1-424b-9868-57a2d4851a1d" relativeResultsDirectory="9b0ab77b-f292-47d5-a866-126cca451d33" />
    <UnitTestResult executionId="f9d995bd-fe40-4fb8-a0c3-c0eaafad7659" testId="2bda1aab-8022-1b41-f2a7-bf7509480329" testName="DeepSpaceSaga.Contracts.Tests.SmokeTests.AuthoritativeSnapshot_defaults_object_interaction_ids_to_null" computerName="VITA-CASTLE" duration="00:00:00.0003178" startTime="2026-09-12T20:26:34.0411327+03:00" endTime="2026-09-12T20:26:34.0411329+03:00" testType="13cdc9d9-ddb5-4fa4-a97d-d965ccfc6d4b" outcome="Passed" testListId="8c84fa94-04c1-424b-9868-57a2d4851a1d" relativeResultsDirectory="f9d995bd-fe40-4fb8-a0c3-c0eaafad7659" />
    <UnitTestResult executionId="ed82029a-6e7c-41e4-9e27-227ed6d5cdcf" testId="9ba9394f-130a-6bc4-7ce2-3d4fb65f45d4" testName="DeepSpaceSaga.Contracts.Tests.SmokeTests.ShipEngineCommandTypes_expose_stable_ids" computerName="VITA-CASTLE" duration="00:00:00.0000738" startTime="2026-09-12T20:26:34.0334873+03:00" endTime="2026-09-12T20:26:34.0334873+03:00" testType="13cdc9d9-ddb5-4fa4-a97d-d965ccfc6d4b" outcome="Passed" testListId="8c84fa94-04c1-424b-9868-57a2d4851a1d" relativeResultsDirectory="ed82029a-6e7c-41e4-9e27-227ed6d5cdcf" />
    <UnitTestResult executionId="7fb1f74a-ed4d-48e6-b6b5-5b819d8dcb93" testId="d5ea920e-5740-6cbe-a52f-bd6f5193f3ce" testName="DeepSpaceSaga.Contracts.Tests.InstalledModuleSnapshotTests.Serialization_round_trip_preserves_default_null_fields_for_inactive_non_engine_module" computerName="VITA-CASTLE" duration="00:00:00.0012164" startTime="2026-09-12T20:26:34.0468815+03:00" endTime="2026-09-12T20:26:34.0468818+03:00" testType="13cdc9d9-ddb5-4fa4-a97d-d965ccfc6d4b" outcome="Passed" testListId="8c84fa94-04c1-424b-9868-57a2d4851a1d" relativeResultsDirectory="7fb1f74a-ed4d-48e6-b6b5-5b819d8dcb93" />
    <UnitTestResult executionId="989edd3e-c640-428a-a84f-fba8871906e6" testId="1265bc8a-b018-d0c2-0e97-82d9a7fab902" testName="DeepSpaceSaga.Contracts.Tests.StationTradeSnapshotTests.StationTradeSnapshot_items_default_to_default_or_empty" computerName="VITA-CASTLE" duration="00:00:00.0002092" startTime="2026-09-12T20:26:33.9546215+03:00" endTime="2026-09-12T20:26:33.9546216+03:00" testType="13cdc9d9-ddb5-4fa4-a97d-d965ccfc6d4b" outcome="Passed" testListId="8c84fa94-04c1-424b-9868-57a2d4851a1d" relativeResultsDirectory="989edd3e-c640-428a-a84f-fba8871906e6" />
    <UnitTestResult executionId="7cb1b5aa-386f-45e3-873d-d66396661d53" testId="8002dda2-d102-6b3c-5893-db51bf10b4f2" testName="DeepSpaceSaga.Contracts.Tests.SmokeTests.PlayerCommand_is_instantiable" computerName="VITA-CASTLE" duration="00:00:00.0001357" startTime="2026-09-12T20:26:34.0326848+03:00" endTime="2026-09-12T20:26:34.0326850+03:00" testType="13cdc9d9-ddb5-4fa4-a97d-d965ccfc6d4b" outcome="Passed" testListId="8c84fa94-04c1-424b-9868-57a2d4851a1d" relativeResultsDirectory="7cb1b5aa-386f-45e3-873d-d66396661d53" />
    <UnitTestResult executionId="ab41975a-7682-4e88-8a38-4851d5b76126" testId="e7db911e-bac1-ab8c-9f29-3574dd4203c1" testName="DeepSpaceSaga.Contracts.Tests.SaveSlotInfoTests.SaveSlotInfo_is_instantiable" computerName="VITA-CASTLE" duration="00:00:00.0010135" startTime="2026-09-12T20:26:33.9586786+03:00" endTime="2026-09-12T20:26:33.9586787+03:00" testType="13cdc9d9-ddb5-4fa4-a97d-d965ccfc6d4b" outcome="Passed" testListId="8c84fa94-04c1-424b-9868-57a2d4851a1d" relativeResultsDirectory="ab41975a-7682-4e88-8a38-4851d5b76126" />
    <UnitTestResult executionId="6a97f63e-0dfe-4c7d-bddb-ef92b780af4d" testId="72c040f0-696f-3b2e-6ef3-d0e18ee2c58a" testName="DeepSpaceSaga.Contracts.Tests.InstalledModuleSnapshotTests.Serialization_round_trip_preserves_commands_metadata" computerName="VITA-CASTLE" duration="00:00:00.0049682" startTime="2026-09-12T20:26:34.0421746+03:00" endTime="2026-09-12T20:26:34.0421748+03:00" testType="13cdc9d9-ddb5-4fa4-a97d-d965ccfc6d4b" outcome="Passed" testListId="8c84fa94-04c1-424b-9868-57a2d4851a1d" relativeResultsDirectory="6a97f63e-0dfe-4c7d-bddb-ef92b780af4d" />
    <UnitTestResult executionId="a031332b-b6be-4849-98f7-a6bd4bd54d8e" testId="ed72ef14-5136-58ed-fc9b-638fa2c2d09a" testName="DeepSpaceSaga.Contracts.Tests.CommandResultTests.Four_argument_constructor_defaults_round_trip_via_json" computerName="VITA-CASTLE" duration="00:00:00.0003862" startTime="2026-09-12T20:26:34.0356928+03:00" endTime="2026-09-12T20:26:34.0356928+03:00" testType="13cdc9d9-ddb5-4fa4-a97d-d965ccfc6d4b" outcome="Passed" testListId="8c84fa94-04c1-424b-9868-57a2d4851a1d" relativeResultsDirectory="a031332b-b6be-4849-98f7-a6bd4bd54d8e" />
    <UnitTestResult executionId="c0b0dbb5-c1ee-448a-ae0b-6003b30346fb" testId="3ee54da8-223f-b4a3-63b5-59fa57820734" testName="DeepSpaceSaga.Contracts.Tests.InstalledModuleSnapshotTests.Cargo_defaults_to_default_or_empty" computerName="VITA-CASTLE" duration="00:00:00.0002821" startTime="2026-09-12T20:26:34.0488315+03:00" endTime="2026-09-12T20:26:34.0488317+03:00" testType="13cdc9d9-ddb5-4fa4-a97d-d965ccfc6d4b" outcome="Passed" testListId="8c84fa94-04c1-424b-9868-57a2d4851a1d" relativeResultsDirectory="c0b0dbb5-c1ee-448a-ae0b-6003b30346fb" />
    <UnitTestResult executionId="cc72a7d3-0bc6-4797-9d62-56dedd18b2f1" testId="4110cfc8-ce88-88c1-2c16-98f3a4224b8a" testName="DeepSpaceSaga.Contracts.Tests.SmokeTests.IGameSessionConnection_declares_SetObjectInteractionStateAsync" computerName="VITA-CASTLE" duration="00:00:00.0001129" startTime="2026-09-12T20:26:34.0329545+03:00" endTime="2026-09-12T20:26:34.0329546+03:00" testType="13cdc9d9-ddb5-4fa4-a97d-d965ccfc6d4b" outcome="Passed" testListId="8c84fa94-04c1-424b-9868-57a2d4851a1d" relativeResultsDirectory="cc72a7d3-0bc6-4797-9d62-56dedd18b2f1" />
    <UnitTestResult executionId="a9aefffc-205c-4901-aecc-db446376d7b6" testId="e4ba1347-2799-877a-ff1f-6106c325c74f" testName="DeepSpaceSaga.Contracts.Tests.SmokeTests.AuthoritativeSnapshot_serialization_round_trip_preserves_null_object_interaction_ids" computerName="VITA-CASTLE" duration="00:00:00.0799353" startTime="2026-09-12T20:26:34.0311052+03:00" endTime="2026-09-12T20:26:34.0311058+03:00" testType="13cdc9d9-ddb5-4fa4-a97d-d965ccfc6d4b" outcome="Passed" testListId="8c84fa94-04c1-424b-9868-57a2d4851a1d" relativeResultsDirectory="a9aefffc-205c-4901-aecc-db446376d7b6" />
    <UnitTestResult executionId="5059d333-8b78-4c83-9e07-77f59b98e0a4" testId="508ff65b-a839-1aba-673a-c5c656ee9ed3" testName="DeepSpaceSaga.Contracts.Tests.SmokeTests.AuthoritativeSnapshot_serialization_round_trip_preserves_object_interaction_ids" computerName="VITA-CASTLE" duration="00:00:00.0005871" startTime="2026-09-12T20:26:34.0319352+03:00" endTime="2026-09-12T20:26:34.0319353+03:00" testType="13cdc9d9-ddb5-4fa4-a97d-d965ccfc6d4b" outcome="Passed" testListId="8c84fa94-04c1-424b-9868-57a2d4851a1d" relativeResultsDirectory="5059d333-8b78-4c83-9e07-77f59b98e0a4" />
    <UnitTestResult executionId="3ce80590-de80-4075-a763-002dbf84d230" testId="f88d515a-ce59-288d-c4b2-7b11e291643a" testName="DeepSpaceSaga.Contracts.Tests.InstalledModuleSnapshotTests.Cargo_round_trips_via_json_with_populated_stacks" computerName="VITA-CASTLE" duration="00:00:00.0637384" startTime="2026-09-12T20:26:34.0284932+03:00" endTime="2026-09-12T20:26:34.0284938+03:00" testType="13cdc9d9-ddb5-4fa4-a97d-d965ccfc6d4b" outcome="Passed" testListId="8c84fa94-04c1-424b-9868-57a2d4851a1d" relativeResultsDirectory="3ce80590-de80-4075-a763-002dbf84d230" />
    <UnitTestResult executionId="5f1825bb-fbdd-45cf-b866-a4035cd34804" testId="6050ac42-16cd-4a4f-6272-786861a53926" testName="DeepSpaceSaga.Contracts.Tests.InstalledModuleSnapshotTests.Serialization_round_trip_preserves_populated_runtime_state_fields" computerName="VITA-CASTLE" duration="00:00:00.0027494" startTime="2026-09-12T20:26:34.0453757+03:00" endTime="2026-09-12T20:26:34.0453758+03:00" testType="13cdc9d9-ddb5-4fa4-a97d-d965ccfc6d4b" outcome="Passed" testListId="8c84fa94-04c1-424b-9868-57a2d4851a1d" relativeResultsDirectory="5f1825bb-fbdd-45cf-b866-a4035cd34804" />
    <UnitTestResult executionId="2f2ea06c-75de-4ef6-9773-8b7110223495" testId="296b7923-b29e-0dee-ade9-18471f171cff" testName="DeepSpaceSaga.Contracts.Tests.ArchitectureTests.Snapshot_sequence_is_incrementing" computerName="VITA-CASTLE" duration="00:00:00.0003881" startTime="2026-09-12T20:26:33.9879641+03:00" endTime="2026-09-12T20:26:33.9879642+03:00" testType="13cdc9d9-ddb5-4fa4-a97d-d965ccfc6d4b" outcome="Passed" testListId="8c84fa94-04c1-424b-9868-57a2d4851a1d" relativeResultsDirectory="2f2ea06c-75de-4ef6-9773-8b7110223495" />
    <UnitTestResult executionId="23ed5f58-5aa5-40c2-a8c1-a7d6a52a3b24" testId="2cb1a1d4-6507-8180-7442-54c64ee880d1" testName="DeepSpaceSaga.Contracts.Tests.CommandResultTests.Empty_snapshot_round_trips_with_empty_command_results" computerName="VITA-CASTLE" duration="00:00:00.0476103" startTime="2026-09-12T20:26:34.0257349+03:00" endTime="2026-09-12T20:26:34.0257353+03:00" testType="13cdc9d9-ddb5-4fa4-a97d-d965ccfc6d4b" outcome="Passed" testListId="8c84fa94-04c1-424b-9868-57a2d4851a1d" relativeResultsDirectory="23ed5f58-5aa5-40c2-a8c1-a7d6a52a3b24" />
    <UnitTestResult executionId="5273e187-9df9-4e0f-adf9-6ca96d8c0856" testId="17ca48b8-718d-3954-f533-87c97b622dc7" testName="DeepSpaceSaga.Contracts.Tests.CommandResultTests.Trade_CommandReasonCodes_are_snake_case" computerName="VITA-CASTLE" duration="00:00:00.0000702" startTime="2026-09-12T20:26:34.0357662+03:00" endTime="2026-09-12T20:26:34.0357662+03:00" testType="13cdc9d9-ddb5-4fa4-a97d-d965ccfc6d4b" outcome="Passed" testListId="8c84fa94-04c1-424b-9868-57a2d4851a1d" relativeResultsDirectory="5273e187-9df9-4e0f-adf9-6ca96d8c0856" />
    <UnitTestResult executionId="513e604b-1760-4f77-8602-05317114c526" testId="ecce8ad6-7f26-7bce-3e6b-e5c779159c5f" testName="DeepSpaceSaga.Contracts.Tests.StationTradeSnapshotTests.AuthoritativeSnapshot_player_credits_round_trips_via_json_with_explicit_value" computerName="VITA-CASTLE" duration="00:00:00.0004187" startTime="2026-09-12T20:26:34.0358182+03:00" endTime="2026-09-12T20:26:34.0358183+03:00" testType="13cdc9d9-ddb5-4fa4-a97d-d965ccfc6d4b" outcome="Passed" testListId="8c84fa94-04c1-424b-9868-57a2d4851a1d" relativeResultsDirectory="513e604b-1760-4f77-8602-05317114c526" />
    <UnitTestResult executionId="e0b9fea5-b562-474c-b5c5-e646c71d145b" testId="702fa0ac-dfc8-7e14-bf6c-fbf6fd9b858a" testName="DeepSpaceSaga.Contracts.Tests.CommandResultTests.CommandResult_is_instantiable" computerName="VITA-CASTLE" duration="00:00:00.0002291" startTime="2026-09-12T20:26:34.0320454+03:00" endTime="2026-09-12T20:26:34.0320455+03:00" testType="13cdc9d9-ddb5-4fa4-a97d-d965ccfc6d4b" outcome="Passed" testListId="8c84fa94-04c1-424b-9868-57a2d4851a1d" relativeResultsDirectory="e0b9fea5-b562-474c-b5c5-e646c71d145b" />
    <UnitTestResult executionId="0cc10d49-b276-450b-8c10-b18f5ae0fbce" testId="74631061-8d15-f17a-8e3d-4376cdb7e087" testName="DeepSpaceSaga.Contracts.Tests.CommandResultTests.Snapshot_command_results_are_immutable" computerName="VITA-CASTLE" duration="00:00:00.0008084" startTime="2026-09-12T20:26:34.0334163+03:00" endTime="2026-09-12T20:26:34.0334164+03:00" testType="13cdc9d9-ddb5-4fa4-a97d-d965ccfc6d4b" outcome="Passed" testListId="8c84fa94-04c1-424b-9868-57a2d4851a1d" relativeResultsDirectory="0cc10d49-b276-450b-8c10-b18f5ae0fbce" />
    <UnitTestResult executionId="2f77cefa-ddfa-41e9-a582-545392943421" testId="a91cc785-44f9-3ff4-ae59-2a294b197e45" testName="DeepSpaceSaga.Contracts.Tests.ShipEventTests.Snapshot_ship_events_are_immutable" computerName="VITA-CASTLE" duration="00:00:00.0100479" startTime="2026-09-12T20:26:33.9886245+03:00" endTime="2026-09-12T20:26:33.9886246+03:00" testType="13cdc9d9-ddb5-4fa4-a97d-d965ccfc6d4b" outcome="Passed" testListId="8c84fa94-04c1-424b-9868-57a2d4851a1d" relativeResultsDirectory="2f77cefa-ddfa-41e9-a582-545392943421" />
    <UnitTestResult executionId="4d335ce1-5550-4e9c-ac0a-a723e9520389" testId="0a25ab9d-dc2d-719e-9f12-5950cb10f5d1" testName="DeepSpaceSaga.Contracts.Tests.CommandResultTests.CommandReasonCodes_are_snake_case" computerName="VITA-CASTLE" duration="00:00:00.0002864" startTime="2026-09-12T20:26:34.0354181+03:00" endTime="2026-09-12T20:26:34.0354181+03:00" testType="13cdc9d9-ddb5-4fa4-a97d-d965ccfc6d4b" outcome="Passed" testListId="8c84fa94-04c1-424b-9868-57a2d4851a1d" relativeResultsDirectory="4d335ce1-5550-4e9c-ac0a-a723e9520389" />
    <UnitTestResult executionId="3f0d52c7-6602-4ca5-8cc3-5e427f2367d4" testId="00753e97-9011-c330-024d-fe9ee5720522" testName="DeepSpaceSaga.Contracts.Tests.CommandResultTests.AuthoritativeSnapshot_round_trips_command_results" computerName="VITA-CASTLE" duration="00:00:00.0030602" startTime="2026-09-12T20:26:34.0317653+03:00" endTime="2026-09-12T20:26:34.0317654+03:00" testType="13cdc9d9-ddb5-4fa4-a97d-d965ccfc6d4b" outcome="Passed" testListId="8c84fa94-04c1-424b-9868-57a2d4851a1d" relativeResultsDirectory="3f0d52c7-6602-4ca5-8cc3-5e427f2367d4" />
    <UnitTestResult executionId="868895fa-1009-4e60-8292-c608cc3e29e0" testId="00bde8b4-1304-a645-d001-694ea6adc65c" testName="DeepSpaceSaga.Contracts.Tests.StationTradeSnapshotTests.StationTradeSnapshot_round_trips_via_json" computerName="VITA-CASTLE" duration="00:00:00.0013626" startTime="2026-09-12T20:26:34.0356150+03:00" endTime="2026-09-12T20:26:34.0356150+03:00" testType="13cdc9d9-ddb5-4fa4-a97d-d965ccfc6d4b" outcome="Passed" testListId="8c84fa94-04c1-424b-9868-57a2d4851a1d" relativeResultsDirectory="868895fa-1009-4e60-8292-c608cc3e29e0" />
    <UnitTestResult executionId="6e98c9f1-c567-4ce3-8399-d394cbcde7eb" testId="17c552ec-c468-79bc-4dbe-6c7acc1e846d" testName="DeepSpaceSaga.Contracts.Tests.StationTradeSnapshotTests.AuthoritativeSnapshot_docked_station_trade_defaults_to_null" computerName="VITA-CASTLE" duration="00:00:00.0028568" startTime="2026-09-12T20:26:33.9513109+03:00" endTime="2026-09-12T20:26:33.9513687+03:00" testType="13cdc9d9-ddb5-4fa4-a97d-d965ccfc6d4b" outcome="Passed" testListId="8c84fa94-04c1-424b-9868-57a2d4851a1d" relativeResultsDirectory="6e98c9f1-c567-4ce3-8399-d394cbcde7eb" />
    <UnitTestResult executionId="97e6abf7-a378-4896-85d2-460cb640b775" testId="da948b2f-adc6-be32-e295-9af77042af4e" testName="DeepSpaceSaga.Contracts.Tests.StationTradeSnapshotTests.AuthoritativeSnapshot_docked_station_trade_round_trips_via_json" computerName="VITA-CASTLE" duration="00:00:00.0814282" startTime="2026-09-12T20:26:34.0331638+03:00" endTime="2026-09-12T20:26:34.0331641+03:00" testType="13cdc9d9-ddb5-4fa4-a97d-d965ccfc6d4b" outcome="Passed" testListId="8c84fa94-04c1-424b-9868-57a2d4851a1d" relativeResultsDirectory="97e6abf7-a378-4896-85d2-460cb640b775" />
  </Results>
  <TestDefinitions>
    <UnitTest name="DeepSpaceSaga.Contracts.Tests.SmokeTests.PlayerCommand_serialization_round_trip_preserves_target_object_id" storage="d:\deepspacesaga\dss\tests\deepspacesaga.contracts.tests\bin\debug\net8.0\deepspacesaga.contracts.tests.dll" id="28de73a6-7346-09ba-6cd2-1475e82e8d18">
      <Execution id="cb8c5e8f-2dff-4aff-9de6-56a661024207" />
      <TestMethod codeBase="D:\DeepSpaceSaga\DSS\tests\DeepSpaceSaga.Contracts.Tests\bin\Debug\net8.0\DeepSpaceSaga.Contracts.Tests.dll" adapterTypeName="executor://xunit/VsTestRunner2/netcoreapp" className="DeepSpaceSaga.Contracts.Tests.SmokeTests" name="PlayerCommand_serialization_round_trip_preserves_target_object_id" />
    </UnitTest>
    <UnitTest name="DeepSpaceSaga.Contracts.Tests.InstalledModuleSnapshotTests.Serialization_round_trip_preserves_cabines_count" storage="d:\deepspacesaga\dss\tests\deepspacesaga.contracts.tests\bin\debug\net8.0\deepspacesaga.contracts.tests.dll" id="26258d51-d6f1-f089-2d56-f98cfddd1d46">
      <Execution id="7df18307-e6da-4b27-85d8-ecc3e607a259" />
      <TestMethod codeBase="D:\DeepSpaceSaga\DSS\tests\DeepSpaceSaga.Contracts.Tests\bin\Debug\net8.0\DeepSpaceSaga.Contracts.Tests.dll" adapterTypeName="executor://xunit/VsTestRunner2/netcoreapp" className="DeepSpaceSaga.Contracts.Tests.InstalledModuleSnapshotTests" name="Serialization_round_trip_preserves_cabines_count" />
    </UnitTest>
    <UnitTest name="DeepSpaceSaga.Contracts.Tests.SmokeTests.IGameSessionConnection_declares_SetObjectInteractionStateAsync" storage="d:\deepspacesaga\dss\tests\deepspacesaga.contracts.tests\bin\debug\net8.0\deepspacesaga.contracts.tests.dll" id="4110cfc8-ce88-88c1-2c16-98f3a4224b8a">
      <Execution id="cc72a7d3-0bc6-4797-9d62-56dedd18b2f1" />
      <TestMethod codeBase="D:\DeepSpaceSaga\DSS\tests\DeepSpaceSaga.Contracts.Tests\bin\Debug\net8.0\DeepSpaceSaga.Contracts.Tests.dll" adapterTypeName="executor://xunit/VsTestRunner2/netcoreapp" className="DeepSpaceSaga.Contracts.Tests.SmokeTests" name="IGameSessionConnection_declares_SetObjectInteractionStateAsync" />
    </UnitTest>
    <UnitTest name="DeepSpaceSaga.Contracts.Tests.InstalledModuleSnapshotTests.Cargo_round_trips_via_json_with_populated_stacks" storage="d:\deepspacesaga\dss\tests\deepspacesaga.contracts.tests\bin\debug\net8.0\deepspacesaga.contracts.tests.dll" id="f88d515a-ce59-288d-c4b2-7b11e291643a">
      <Execution id="3ce80590-de80-4075-a763-002dbf84d230" />
      <TestMethod codeBase="D:\DeepSpaceSaga\DSS\tests\DeepSpaceSaga.Contracts.Tests\bin\Debug\net8.0\DeepSpaceSaga.Contracts.Tests.dll" adapterTypeName="executor://xunit/VsTestRunner2/netcoreapp" className="DeepSpaceSaga.Contracts.Tests.InstalledModuleSnapshotTests" name="Cargo_round_trips_via_json_with_populated_stacks" />
    </UnitTest>
    <UnitTest name="DeepSpaceSaga.Contracts.Tests.SmokeTests.ShipEngineCommandTypes_expose_stable_ids" storage="d:\deepspacesaga\dss\tests\deepspacesaga.contracts.tests\bin\debug\net8.0\deepspacesaga.contracts.tests.dll" id="9ba9394f-130a-6bc4-7ce2-3d4fb65f45d4">
      <Execution id="ed82029a-6e7c-41e4-9e27-227ed6d5cdcf" />
      <TestMethod codeBase="D:\DeepSpaceSaga\DSS\tests\DeepSpaceSaga.Contracts.Tests\bin\Debug\net8.0\DeepSpaceSaga.Contracts.Tests.dll" adapterTypeName="executor://xunit/VsTestRunner2/netcoreapp" className="DeepSpaceSaga.Contracts.Tests.SmokeTests" name="ShipEngineCommandTypes_expose_stable_ids" />
    </UnitTest>
    <UnitTest name="DeepSpaceSaga.Contracts.Tests.SmokeTests.AuthoritativeSnapshot_serialization_round_trip_preserves_null_object_interaction_ids" storage="d:\deepspacesaga\dss\tests\deepspacesaga.contracts.tests\bin\debug\net8.0\deepspacesaga.contracts.tests.dll" id="e4ba1347-2799-877a-ff1f-6106c325c74f">
      <Execution id="a9aefffc-205c-4901-aecc-db446376d7b6" />
      <TestMethod codeBase="D:\DeepSpaceSaga\DSS\tests\DeepSpaceSaga.Contracts.Tests\bin\Debug\net8.0\DeepSpaceSaga.Contracts.Tests.dll" adapterTypeName="executor://xunit/VsTestRunner2/netcoreapp" className="DeepSpaceSaga.Contracts.Tests.SmokeTests" name="AuthoritativeSnapshot_serialization_round_trip_preserves_null_object_interaction_ids" />
    </UnitTest>
    <UnitTest name="DeepSpaceSaga.Contracts.Tests.SmokeTests.AuthoritativeSnapshot_serialization_round_trip_preserves_object_interaction_ids" storage="d:\deepspacesaga\dss\tests\deepspacesaga.contracts.tests\bin\debug\net8.0\deepspacesaga.contracts.tests.dll" id="508ff65b-a839-1aba-673a-c5c656ee9ed3">
      <Execution id="5059d333-8b78-4c83-9e07-77f59b98e0a4" />
      <TestMethod codeBase="D:\DeepSpaceSaga\DSS\tests\DeepSpaceSaga.Contracts.Tests\bin\Debug\net8.0\DeepSpaceSaga.Contracts.Tests.dll" adapterTypeName="executor://xunit/VsTestRunner2/netcoreapp" className="DeepSpaceSaga.Contracts.Tests.SmokeTests" name="AuthoritativeSnapshot_serialization_round_trip_preserves_object_interaction_ids" />
    </UnitTest>
    <UnitTest name="DeepSpaceSaga.Contracts.Tests.StationTradeSnapshotTests.AuthoritativeSnapshot_docked_station_trade_round_trips_via_json" storage="d:\deepspacesaga\dss\tests\deepspacesaga.contracts.tests\bin\debug\net8.0\deepspacesaga.contracts.tests.dll" id="da948b2f-adc6-be32-e295-9af77042af4e">
      <Execution id="97e6abf7-a378-4896-85d2-460cb640b775" />
      <TestMethod codeBase="D:\DeepSpaceSaga\DSS\tests\DeepSpaceSaga.Contracts.Tests\bin\Debug\net8.0\DeepSpaceSaga.Contracts.Tests.dll" adapterTypeName="executor://xunit/VsTestRunner2/netcoreapp" className="DeepSpaceSaga.Contracts.Tests.StationTradeSnapshotTests" name="AuthoritativeSnapshot_docked_station_trade_round_trips_via_json" />
    </UnitTest>
    <UnitTest name="DeepSpaceSaga.Contracts.Tests.StationTradeSnapshotTests.StationInventoryItemSnapshot_category_defaults_to_good_when_not_specified" storage="d:\deepspacesaga\dss\tests\deepspacesaga.contracts.tests\bin\debug\net8.0\deepspacesaga.contracts.tests.dll" id="0d117a46-b63c-3d3e-94a1-a5feb85f4404">
      <Execution id="f69625e4-1bce-4593-bf0c-b447f98b1043" />
      <TestMethod codeBase="D:\DeepSpaceSaga\DSS\tests\DeepSpaceSaga.Contracts.Tests\bin\Debug\net8.0\DeepSpaceSaga.Contracts.Tests.dll" adapterTypeName="executor://xunit/VsTestRunner2/netcoreapp" className="DeepSpaceSaga.Contracts.Tests.StationTradeSnapshotTests" name="StationInventoryItemSnapshot_category_defaults_to_good_when_not_specified" />
    </UnitTest>
    <UnitTest name="DeepSpaceSaga.Contracts.Tests.CommandResultTests.CommandResultStatus_has_all_five_values" storage="d:\deepspacesaga\dss\tests\deepspacesaga.contracts.tests\bin\debug\net8.0\deepspacesaga.contracts.tests.dll" id="3d78e549-5ff1-a6b9-699e-c365a6dfa1ed">
      <Execution id="01a10003-6394-4e0e-995d-daefc4d2f63b" />
      <TestMethod codeBase="D:\DeepSpaceSaga\DSS\tests\DeepSpaceSaga.Contracts.Tests\bin\Debug\net8.0\DeepSpaceSaga.Contracts.Tests.dll" adapterTypeName="executor://xunit/VsTestRunner2/netcoreapp" className="DeepSpaceSaga.Contracts.Tests.CommandResultTests" name="CommandResultStatus_has_all_five_values" />
    </UnitTest>
    <UnitTest name="DeepSpaceSaga.Contracts.Tests.SmokeTests.IGameSessionConnection_is_defined" storage="d:\deepspacesaga\dss\tests\deepspacesaga.contracts.tests\bin\debug\net8.0\deepspacesaga.contracts.tests.dll" id="fe7b1ec7-a654-ddb4-8b98-2f68dc621b4d">
      <Execution id="5ee80b02-581c-4f39-873a-b13be071691a" />
      <TestMethod codeBase="D:\DeepSpaceSaga\DSS\tests\DeepSpaceSaga.Contracts.Tests\bin\Debug\net8.0\DeepSpaceSaga.Contracts.Tests.dll" adapterTypeName="executor://xunit/VsTestRunner2/netcoreapp" className="DeepSpaceSaga.Contracts.Tests.SmokeTests" name="IGameSessionConnection_is_defined" />
    </UnitTest>
    <UnitTest name="DeepSpaceSaga.Contracts.Tests.InstalledModuleSnapshotTests.Commands_metadata_defaults_to_none_target" storage="d:\deepspacesaga\dss\tests\deepspacesaga.contracts.tests\bin\debug\net8.0\deepspacesaga.contracts.tests.dll" id="f24dcf5a-54da-0122-0df5-e887a54bab9b">
      <Execution id="9f20787f-cd93-43b9-94c9-53b46d03eead" />
      <TestMethod codeBase="D:\DeepSpaceSaga\DSS\tests\DeepSpaceSaga.Contracts.Tests\bin\Debug\net8.0\DeepSpaceSaga.Contracts.Tests.dll" adapterTypeName="executor://xunit/VsTestRunner2/netcoreapp" className="DeepSpaceSaga.Contracts.Tests.InstalledModuleSnapshotTests" name="Commands_metadata_defaults_to_none_target" />
    </UnitTest>
    <UnitTest name="DeepSpaceSaga.Contracts.Tests.StationTradeSnapshotTests.StationTradeSnapshot_items_default_to_default_or_empty" storage="d:\deepspacesaga\dss\tests\deepspacesaga.contracts.tests\bin\debug\net8.0\deepspacesaga.contracts.tests.dll" id="1265bc8a-b018-d0c2-0e97-82d9a7fab902">
      <Execution id="989edd3e-c640-428a-a84f-fba8871906e6" />
      <TestMethod codeBase="D:\DeepSpaceSaga\DSS\tests\DeepSpaceSaga.Contracts.Tests\bin\Debug\net8.0\DeepSpaceSaga.Contracts.Tests.dll" adapterTypeName="executor://xunit/VsTestRunner2/netcoreapp" className="DeepSpaceSaga.Contracts.Tests.StationTradeSnapshotTests" name="StationTradeSnapshot_items_default_to_default_or_empty" />
    </UnitTest>
    <UnitTest name="DeepSpaceSaga.Contracts.Tests.SmokeTests.PlayerCommand_carries_explicit_target_object_id" storage="d:\deepspacesaga\dss\tests\deepspacesaga.contracts.tests\bin\debug\net8.0\deepspacesaga.contracts.tests.dll" id="1ecfe82c-534e-4673-62ca-027d30df951b">
      <Execution id="4736877c-8023-4e91-bd41-74e019e1cbaa" />
      <TestMethod codeBase="D:\DeepSpaceSaga\DSS\tests\DeepSpaceSaga.Contracts.Tests\bin\Debug\net8.0\DeepSpaceSaga.Contracts.Tests.dll" adapterTypeName="executor://xunit/VsTestRunner2/netcoreapp" className="DeepSpaceSaga.Contracts.Tests.SmokeTests" name="PlayerCommand_carries_explicit_target_object_id" />
    </UnitTest>
    <UnitTest name="DeepSpaceSaga.Contracts.Tests.SmokeTests.PlayerCommand_serialization_round_trip_preserves_null_target" storage="d:\deepspacesaga\dss\tests\deepspacesaga.contracts.tests\bin\debug\net8.0\deepspacesaga.contracts.tests.dll" id="4d57b362-dfde-646f-a7e9-6fd3032180c6">
      <Execution id="9599d7b9-a700-4b43-a0ce-fd6d897c9155" />
      <TestMethod codeBase="D:\DeepSpaceSaga\DSS\tests\DeepSpaceSaga.Contracts.Tests\bin\Debug\net8.0\DeepSpaceSaga.Contracts.Tests.dll" adapterTypeName="executor://xunit/VsTestRunner2/netcoreapp" className="DeepSpaceSaga.Contracts.Tests.SmokeTests" name="PlayerCommand_serialization_round_trip_preserves_null_target" />
    </UnitTest>
    <UnitTest name="DeepSpaceSaga.Contracts.Tests.StationTradeSnapshotTests.StationTradeSnapshot_round_trips_via_json" storage="d:\deepspacesaga\dss\tests\deepspacesaga.contracts.tests\bin\debug\net8.0\deepspacesaga.contracts.tests.dll" id="00bde8b4-1304-a645-d001-694ea6adc65c">
      <Execution id="868895fa-1009-4e60-8292-c608cc3e29e0" />
      <TestMethod codeBase="D:\DeepSpaceSaga\DSS\tests\DeepSpaceSaga.Contracts.Tests\bin\Debug\net8.0\DeepSpaceSaga.Contracts.Tests.dll" adapterTypeName="executor://xunit/VsTestRunner2/netcoreapp" className="DeepSpaceSaga.Contracts.Tests.StationTradeSnapshotTests" name="StationTradeSnapshot_round_trips_via_json" />
    </UnitTest>
    <UnitTest name="DeepSpaceSaga.Contracts.Tests.ShipEventTests.Empty_snapshot_round_trips_with_empty_ship_events" storage="d:\deepspacesaga\dss\tests\deepspacesaga.contracts.tests\bin\debug\net8.0\deepspacesaga.contracts.tests.dll" id="8b74889d-d5b7-eb10-c516-392e2d28a0f4">
      <Execution id="110151ca-e874-44b1-8b1f-94c3b7864d3c" />
      <TestMethod codeBase="D:\DeepSpaceSaga\DSS\tests\DeepSpaceSaga.Contracts.Tests\bin\Debug\net8.0\DeepSpaceSaga.Contracts.Tests.dll" adapterTypeName="executor://xunit/VsTestRunner2/netcoreapp" className="DeepSpaceSaga.Contracts.Tests.ShipEventTests" name="Empty_snapshot_round_trips_with_empty_ship_events" />
    </UnitTest>
    <UnitTest name="DeepSpaceSaga.Contracts.Tests.SmokeTests.ScannerCommandTypes_expose_stable_ids" storage="d:\deepspacesaga\dss\tests\deepspacesaga.contracts.tests\bin\debug\net8.0\deepspacesaga.contracts.tests.dll" id="a2e48fe1-163b-6cbc-c366-eecc0c55ab2b">
      <Execution id="2aa9029c-7525-4dc2-a83d-1aae62b2113b" />
      <TestMethod codeBase="D:\DeepSpaceSaga\DSS\tests\DeepSpaceSaga.Contracts.Tests\bin\Debug\net8.0\DeepSpaceSaga.Contracts.Tests.dll" adapterTypeName="executor://xunit/VsTestRunner2/netcoreapp" className="DeepSpaceSaga.Contracts.Tests.SmokeTests" name="ScannerCommandTypes_expose_stable_ids" />
    </UnitTest>
    <UnitTest name="DeepSpaceSaga.Contracts.Tests.SmokeTests.AuthoritativeSnapshot_defaults_object_interaction_ids_to_null" storage="d:\deepspacesaga\dss\tests\deepspacesaga.contracts.tests\bin\debug\net8.0\deepspacesaga.contracts.tests.dll" id="2bda1aab-8022-1b41-f2a7-bf7509480329">
      <Execution id="f9d995bd-fe40-4fb8-a0c3-c0eaafad7659" />
      <TestMethod codeBase="D:\DeepSpaceSaga\DSS\tests\DeepSpaceSaga.Contracts.Tests\bin\Debug\net8.0\DeepSpaceSaga.Contracts.Tests.dll" adapterTypeName="executor://xunit/VsTestRunner2/netcoreapp" className="DeepSpaceSaga.Contracts.Tests.SmokeTests" name="AuthoritativeSnapshot_defaults_object_interaction_ids_to_null" />
    </UnitTest>
    <UnitTest name="DeepSpaceSaga.Contracts.Tests.InstalledModuleSnapshotTests.Serialization_round_trip_preserves_default_null_fields_for_inactive_non_engine_module" storage="d:\deepspacesaga\dss\tests\deepspacesaga.contracts.tests\bin\debug\net8.0\deepspacesaga.contracts.tests.dll" id="d5ea920e-5740-6cbe-a52f-bd6f5193f3ce">
      <Execution id="7fb1f74a-ed4d-48e6-b6b5-5b819d8dcb93" />
      <TestMethod codeBase="D:\DeepSpaceSaga\DSS\tests\DeepSpaceSaga.Contracts.Tests\bin\Debug\net8.0\DeepSpaceSaga.Contracts.Tests.dll" adapterTypeName="executor://xunit/VsTestRunner2/netcoreapp" className="DeepSpaceSaga.Contracts.Tests.InstalledModuleSnapshotTests" name="Serialization_round_trip_preserves_default_null_fields_for_inactive_non_engine_module" />
    </UnitTest>
    <UnitTest name="DeepSpaceSaga.Contracts.Tests.ShipEventTests.Snapshot_ship_events_are_immutable" storage="d:\deepspacesaga\dss\tests\deepspacesaga.contracts.tests\bin\debug\net8.0\deepspacesaga.contracts.tests.dll" id="a91cc785-44f9-3ff4-ae59-2a294b197e45">
      <Execution id="2f77cefa-ddfa-41e9-a582-545392943421" />
      <TestMethod codeBase="D:\DeepSpaceSaga\DSS\tests\DeepSpaceSaga.Contracts.Tests\bin\Debug\net8.0\DeepSpaceSaga.Contracts.Tests.dll" adapterTypeName="executor://xunit/VsTestRunner2/netcoreapp" className="DeepSpaceSaga.Contracts.Tests.ShipEventTests" name="Snapshot_ship_events_are_immutable" />
    </UnitTest>
    <UnitTest name="DeepSpaceSaga.Contracts.Tests.CommandResultTests.CommandResult_executed_quantity_round_trips_via_json" storage="d:\deepspacesaga\dss\tests\deepspacesaga.contracts.tests\bin\debug\net8.0\deepspacesaga.contracts.tests.dll" id="9d4ea003-2a70-f253-dd68-89f2681c0e54">
      <Execution id="41a8829c-ef03-490a-adc0-caf89953df73" />
      <TestMethod codeBase="D:\DeepSpaceSaga\DSS\tests\DeepSpaceSaga.Contracts.Tests\bin\Debug\net8.0\DeepSpaceSaga.Contracts.Tests.dll" adapterTypeName="executor://xunit/VsTestRunner2/netcoreapp" className="DeepSpaceSaga.Contracts.Tests.CommandResultTests" name="CommandResult_executed_quantity_round_trips_via_json" />
    </UnitTest>
    <UnitTest name="DeepSpaceSaga.Contracts.Tests.SmokeTests.AuthoritativeSnapshot_is_instantiable" storage="d:\deepspacesaga\dss\tests\deepspacesaga.contracts.tests\bin\debug\net8.0\deepspacesaga.contracts.tests.dll" id="d121ae8f-2f78-3376-c890-5242f8a31d29">
      <Execution id="24da02f9-705c-419a-b2cb-2d5b9ac78975" />
      <TestMethod codeBase="D:\DeepSpaceSaga\DSS\tests\DeepSpaceSaga.Contracts.Tests\bin\Debug\net8.0\DeepSpaceSaga.Contracts.Tests.dll" adapterTypeName="executor://xunit/VsTestRunner2/netcoreapp" className="DeepSpaceSaga.Contracts.Tests.SmokeTests" name="AuthoritativeSnapshot_is_instantiable" />
    </UnitTest>
    <UnitTest name="DeepSpaceSaga.Contracts.Tests.ShipEventTests.ShipEventTypes_are_snake_case" storage="d:\deepspacesaga\dss\tests\deepspacesaga.contracts.tests\bin\debug\net8.0\deepspacesaga.contracts.tests.dll" id="1b482788-d846-06c7-a23f-94d4c7b86a91">
      <Execution id="ff905dfd-d690-4606-9266-4a18d629a669" />
      <TestMethod codeBase="D:\DeepSpaceSaga\DSS\tests\DeepSpaceSaga.Contracts.Tests\bin\Debug\net8.0\DeepSpaceSaga.Contracts.Tests.dll" adapterTypeName="executor://xunit/VsTestRunner2/netcoreapp" className="DeepSpaceSaga.Contracts.Tests.ShipEventTests" name="ShipEventTypes_are_snake_case" />
    </UnitTest>
    <UnitTest name="DeepSpaceSaga.Contracts.Tests.InstalledModuleSnapshotTests.Serialization_round_trip_preserves_available_capacity_kg" storage="d:\deepspacesaga\dss\tests\deepspacesaga.contracts.tests\bin\debug\net8.0\deepspacesaga.contracts.tests.dll" id="10de9f77-7f70-5dfc-1442-bd2846e80c10">
      <Execution id="1f03cc76-e46e-4ddb-935f-bc4d4eee2012" />
      <TestMethod codeBase="D:\DeepSpaceSaga\DSS\tests\DeepSpaceSaga.Contracts.Tests\bin\Debug\net8.0\DeepSpaceSaga.Contracts.Tests.dll" adapterTypeName="executor://xunit/VsTestRunner2/netcoreapp" className="DeepSpaceSaga.Contracts.Tests.InstalledModuleSnapshotTests" name="Serialization_round_trip_preserves_available_capacity_kg" />
    </UnitTest>
    <UnitTest name="DeepSpaceSaga.Contracts.Tests.CommandResultTests.CommandResult_executed_quantity_defaults_to_null" storage="d:\deepspacesaga\dss\tests\deepspacesaga.contracts.tests\bin\debug\net8.0\deepspacesaga.contracts.tests.dll" id="082caa5e-76d9-01ff-6364-5101a5c292c9">
      <Execution id="68fc8009-786b-45c3-a8a2-9c30121311f3" />
      <TestMethod codeBase="D:\DeepSpaceSaga\DSS\tests\DeepSpaceSaga.Contracts.Tests\bin\Debug\net8.0\DeepSpaceSaga.Contracts.Tests.dll" adapterTypeName="executor://xunit/VsTestRunner2/netcoreapp" className="DeepSpaceSaga.Contracts.Tests.CommandResultTests" name="CommandResult_executed_quantity_defaults_to_null" />
    </UnitTest>
    <UnitTest name="DeepSpaceSaga.Contracts.Tests.InstalledModuleSnapshotTests.Cargo_defaults_to_default_or_empty" storage="d:\deepspacesaga\dss\tests\deepspacesaga.contracts.tests\bin\debug\net8.0\deepspacesaga.contracts.tests.dll" id="3ee54da8-223f-b4a3-63b5-59fa57820734">
      <Execution id="c0b0dbb5-c1ee-448a-ae0b-6003b30346fb" />
      <TestMethod codeBase="D:\DeepSpaceSaga\DSS\tests\DeepSpaceSaga.Contracts.Tests\bin\Debug\net8.0\DeepSpaceSaga.Contracts.Tests.dll" adapterTypeName="executor://xunit/VsTestRunner2/netcoreapp" className="DeepSpaceSaga.Contracts.Tests.InstalledModuleSnapshotTests" name="Cargo_defaults_to_default_or_empty" />
    </UnitTest>
    <UnitTest name="DeepSpaceSaga.Contracts.Tests.ArchitectureTests.Snapshot_sequence_is_incrementing" storage="d:\deepspacesaga\dss\tests\deepspacesaga.contracts.tests\bin\debug\net8.0\deepspacesaga.contracts.tests.dll" id="296b7923-b29e-0dee-ade9-18471f171cff">
      <Execution id="2f2ea06c-75de-4ef6-9773-8b7110223495" />
      <TestMethod codeBase="D:\DeepSpaceSaga\DSS\tests\DeepSpaceSaga.Contracts.Tests\bin\Debug\net8.0\DeepSpaceSaga.Contracts.Tests.dll" adapterTypeName="executor://xunit/VsTestRunner2/netcoreapp" className="DeepSpaceSaga.Contracts.Tests.ArchitectureTests" name="Snapshot_sequence_is_incrementing" />
    </UnitTest>
    <UnitTest name="DeepSpaceSaga.Contracts.Tests.CommandResultTests.Four_argument_constructor_defaults_round_trip_via_json" storage="d:\deepspacesaga\dss\tests\deepspacesaga.contracts.tests\bin\debug\net8.0\deepspacesaga.contracts.tests.dll" id="ed72ef14-5136-58ed-fc9b-638fa2c2d09a">
      <Execution id="a031332b-b6be-4849-98f7-a6bd4bd54d8e" />
      <TestMethod codeBase="D:\DeepSpaceSaga\DSS\tests\DeepSpaceSaga.Contracts.Tests\bin\Debug\net8.0\DeepSpaceSaga.Contracts.Tests.dll" adapterTypeName="executor://xunit/VsTestRunner2/netcoreapp" className="DeepSpaceSaga.Contracts.Tests.CommandResultTests" name="Four_argument_constructor_defaults_round_trip_via_json" />
    </UnitTest>
    <UnitTest name="DeepSpaceSaga.Contracts.Tests.CommandResultTests.Snapshot_command_results_are_immutable" storage="d:\deepspacesaga\dss\tests\deepspacesaga.contracts.tests\bin\debug\net8.0\deepspacesaga.contracts.tests.dll" id="74631061-8d15-f17a-8e3d-4376cdb7e087">
      <Execution id="0cc10d49-b276-450b-8c10-b18f5ae0fbce" />
      <TestMethod codeBase="D:\DeepSpaceSaga\DSS\tests\DeepSpaceSaga.Contracts.Tests\bin\Debug\net8.0\DeepSpaceSaga.Contracts.Tests.dll" adapterTypeName="executor://xunit/VsTestRunner2/netcoreapp" className="DeepSpaceSaga.Contracts.Tests.CommandResultTests" name="Snapshot_command_results_are_immutable" />
    </UnitTest>
    <UnitTest name="DeepSpaceSaga.Contracts.Tests.StationTradeSnapshotTests.AuthoritativeSnapshot_player_credits_round_trips_via_json_with_explicit_value" storage="d:\deepspacesaga\dss\tests\deepspacesaga.contracts.tests\bin\debug\net8.0\deepspacesaga.contracts.tests.dll" id="ecce8ad6-7f26-7bce-3e6b-e5c779159c5f">
      <Execution id="513e604b-1760-4f77-8602-05317114c526" />
      <TestMethod codeBase="D:\DeepSpaceSaga\DSS\tests\DeepSpaceSaga.Contracts.Tests\bin\Debug\net8.0\DeepSpaceSaga.Contracts.Tests.dll" adapterTypeName="executor://xunit/VsTestRunner2/netcoreapp" className="DeepSpaceSaga.Contracts.Tests.StationTradeSnapshotTests" name="AuthoritativeSnapshot_player_credits_round_trips_via_json_with_explicit_value" />
    </UnitTest>
    <UnitTest name="DeepSpaceSaga.Contracts.Tests.ShipEventTests.AuthoritativeSnapshot_round_trips_ship_events" storage="d:\deepspacesaga\dss\tests\deepspacesaga.contracts.tests\bin\debug\net8.0\deepspacesaga.contracts.tests.dll" id="ef267f50-28a8-516e-a186-9fcb3e0b64f0">
      <Execution id="50d7fe11-41d4-4f50-bb9d-9011ef80fb38" />
      <TestMethod codeBase="D:\DeepSpaceSaga\DSS\tests\DeepSpaceSaga.Contracts.Tests\bin\Debug\net8.0\DeepSpaceSaga.Contracts.Tests.dll" adapterTypeName="executor://xunit/VsTestRunner2/netcoreapp" className="DeepSpaceSaga.Contracts.Tests.ShipEventTests" name="AuthoritativeSnapshot_round_trips_ship_events" />
    </UnitTest>
    <UnitTest name="DeepSpaceSaga.Contracts.Tests.InstalledModuleSnapshotTests.Serialization_round_trip_preserves_populated_runtime_state_fields" storage="d:\deepspacesaga\dss\tests\deepspacesaga.contracts.tests\bin\debug\net8.0\deepspacesaga.contracts.tests.dll" id="6050ac42-16cd-4a4f-6272-786861a53926">
      <Execution id="5f1825bb-fbdd-45cf-b866-a4035cd34804" />
      <TestMethod codeBase="D:\DeepSpaceSaga\DSS\tests\DeepSpaceSaga.Contracts.Tests\bin\Debug\net8.0\DeepSpaceSaga.Contracts.Tests.dll" adapterTypeName="executor://xunit/VsTestRunner2/netcoreapp" className="DeepSpaceSaga.Contracts.Tests.InstalledModuleSnapshotTests" name="Serialization_round_trip_preserves_populated_runtime_state_fields" />
    </UnitTest>
    <UnitTest name="DeepSpaceSaga.Contracts.Tests.StationTradeSnapshotTests.AuthoritativeSnapshot_player_credits_defaults_to_zero" storage="d:\deepspacesaga\dss\tests\deepspacesaga.contracts.tests\bin\debug\net8.0\deepspacesaga.contracts.tests.dll" id="fb8c6f9a-9167-31dc-122d-d745010c9331">
      <Execution id="0e6318c6-4b60-45ad-bc9b-5d5cffb58e93" />
      <TestMethod codeBase="D:\DeepSpaceSaga\DSS\tests\DeepSpaceSaga.Contracts.Tests\bin\Debug\net8.0\DeepSpaceSaga.Contracts.Tests.dll" adapterTypeName="executor://xunit/VsTestRunner2/netcoreapp" className="DeepSpaceSaga.Contracts.Tests.StationTradeSnapshotTests" name="AuthoritativeSnapshot_player_credits_defaults_to_zero" />
    </UnitTest>
    <UnitTest name="DeepSpaceSaga.Contracts.Tests.SaveSlotInfoTests.SaveSlotInfo_is_instantiable" storage="d:\deepspacesaga\dss\tests\deepspacesaga.contracts.tests\bin\debug\net8.0\deepspacesaga.contracts.tests.dll" id="e7db911e-bac1-ab8c-9f29-3574dd4203c1">
      <Execution id="ab41975a-7682-4e88-8a38-4851d5b76126" />
      <TestMethod codeBase="D:\DeepSpaceSaga\DSS\tests\DeepSpaceSaga.Contracts.Tests\bin\Debug\net8.0\DeepSpaceSaga.Contracts.Tests.dll" adapterTypeName="executor://xunit/VsTestRunner2/netcoreapp" className="DeepSpaceSaga.Contracts.Tests.SaveSlotInfoTests" name="SaveSlotInfo_is_instantiable" />
    </UnitTest>
    <UnitTest name="DeepSpaceSaga.Contracts.Tests.CommandResultTests.Empty_snapshot_round_trips_with_empty_command_results" storage="d:\deepspacesaga\dss\tests\deepspacesaga.contracts.tests\bin\debug\net8.0\deepspacesaga.contracts.tests.dll" id="2cb1a1d4-6507-8180-7442-54c64ee880d1">
      <Execution id="23ed5f58-5aa5-40c2-a8c1-a7d6a52a3b24" />
      <TestMethod codeBase="D:\DeepSpaceSaga\DSS\tests\DeepSpaceSaga.Contracts.Tests\bin\Debug\net8.0\DeepSpaceSaga.Contracts.Tests.dll" adapterTypeName="executor://xunit/VsTestRunner2/netcoreapp" className="DeepSpaceSaga.Contracts.Tests.CommandResultTests" name="Empty_snapshot_round_trips_with_empty_command_results" />
    </UnitTest>
    <UnitTest name="DeepSpaceSaga.Contracts.Tests.ShipEventTests.ShipEventReasonCodes_are_snake_case" storage="d:\deepspacesaga\dss\tests\deepspacesaga.contracts.tests\bin\debug\net8.0\deepspacesaga.contracts.tests.dll" id="ce6bd4cc-7ce0-224b-15ba-17c70e1d1741">
      <Execution id="83243847-5099-4c24-8e75-b9601de4572e" />
      <TestMethod codeBase="D:\DeepSpaceSaga\DSS\tests\DeepSpaceSaga.Contracts.Tests\bin\Debug\net8.0\DeepSpaceSaga.Contracts.Tests.dll" adapterTypeName="executor://xunit/VsTestRunner2/netcoreapp" className="DeepSpaceSaga.Contracts.Tests.ShipEventTests" name="ShipEventReasonCodes_are_snake_case" />
    </UnitTest>
    <UnitTest name="DeepSpaceSaga.Contracts.Tests.InstalledModuleSnapshotTests.Serialization_round_trip_preserves_commands_metadata" storage="d:\deepspacesaga\dss\tests\deepspacesaga.contracts.tests\bin\debug\net8.0\deepspacesaga.contracts.tests.dll" id="72c040f0-696f-3b2e-6ef3-d0e18ee2c58a">
      <Execution id="6a97f63e-0dfe-4c7d-bddb-ef92b780af4d" />
      <TestMethod codeBase="D:\DeepSpaceSaga\DSS\tests\DeepSpaceSaga.Contracts.Tests\bin\Debug\net8.0\DeepSpaceSaga.Contracts.Tests.dll" adapterTypeName="executor://xunit/VsTestRunner2/netcoreapp" className="DeepSpaceSaga.Contracts.Tests.InstalledModuleSnapshotTests" name="Serialization_round_trip_preserves_commands_metadata" />
    </UnitTest>
    <UnitTest name="DeepSpaceSaga.Contracts.Tests.SmokeTests.PlayerCommand_is_instantiable" storage="d:\deepspacesaga\dss\tests\deepspacesaga.contracts.tests\bin\debug\net8.0\deepspacesaga.contracts.tests.dll" id="8002dda2-d102-6b3c-5893-db51bf10b4f2">
      <Execution id="7cb1b5aa-386f-45e3-873d-d66396661d53" />
      <TestMethod codeBase="D:\DeepSpaceSaga\DSS\tests\DeepSpaceSaga.Contracts.Tests\bin\Debug\net8.0\DeepSpaceSaga.Contracts.Tests.dll" adapterTypeName="executor://xunit/VsTestRunner2/netcoreapp" className="DeepSpaceSaga.Contracts.Tests.SmokeTests" name="PlayerCommand_is_instantiable" />
    </UnitTest>
    <UnitTest name="DeepSpaceSaga.Contracts.Tests.StationTradeSnapshotTests.AuthoritativeSnapshot_docked_station_trade_defaults_to_null" storage="d:\deepspacesaga\dss\tests\deepspacesaga.contracts.tests\bin\debug\net8.0\deepspacesaga.contracts.tests.dll" id="17c552ec-c468-79bc-4dbe-6c7acc1e846d">
      <Execution id="6e98c9f1-c567-4ce3-8399-d394cbcde7eb" />
      <TestMethod codeBase="D:\DeepSpaceSaga\DSS\tests\DeepSpaceSaga.Contracts.Tests\bin\Debug\net8.0\DeepSpaceSaga.Contracts.Tests.dll" adapterTypeName="executor://xunit/VsTestRunner2/netcoreapp" className="DeepSpaceSaga.Contracts.Tests.StationTradeSnapshotTests" name="AuthoritativeSnapshot_docked_station_trade_defaults_to_null" />
    </UnitTest>
    <UnitTest name="DeepSpaceSaga.Contracts.Tests.CommandResultTests.CommandReasonCodes_are_snake_case" storage="d:\deepspacesaga\dss\tests\deepspacesaga.contracts.tests\bin\debug\net8.0\deepspacesaga.contracts.tests.dll" id="0a25ab9d-dc2d-719e-9f12-5950cb10f5d1">
      <Execution id="4d335ce1-5550-4e9c-ac0a-a723e9520389" />
      <TestMethod codeBase="D:\DeepSpaceSaga\DSS\tests\DeepSpaceSaga.Contracts.Tests\bin\Debug\net8.0\DeepSpaceSaga.Contracts.Tests.dll" adapterTypeName="executor://xunit/VsTestRunner2/netcoreapp" className="DeepSpaceSaga.Contracts.Tests.CommandResultTests" name="CommandReasonCodes_are_snake_case" />
    </UnitTest>
    <UnitTest name="DeepSpaceSaga.Contracts.Tests.DialogueContractTests.Dialogue_snapshot_and_commands_round_trip_through_json" storage="d:\deepspacesaga\dss\tests\deepspacesaga.contracts.tests\bin\debug\net8.0\deepspacesaga.contracts.tests.dll" id="eb6c2041-41b2-6fd5-abc7-93dee92c6463">
      <Execution id="d1201759-71a1-4ad7-a11d-8525d885ad97" />
      <TestMethod codeBase="D:\DeepSpaceSaga\DSS\tests\DeepSpaceSaga.Contracts.Tests\bin\Debug\net8.0\DeepSpaceSaga.Contracts.Tests.dll" adapterTypeName="executor://xunit/VsTestRunner2/netcoreapp" className="DeepSpaceSaga.Contracts.Tests.DialogueContractTests" name="Dialogue_snapshot_and_commands_round_trip_through_json" />
    </UnitTest>
    <UnitTest name="DeepSpaceSaga.Contracts.Tests.CommandResultTests.CommandResult_is_instantiable" storage="d:\deepspacesaga\dss\tests\deepspacesaga.contracts.tests\bin\debug\net8.0\deepspacesaga.contracts.tests.dll" id="702fa0ac-dfc8-7e14-bf6c-fbf6fd9b858a">
      <Execution id="e0b9fea5-b562-474c-b5c5-e646c71d145b" />
      <TestMethod codeBase="D:\DeepSpaceSaga\DSS\tests\DeepSpaceSaga.Contracts.Tests\bin\Debug\net8.0\DeepSpaceSaga.Contracts.Tests.dll" adapterTypeName="executor://xunit/VsTestRunner2/netcoreapp" className="DeepSpaceSaga.Contracts.Tests.CommandResultTests" name="CommandResult_is_instantiable" />
    </UnitTest>
    <UnitTest name="DeepSpaceSaga.Contracts.Tests.CommandResultTests.AuthoritativeSnapshot_round_trips_command_results" storage="d:\deepspacesaga\dss\tests\deepspacesaga.contracts.tests\bin\debug\net8.0\deepspacesaga.contracts.tests.dll" id="00753e97-9011-c330-024d-fe9ee5720522">
      <Execution id="3f0d52c7-6602-4ca5-8cc3-5e427f2367d4" />
      <TestMethod codeBase="D:\DeepSpaceSaga\DSS\tests\DeepSpaceSaga.Contracts.Tests\bin\Debug\net8.0\DeepSpaceSaga.Contracts.Tests.dll" adapterTypeName="executor://xunit/VsTestRunner2/netcoreapp" className="DeepSpaceSaga.Contracts.Tests.CommandResultTests" name="AuthoritativeSnapshot_round_trips_command_results" />
    </UnitTest>
    <UnitTest name="DeepSpaceSaga.Contracts.Tests.ShipEventTests.ShipEvent_is_instantiable" storage="d:\deepspacesaga\dss\tests\deepspacesaga.contracts.tests\bin\debug\net8.0\deepspacesaga.contracts.tests.dll" id="a2cd1832-20a8-737f-74bd-910756a09686">
      <Execution id="9b0ab77b-f292-47d5-a866-126cca451d33" />
      <TestMethod codeBase="D:\DeepSpaceSaga\DSS\tests\DeepSpaceSaga.Contracts.Tests\bin\Debug\net8.0\DeepSpaceSaga.Contracts.Tests.dll" adapterTypeName="executor://xunit/VsTestRunner2/netcoreapp" className="DeepSpaceSaga.Contracts.Tests.ShipEventTests" name="ShipEvent_is_instantiable" />
    </UnitTest>
    <UnitTest name="DeepSpaceSaga.Contracts.Tests.SaveSlotInfoTests.SaveSlotInfo_round_trips_via_json" storage="d:\deepspacesaga\dss\tests\deepspacesaga.contracts.tests\bin\debug\net8.0\deepspacesaga.contracts.tests.dll" id="22ccbc31-1c8b-4a3f-ea76-86afde23d0a3">
      <Execution id="e1a683e8-30f9-485d-8f36-243319f0e869" />
      <TestMethod codeBase="D:\DeepSpaceSaga\DSS\tests\DeepSpaceSaga.Contracts.Tests\bin\Debug\net8.0\DeepSpaceSaga.Contracts.Tests.dll" adapterTypeName="executor://xunit/VsTestRunner2/netcoreapp" className="DeepSpaceSaga.Contracts.Tests.SaveSlotInfoTests" name="SaveSlotInfo_round_trips_via_json" />
    </UnitTest>
    <UnitTest name="DeepSpaceSaga.Contracts.Tests.ArchitectureTests.ObjectMotionSnapshot_holds_coordinates" storage="d:\deepspacesaga\dss\tests\deepspacesaga.contracts.tests\bin\debug\net8.0\deepspacesaga.contracts.tests.dll" id="4f4e9529-4733-3e3f-9432-5c04b4122c5b">
      <Execution id="8580a283-f310-40ca-bfe6-1a3fba52d143" />
      <TestMethod codeBase="D:\DeepSpaceSaga\DSS\tests\DeepSpaceSaga.Contracts.Tests\bin\Debug\net8.0\DeepSpaceSaga.Contracts.Tests.dll" adapterTypeName="executor://xunit/VsTestRunner2/netcoreapp" className="DeepSpaceSaga.Contracts.Tests.ArchitectureTests" name="ObjectMotionSnapshot_holds_coordinates" />
    </UnitTest>
    <UnitTest name="DeepSpaceSaga.Contracts.Tests.CommandResultTests.Trade_CommandReasonCodes_are_snake_case" storage="d:\deepspacesaga\dss\tests\deepspacesaga.contracts.tests\bin\debug\net8.0\deepspacesaga.contracts.tests.dll" id="17ca48b8-718d-3954-f533-87c97b622dc7">
      <Execution id="5273e187-9df9-4e0f-adf9-6ca96d8c0856" />
      <TestMethod codeBase="D:\DeepSpaceSaga\DSS\tests\DeepSpaceSaga.Contracts.Tests\bin\Debug\net8.0\DeepSpaceSaga.Contracts.Tests.dll" adapterTypeName="executor://xunit/VsTestRunner2/netcoreapp" className="DeepSpaceSaga.Contracts.Tests.CommandResultTests" name="Trade_CommandReasonCodes_are_snake_case" />
    </UnitTest>
  </TestDefinitions>
  <TestEntries>
    <TestEntry testId="eb6c2041-41b2-6fd5-abc7-93dee92c6463" executionId="d1201759-71a1-4ad7-a11d-8525d885ad97" testListId="8c84fa94-04c1-424b-9868-57a2d4851a1d" />
    <TestEntry testId="28de73a6-7346-09ba-6cd2-1475e82e8d18" executionId="cb8c5e8f-2dff-4aff-9de6-56a661024207" testListId="8c84fa94-04c1-424b-9868-57a2d4851a1d" />
    <TestEntry testId="1ecfe82c-534e-4673-62ca-027d30df951b" executionId="4736877c-8023-4e91-bd41-74e019e1cbaa" testListId="8c84fa94-04c1-424b-9868-57a2d4851a1d" />
    <TestEntry testId="082caa5e-76d9-01ff-6364-5101a5c292c9" executionId="68fc8009-786b-45c3-a8a2-9c30121311f3" testListId="8c84fa94-04c1-424b-9868-57a2d4851a1d" />
    <TestEntry testId="22ccbc31-1c8b-4a3f-ea76-86afde23d0a3" executionId="e1a683e8-30f9-485d-8f36-243319f0e869" testListId="8c84fa94-04c1-424b-9868-57a2d4851a1d" />
    <TestEntry testId="3d78e549-5ff1-a6b9-699e-c365a6dfa1ed" executionId="01a10003-6394-4e0e-995d-daefc4d2f63b" testListId="8c84fa94-04c1-424b-9868-57a2d4851a1d" />
    <TestEntry testId="ef267f50-28a8-516e-a186-9fcb3e0b64f0" executionId="50d7fe11-41d4-4f50-bb9d-9011ef80fb38" testListId="8c84fa94-04c1-424b-9868-57a2d4851a1d" />
    <TestEntry testId="a2e48fe1-163b-6cbc-c366-eecc0c55ab2b" executionId="2aa9029c-7525-4dc2-a83d-1aae62b2113b" testListId="8c84fa94-04c1-424b-9868-57a2d4851a1d" />
    <TestEntry testId="26258d51-d6f1-f089-2d56-f98cfddd1d46" executionId="7df18307-e6da-4b27-85d8-ecc3e607a259" testListId="8c84fa94-04c1-424b-9868-57a2d4851a1d" />
    <TestEntry testId="ce6bd4cc-7ce0-224b-15ba-17c70e1d1741" executionId="83243847-5099-4c24-8e75-b9601de4572e" testListId="8c84fa94-04c1-424b-9868-57a2d4851a1d" />
    <TestEntry testId="d121ae8f-2f78-3376-c890-5242f8a31d29" executionId="24da02f9-705c-419a-b2cb-2d5b9ac78975" testListId="8c84fa94-04c1-424b-9868-57a2d4851a1d" />
    <TestEntry testId="8b74889d-d5b7-eb10-c516-392e2d28a0f4" executionId="110151ca-e874-44b1-8b1f-94c3b7864d3c" testListId="8c84fa94-04c1-424b-9868-57a2d4851a1d" />
    <TestEntry testId="1b482788-d846-06c7-a23f-94d4c7b86a91" executionId="ff905dfd-d690-4606-9266-4a18d629a669" testListId="8c84fa94-04c1-424b-9868-57a2d4851a1d" />
    <TestEntry testId="f24dcf5a-54da-0122-0df5-e887a54bab9b" executionId="9f20787f-cd93-43b9-94c9-53b46d03eead" testListId="8c84fa94-04c1-424b-9868-57a2d4851a1d" />
    <TestEntry testId="10de9f77-7f70-5dfc-1442-bd2846e80c10" executionId="1f03cc76-e46e-4ddb-935f-bc4d4eee2012" testListId="8c84fa94-04c1-424b-9868-57a2d4851a1d" />
    <TestEntry testId="4d57b362-dfde-646f-a7e9-6fd3032180c6" executionId="9599d7b9-a700-4b43-a0ce-fd6d897c9155" testListId="8c84fa94-04c1-424b-9868-57a2d4851a1d" />
    <TestEntry testId="0d117a46-b63c-3d3e-94a1-a5feb85f4404" executionId="f69625e4-1bce-4593-bf0c-b447f98b1043" testListId="8c84fa94-04c1-424b-9868-57a2d4851a1d" />
    <TestEntry testId="9d4ea003-2a70-f253-dd68-89f2681c0e54" executionId="41a8829c-ef03-490a-adc0-caf89953df73" testListId="8c84fa94-04c1-424b-9868-57a2d4851a1d" />
    <TestEntry testId="fb8c6f9a-9167-31dc-122d-d745010c9331" executionId="0e6318c6-4b60-45ad-bc9b-5d5cffb58e93" testListId="8c84fa94-04c1-424b-9868-57a2d4851a1d" />
    <TestEntry testId="4f4e9529-4733-3e3f-9432-5c04b4122c5b" executionId="8580a283-f310-40ca-bfe6-1a3fba52d143" testListId="8c84fa94-04c1-424b-9868-57a2d4851a1d" />
    <TestEntry testId="fe7b1ec7-a654-ddb4-8b98-2f68dc621b4d" executionId="5ee80b02-581c-4f39-873a-b13be071691a" testListId="8c84fa94-04c1-424b-9868-57a2d4851a1d" />
    <TestEntry testId="a2cd1832-20a8-737f-74bd-910756a09686" executionId="9b0ab77b-f292-47d5-a866-126cca451d33" testListId="8c84fa94-04c1-424b-9868-57a2d4851a1d" />
    <TestEntry testId="2bda1aab-8022-1b41-f2a7-bf7509480329" executionId="f9d995bd-fe40-4fb8-a0c3-c0eaafad7659" testListId="8c84fa94-04c1-424b-9868-57a2d4851a1d" />
    <TestEntry testId="9ba9394f-130a-6bc4-7ce2-3d4fb65f45d4" executionId="ed82029a-6e7c-41e4-9e27-227ed6d5cdcf" testListId="8c84fa94-04c1-424b-9868-57a2d4851a1d" />
    <TestEntry testId="d5ea920e-5740-6cbe-a52f-bd6f5193f3ce" executionId="7fb1f74a-ed4d-48e6-b6b5-5b819d8dcb93" testListId="8c84fa94-04c1-424b-9868-57a2d4851a1d" />
    <TestEntry testId="1265bc8a-b018-d0c2-0e97-82d9a7fab902" executionId="989edd3e-c640-428a-a84f-fba8871906e6" testListId="8c84fa94-04c1-424b-9868-57a2d4851a1d" />
    <TestEntry testId="8002dda2-d102-6b3c-5893-db51bf10b4f2" executionId="7cb1b5aa-386f-45e3-873d-d66396661d53" testListId="8c84fa94-04c1-424b-9868-57a2d4851a1d" />
    <TestEntry testId="e7db911e-bac1-ab8c-9f29-3574dd4203c1" executionId="ab41975a-7682-4e88-8a38-4851d5b76126" testListId="8c84fa94-04c1-424b-9868-57a2d4851a1d" />
    <TestEntry testId="72c040f0-696f-3b2e-6ef3-d0e18ee2c58a" executionId="6a97f63e-0dfe-4c7d-bddb-ef92b780af4d" testListId="8c84fa94-04c1-424b-9868-57a2d4851a1d" />
    <TestEntry testId="ed72ef14-5136-58ed-fc9b-638fa2c2d09a" executionId="a031332b-b6be-4849-98f7-a6bd4bd54d8e" testListId="8c84fa94-04c1-424b-9868-57a2d4851a1d" />
    <TestEntry testId="3ee54da8-223f-b4a3-63b5-59fa57820734" executionId="c0b0dbb5-c1ee-448a-ae0b-6003b30346fb" testListId="8c84fa94-04c1-424b-9868-57a2d4851a1d" />
    <TestEntry testId="4110cfc8-ce88-88c1-2c16-98f3a4224b8a" executionId="cc72a7d3-0bc6-4797-9d62-56dedd18b2f1" testListId="8c84fa94-04c1-424b-9868-57a2d4851a1d" />
    <TestEntry testId="e4ba1347-2799-877a-ff1f-6106c325c74f" executionId="a9aefffc-205c-4901-aecc-db446376d7b6" testListId="8c84fa94-04c1-424b-9868-57a2d4851a1d" />
    <TestEntry testId="508ff65b-a839-1aba-673a-c5c656ee9ed3" executionId="5059d333-8b78-4c83-9e07-77f59b98e0a4" testListId="8c84fa94-04c1-424b-9868-57a2d4851a1d" />
    <TestEntry testId="f88d515a-ce59-288d-c4b2-7b11e291643a" executionId="3ce80590-de80-4075-a763-002dbf84d230" testListId="8c84fa94-04c1-424b-9868-57a2d4851a1d" />
    <TestEntry testId="6050ac42-16cd-4a4f-6272-786861a53926" executionId="5f1825bb-fbdd-45cf-b866-a4035cd34804" testListId="8c84fa94-04c1-424b-9868-57a2d4851a1d" />
    <TestEntry testId="296b7923-b29e-0dee-ade9-18471f171cff" executionId="2f2ea06c-75de-4ef6-9773-8b7110223495" testListId="8c84fa94-04c1-424b-9868-57a2d4851a1d" />
    <TestEntry testId="2cb1a1d4-6507-8180-7442-54c64ee880d1" executionId="23ed5f58-5aa5-40c2-a8c1-a7d6a52a3b24" testListId="8c84fa94-04c1-424b-9868-57a2d4851a1d" />
    <TestEntry testId="17ca48b8-718d-3954-f533-87c97b622dc7" executionId="5273e187-9df9-4e0f-adf9-6ca96d8c0856" testListId="8c84fa94-04c1-424b-9868-57a2d4851a1d" />
    <TestEntry testId="ecce8ad6-7f26-7bce-3e6b-e5c779159c5f" executionId="513e604b-1760-4f77-8602-05317114c526" testListId="8c84fa94-04c1-424b-9868-57a2d4851a1d" />
    <TestEntry testId="702fa0ac-dfc8-7e14-bf6c-fbf6fd9b858a" executionId="e0b9fea5-b562-474c-b5c5-e646c71d145b" testListId="8c84fa94-04c1-424b-9868-57a2d4851a1d" />
    <TestEntry testId="74631061-8d15-f17a-8e3d-4376cdb7e087" executionId="0cc10d49-b276-450b-8c10-b18f5ae0fbce" testListId="8c84fa94-04c1-424b-9868-57a2d4851a1d" />
    <TestEntry testId="a91cc785-44f9-3ff4-ae59-2a294b197e45" executionId="2f77cefa-ddfa-41e9-a582-545392943421" testListId="8c84fa94-04c1-424b-9868-57a2d4851a1d" />
    <TestEntry testId="0a25ab9d-dc2d-719e-9f12-5950cb10f5d1" executionId="4d335ce1-5550-4e9c-ac0a-a723e9520389" testListId="8c84fa94-04c1-424b-9868-57a2d4851a1d" />
    <TestEntry testId="00753e97-9011-c330-024d-fe9ee5720522" executionId="3f0d52c7-6602-4ca5-8cc3-5e427f2367d4" testListId="8c84fa94-04c1-424b-9868-57a2d4851a1d" />
    <TestEntry testId="00bde8b4-1304-a645-d001-694ea6adc65c" executionId="868895fa-1009-4e60-8292-c608cc3e29e0" testListId="8c84fa94-04c1-424b-9868-57a2d4851a1d" />
    <TestEntry testId="17c552ec-c468-79bc-4dbe-6c7acc1e846d" executionId="6e98c9f1-c567-4ce3-8399-d394cbcde7eb" testListId="8c84fa94-04c1-424b-9868-57a2d4851a1d" />
    <TestEntry testId="da948b2f-adc6-be32-e295-9af77042af4e" executionId="97e6abf7-a378-4896-85d2-460cb640b775" testListId="8c84fa94-04c1-424b-9868-57a2d4851a1d" />
  </TestEntries>
  <TestLists>
    <TestList name="Results Not in a List" id="8c84fa94-04c1-424b-9868-57a2d4851a1d" />
    <TestList name="All Loaded Results" id="19431567-8539-422a-85d7-44ee4e166bda" />
  </TestLists>
  <ResultSummary outcome="Completed">
    <Counters total="48" executed="48" passed="48" failed="0" error="0" timeout="0" aborted="0" inconclusive="0" passedButRunAborted="0" notRunnable="0" notExecuted="0" disconnected="0" warning="0" completed="0" inProgress="0" pending="0" />
    <Output>
      <StdOut>[xUnit.net 00:00:00.00] xUnit.net VSTest Adapter v2.8.2+699d445a1a (64-bit .NET 8.0.26)&#xD;
[xUnit.net 00:00:00.54]   Discovering: DeepSpaceSaga.Contracts.Tests&#xD;
[xUnit.net 00:00:00.63]   Discovered:  DeepSpaceSaga.Contracts.Tests&#xD;
[xUnit.net 00:00:00.63]   Starting:    DeepSpaceSaga.Contracts.Tests&#xD;
[xUnit.net 00:00:01.12]   Finished:    DeepSpaceSaga.Contracts.Tests&#xD;
</StdOut>
    </Output>
  </ResultSummary>
</TestRun>