<?xml version="1.0" encoding="utf-8"?>
<TestRun id="a78f1dd0-7930-4440-83da-33d925e8183f" name="sushi@VITA-CASTLE 2026-09-12 21:27:11" runUser="VITA-CASTLE\CodexSandboxOffline" xmlns="http://microsoft.com/schemas/VisualStudio/TeamTest/2010">
  <Times creation="2026-09-12T21:27:11.0892913+03:00" queuing="2026-09-12T21:27:11.0892920+03:00" start="2026-09-12T21:27:10.4931008+03:00" finish="2026-09-12T21:27:11.1755403+03:00" />
  <TestSettings name="default" id="c6de47cb-89ae-4ce1-ad63-cdd627cd4aa2">
    <Deployment runDeploymentRoot="sushi_VITA-CASTLE_2026-09-12_21_27_11" />
  </TestSettings>
  <Results>
    <UnitTestResult executionId="9340d3e0-ddcf-4780-ba1c-4fabe80287a7" testId="9ba9394f-130a-6bc4-7ce2-3d4fb65f45d4" testName="DeepSpaceSaga.Contracts.Tests.SmokeTests.ShipEngineCommandTypes_expose_stable_ids" computerName="VITA-CASTLE" duration="00:00:00.0000685" startTime="2026-09-12T21:27:11.1010889+03:00" endTime="2026-09-12T21:27:11.1010890+03:00" testType="13cdc9d9-ddb5-4fa4-a97d-d965ccfc6d4b" outcome="Passed" testListId="8c84fa94-04c1-424b-9868-57a2d4851a1d" relativeResultsDirectory="9340d3e0-ddcf-4780-ba1c-4fabe80287a7" />
    <UnitTestResult executionId="25cd1d63-dcdf-40b0-9ea9-d53880342e68" testId="f24dcf5a-54da-0122-0df5-e887a54bab9b" testName="DeepSpaceSaga.Contracts.Tests.InstalledModuleSnapshotTests.Commands_metadata_defaults_to_none_target" computerName="VITA-CASTLE" duration="00:00:00.0000412" startTime="2026-09-12T21:27:11.0982108+03:00" endTime="2026-09-12T21:27:11.0982109+03:00" testType="13cdc9d9-ddb5-4fa4-a97d-d965ccfc6d4b" outcome="Passed" testListId="8c84fa94-04c1-424b-9868-57a2d4851a1d" relativeResultsDirectory="25cd1d63-dcdf-40b0-9ea9-d53880342e68" />
    <UnitTestResult executionId="9e932b9b-735e-4864-9022-374a26aeee83" testId="6050ac42-16cd-4a4f-6272-786861a53926" testName="DeepSpaceSaga.Contracts.Tests.InstalledModuleSnapshotTests.Serialization_round_trip_preserves_populated_runtime_state_fields" computerName="VITA-CASTLE" duration="00:00:00.0002415" startTime="2026-09-12T21:27:11.0975176+03:00" endTime="2026-09-12T21:27:11.0975177+03:00" testType="13cdc9d9-ddb5-4fa4-a97d-d965ccfc6d4b" outcome="Passed" testListId="8c84fa94-04c1-424b-9868-57a2d4851a1d" relativeResultsDirectory="9e932b9b-735e-4864-9022-374a26aeee83" />
    <UnitTestResult executionId="bdf4bf74-5107-4653-a8c7-16440481c947" testId="3ee54da8-223f-b4a3-63b5-59fa57820734" testName="DeepSpaceSaga.Contracts.Tests.InstalledModuleSnapshotTests.Cargo_defaults_to_default_or_empty" computerName="VITA-CASTLE" duration="00:00:00.0000820" startTime="2026-09-12T21:27:11.0982591+03:00" endTime="2026-09-12T21:27:11.0982592+03:00" testType="13cdc9d9-ddb5-4fa4-a97d-d965ccfc6d4b" outcome="Passed" testListId="8c84fa94-04c1-424b-9868-57a2d4851a1d" relativeResultsDirectory="bdf4bf74-5107-4653-a8c7-16440481c947" />
    <UnitTestResult executionId="40faee94-8de5-46e9-800e-03535843c8df" testId="9d4ea003-2a70-f253-dd68-89f2681c0e54" testName="DeepSpaceSaga.Contracts.Tests.CommandResultTests.CommandResult_executed_quantity_round_trips_via_json" computerName="VITA-CASTLE" duration="00:00:00.0364547" startTime="2026-09-12T21:27:11.0651312+03:00" endTime="2026-09-12T21:27:11.0651312+03:00" testType="13cdc9d9-ddb5-4fa4-a97d-d965ccfc6d4b" outcome="Passed" testListId="8c84fa94-04c1-424b-9868-57a2d4851a1d" relativeResultsDirectory="40faee94-8de5-46e9-800e-03535843c8df" />
    <UnitTestResult executionId="50c718d5-999f-4006-ba37-29c0e2b4f09e" testId="8002dda2-d102-6b3c-5893-db51bf10b4f2" testName="DeepSpaceSaga.Contracts.Tests.SmokeTests.PlayerCommand_is_instantiable" computerName="VITA-CASTLE" duration="00:00:00.0001237" startTime="2026-09-12T21:27:11.1009904+03:00" endTime="2026-09-12T21:27:11.1009909+03:00" testType="13cdc9d9-ddb5-4fa4-a97d-d965ccfc6d4b" outcome="Passed" testListId="8c84fa94-04c1-424b-9868-57a2d4851a1d" relativeResultsDirectory="50c718d5-999f-4006-ba37-29c0e2b4f09e" />
    <UnitTestResult executionId="61470073-ef0e-42c7-a7ef-e05714203927" testId="f88d515a-ce59-288d-c4b2-7b11e291643a" testName="DeepSpaceSaga.Contracts.Tests.InstalledModuleSnapshotTests.Cargo_round_trips_via_json_with_populated_stacks" computerName="VITA-CASTLE" duration="00:00:00.0752141" startTime="2026-09-12T21:27:11.0946192+03:00" endTime="2026-09-12T21:27:11.0946193+03:00" testType="13cdc9d9-ddb5-4fa4-a97d-d965ccfc6d4b" outcome="Passed" testListId="8c84fa94-04c1-424b-9868-57a2d4851a1d" relativeResultsDirectory="61470073-ef0e-42c7-a7ef-e05714203927" />
    <UnitTestResult executionId="a74763a3-776f-40ce-9f23-5c71f9067b99" testId="ef267f50-28a8-516e-a186-9fcb3e0b64f0" testName="DeepSpaceSaga.Contracts.Tests.ShipEventTests.AuthoritativeSnapshot_round_trips_ship_events" computerName="VITA-CASTLE" duration="00:00:00.0618099" startTime="2026-09-12T21:27:11.0945943+03:00" endTime="2026-09-12T21:27:11.0945945+03:00" testType="13cdc9d9-ddb5-4fa4-a97d-d965ccfc6d4b" outcome="Passed" testListId="8c84fa94-04c1-424b-9868-57a2d4851a1d" relativeResultsDirectory="a74763a3-776f-40ce-9f23-5c71f9067b99" />
    <UnitTestResult executionId="9ff022e5-22ae-485f-9413-7470ced6d278" testId="26258d51-d6f1-f089-2d56-f98cfddd1d46" testName="DeepSpaceSaga.Contracts.Tests.InstalledModuleSnapshotTests.Serialization_round_trip_preserves_cabines_count" computerName="VITA-CASTLE" duration="00:00:00.0017761" startTime="2026-09-12T21:27:11.0964632+03:00" endTime="2026-09-12T21:27:11.0964637+03:00" testType="13cdc9d9-ddb5-4fa4-a97d-d965ccfc6d4b" outcome="Passed" testListId="8c84fa94-04c1-424b-9868-57a2d4851a1d" relativeResultsDirectory="9ff022e5-22ae-485f-9413-7470ced6d278" />
    <UnitTestResult executionId="4180fdb9-febc-4443-8d56-93c48cc596bf" testId="e7db911e-bac1-ab8c-9f29-3574dd4203c1" testName="DeepSpaceSaga.Contracts.Tests.SaveSlotInfoTests.SaveSlotInfo_is_instantiable" computerName="VITA-CASTLE" duration="00:00:00.0041537" startTime="2026-09-12T21:27:11.0287779+03:00" endTime="2026-09-12T21:27:11.0287780+03:00" testType="13cdc9d9-ddb5-4fa4-a97d-d965ccfc6d4b" outcome="Passed" testListId="8c84fa94-04c1-424b-9868-57a2d4851a1d" relativeResultsDirectory="4180fdb9-febc-4443-8d56-93c48cc596bf" />
    <UnitTestResult executionId="aa69da6b-4733-4be5-a59c-30aad5420491" testId="4110cfc8-ce88-88c1-2c16-98f3a4224b8a" testName="DeepSpaceSaga.Contracts.Tests.SmokeTests.IGameSessionConnection_declares_SetObjectInteractionStateAsync" computerName="VITA-CASTLE" duration="00:00:00.0001204" startTime="2026-09-12T21:27:11.1010652+03:00" endTime="2026-09-12T21:27:11.1010653+03:00" testType="13cdc9d9-ddb5-4fa4-a97d-d965ccfc6d4b" outcome="Passed" testListId="8c84fa94-04c1-424b-9868-57a2d4851a1d" relativeResultsDirectory="aa69da6b-4733-4be5-a59c-30aad5420491" />
    <UnitTestResult executionId="26130807-057f-495d-9700-18a5e9beb731" testId="3d78e549-5ff1-a6b9-699e-c365a6dfa1ed" testName="DeepSpaceSaga.Contracts.Tests.CommandResultTests.CommandResultStatus_has_all_five_values" computerName="VITA-CASTLE" duration="00:00:00.0017080" startTime="2026-09-12T21:27:11.0947971+03:00" endTime="2026-09-12T21:27:11.0947972+03:00" testType="13cdc9d9-ddb5-4fa4-a97d-d965ccfc6d4b" outcome="Passed" testListId="8c84fa94-04c1-424b-9868-57a2d4851a1d" relativeResultsDirectory="26130807-057f-495d-9700-18a5e9beb731" />
    <UnitTestResult executionId="81921d30-7c92-4cbf-be08-ad21c1ee9dc7" testId="2bda1aab-8022-1b41-f2a7-bf7509480329" testName="DeepSpaceSaga.Contracts.Tests.SmokeTests.AuthoritativeSnapshot_defaults_object_interaction_ids_to_null" computerName="VITA-CASTLE" duration="00:00:00.0002958" startTime="2026-09-12T21:27:11.1046773+03:00" endTime="2026-09-12T21:27:11.1046773+03:00" testType="13cdc9d9-ddb5-4fa4-a97d-d965ccfc6d4b" outcome="Passed" testListId="8c84fa94-04c1-424b-9868-57a2d4851a1d" relativeResultsDirectory="81921d30-7c92-4cbf-be08-ad21c1ee9dc7" />
    <UnitTestResult executionId="9cd550fc-4af4-4e41-895e-13121a171a88" testId="296b7923-b29e-0dee-ade9-18471f171cff" testName="DeepSpaceSaga.Contracts.Tests.ArchitectureTests.Snapshot_sequence_is_incrementing" computerName="VITA-CASTLE" duration="00:00:00.0041206" startTime="2026-09-12T21:27:11.0287834+03:00" endTime="2026-09-12T21:27:11.0287835+03:00" testType="13cdc9d9-ddb5-4fa4-a97d-d965ccfc6d4b" outcome="Passed" testListId="8c84fa94-04c1-424b-9868-57a2d4851a1d" relativeResultsDirectory="9cd550fc-4af4-4e41-895e-13121a171a88" />
    <UnitTestResult executionId="659b5b8c-a29e-43fc-9f16-f2760734e922" testId="a91cc785-44f9-3ff4-ae59-2a294b197e45" testName="DeepSpaceSaga.Contracts.Tests.ShipEventTests.Snapshot_ship_events_are_immutable" computerName="VITA-CASTLE" duration="00:00:00.0063041" startTime="2026-09-12T21:27:11.0650890+03:00" endTime="2026-09-12T21:27:11.0650890+03:00" testType="13cdc9d9-ddb5-4fa4-a97d-d965ccfc6d4b" outcome="Passed" testListId="8c84fa94-04c1-424b-9868-57a2d4851a1d" relativeResultsDirectory="659b5b8c-a29e-43fc-9f16-f2760734e922" />
    <UnitTestResult executionId="efe1419c-c400-41cd-beb3-8178eaf31fcb" testId="fe7b1ec7-a654-ddb4-8b98-2f68dc621b4d" testName="DeepSpaceSaga.Contracts.Tests.SmokeTests.IGameSessionConnection_is_defined" computerName="VITA-CASTLE" duration="00:00:00.0001743" startTime="2026-09-12T21:27:11.1077667+03:00" endTime="2026-09-12T21:27:11.1077667+03:00" testType="13cdc9d9-ddb5-4fa4-a97d-d965ccfc6d4b" outcome="Passed" testListId="8c84fa94-04c1-424b-9868-57a2d4851a1d" relativeResultsDirectory="efe1419c-c400-41cd-beb3-8178eaf31fcb" />
    <UnitTestResult executionId="45826cfa-a307-42d7-96af-c9a27fdfd483" testId="508ff65b-a839-1aba-673a-c5c656ee9ed3" testName="DeepSpaceSaga.Contracts.Tests.SmokeTests.AuthoritativeSnapshot_serialization_round_trip_preserves_object_interaction_ids" computerName="VITA-CASTLE" duration="00:00:00.0005450" startTime="2026-09-12T21:27:11.0997313+03:00" endTime="2026-09-12T21:27:11.0997314+03:00" testType="13cdc9d9-ddb5-4fa4-a97d-d965ccfc6d4b" outcome="Passed" testListId="8c84fa94-04c1-424b-9868-57a2d4851a1d" relativeResultsDirectory="45826cfa-a307-42d7-96af-c9a27fdfd483" />
    <UnitTestResult executionId="4e6ea863-2a69-4654-bcef-28279de45461" testId="00753e97-9011-c330-024d-fe9ee5720522" testName="DeepSpaceSaga.Contracts.Tests.CommandResultTests.AuthoritativeSnapshot_round_trips_command_results" computerName="VITA-CASTLE" duration="00:00:00.0017506" startTime="2026-09-12T21:27:11.0971224+03:00" endTime="2026-09-12T21:27:11.0971224+03:00" testType="13cdc9d9-ddb5-4fa4-a97d-d965ccfc6d4b" outcome="Passed" testListId="8c84fa94-04c1-424b-9868-57a2d4851a1d" relativeResultsDirectory="4e6ea863-2a69-4654-bcef-28279de45461" />
    <UnitTestResult executionId="5efff69c-c29e-44cc-a88b-61a0f48c35b0" testId="00bde8b4-1304-a645-d001-694ea6adc65c" testName="DeepSpaceSaga.Contracts.Tests.StationTradeSnapshotTests.StationTradeSnapshot_round_trips_via_json" computerName="VITA-CASTLE" duration="00:00:00.0002667" startTime="2026-09-12T21:27:11.1010543+03:00" endTime="2026-09-12T21:27:11.1010543+03:00" testType="13cdc9d9-ddb5-4fa4-a97d-d965ccfc6d4b" outcome="Passed" testListId="8c84fa94-04c1-424b-9868-57a2d4851a1d" relativeResultsDirectory="5efff69c-c29e-44cc-a88b-61a0f48c35b0" />
    <UnitTestResult executionId="a168a740-8fb5-418c-b33c-989c4bd75ea2" testId="2cb1a1d4-6507-8180-7442-54c64ee880d1" testName="DeepSpaceSaga.Contracts.Tests.CommandResultTests.Empty_snapshot_round_trips_with_empty_command_results" computerName="VITA-CASTLE" duration="00:00:00.0371226" startTime="2026-09-12T21:27:11.0930786+03:00" endTime="2026-09-12T21:27:11.0930790+03:00" testType="13cdc9d9-ddb5-4fa4-a97d-d965ccfc6d4b" outcome="Passed" testListId="8c84fa94-04c1-424b-9868-57a2d4851a1d" relativeResultsDirectory="a168a740-8fb5-418c-b33c-989c4bd75ea2" />
    <UnitTestResult executionId="d67fb7e1-fa12-4889-8326-fbcedc9abb75" testId="0d117a46-b63c-3d3e-94a1-a5feb85f4404" testName="DeepSpaceSaga.Contracts.Tests.StationTradeSnapshotTests.StationInventoryItemSnapshot_category_defaults_to_good_when_not_specified" computerName="VITA-CASTLE" duration="00:00:00.0001544" startTime="2026-09-12T21:27:11.0649444+03:00" endTime="2026-09-12T21:27:11.0649444+03:00" testType="13cdc9d9-ddb5-4fa4-a97d-d965ccfc6d4b" outcome="Passed" testListId="8c84fa94-04c1-424b-9868-57a2d4851a1d" relativeResultsDirectory="d67fb7e1-fa12-4889-8326-fbcedc9abb75" />
    <UnitTestResult executionId="43d45d79-b362-4988-955e-221caea790b6" testId="8b74889d-d5b7-eb10-c516-392e2d28a0f4" testName="DeepSpaceSaga.Contracts.Tests.ShipEventTests.Empty_snapshot_round_trips_with_empty_ship_events" computerName="VITA-CASTLE" duration="00:00:00.0002186" startTime="2026-09-12T21:27:11.0948230+03:00" endTime="2026-09-12T21:27:11.0948231+03:00" testType="13cdc9d9-ddb5-4fa4-a97d-d965ccfc6d4b" outcome="Passed" testListId="8c84fa94-04c1-424b-9868-57a2d4851a1d" relativeResultsDirectory="43d45d79-b362-4988-955e-221caea790b6" />
    <UnitTestResult executionId="85038a93-09a6-4b4d-9e8f-b63097d681ba" testId="4f4e9529-4733-3e3f-9432-5c04b4122c5b" testName="DeepSpaceSaga.Contracts.Tests.ArchitectureTests.ObjectMotionSnapshot_holds_coordinates" computerName="VITA-CASTLE" duration="00:00:00.0022398" startTime="2026-09-12T21:27:11.0649649+03:00" endTime="2026-09-12T21:27:11.0649649+03:00" testType="13cdc9d9-ddb5-4fa4-a97d-d965ccfc6d4b" outcome="Passed" testListId="8c84fa94-04c1-424b-9868-57a2d4851a1d" relativeResultsDirectory="85038a93-09a6-4b4d-9e8f-b63097d681ba" />
    <UnitTestResult executionId="242a8d21-27e6-474a-af56-97f3b07a84e2" testId="702fa0ac-dfc8-7e14-bf6c-fbf6fd9b858a" testName="DeepSpaceSaga.Contracts.Tests.CommandResultTests.CommandResult_is_instantiable" computerName="VITA-CASTLE" duration="00:00:00.0001062" startTime="2026-09-12T21:27:11.0971633+03:00" endTime="2026-09-12T21:27:11.0971633+03:00" testType="13cdc9d9-ddb5-4fa4-a97d-d965ccfc6d4b" outcome="Passed" testListId="8c84fa94-04c1-424b-9868-57a2d4851a1d" relativeResultsDirectory="242a8d21-27e6-474a-af56-97f3b07a84e2" />
    <UnitTestResult executionId="efff0d4f-3497-4775-a369-223c7b62beae" testId="1265bc8a-b018-d0c2-0e97-82d9a7fab902" testName="DeepSpaceSaga.Contracts.Tests.StationTradeSnapshotTests.StationTradeSnapshot_items_default_to_default_or_empty" computerName="VITA-CASTLE" duration="00:00:00.0002280" startTime="2026-09-12T21:27:11.0649133+03:00" endTime="2026-09-12T21:27:11.0649133+03:00" testType="13cdc9d9-ddb5-4fa4-a97d-d965ccfc6d4b" outcome="Passed" testListId="8c84fa94-04c1-424b-9868-57a2d4851a1d" relativeResultsDirectory="efff0d4f-3497-4775-a369-223c7b62beae" />
    <UnitTestResult executionId="da7f9a77-fc5b-4bdc-9be8-feabc19b45e4" testId="17c552ec-c468-79bc-4dbe-6c7acc1e846d" testName="DeepSpaceSaga.Contracts.Tests.StationTradeSnapshotTests.AuthoritativeSnapshot_docked_station_trade_defaults_to_null" computerName="VITA-CASTLE" duration="00:00:00.0041697" startTime="2026-09-12T21:27:11.0268099+03:00" endTime="2026-09-12T21:27:11.0268342+03:00" testType="13cdc9d9-ddb5-4fa4-a97d-d965ccfc6d4b" outcome="Passed" testListId="8c84fa94-04c1-424b-9868-57a2d4851a1d" relativeResultsDirectory="da7f9a77-fc5b-4bdc-9be8-feabc19b45e4" />
    <UnitTestResult executionId="006fe9de-1702-4f44-99fd-2fb56fc990ab" testId="e4ba1347-2799-877a-ff1f-6106c325c74f" testName="DeepSpaceSaga.Contracts.Tests.SmokeTests.AuthoritativeSnapshot_serialization_round_trip_preserves_null_object_interaction_ids" computerName="VITA-CASTLE" duration="00:00:00.0726975" startTime="2026-09-12T21:27:11.0990760+03:00" endTime="2026-09-12T21:27:11.0990763+03:00" testType="13cdc9d9-ddb5-4fa4-a97d-d965ccfc6d4b" outcome="Passed" testListId="8c84fa94-04c1-424b-9868-57a2d4851a1d" relativeResultsDirectory="006fe9de-1702-4f44-99fd-2fb56fc990ab" />
    <UnitTestResult executionId="6990e17e-5dee-4fb9-a9ee-e11c3f77aa6b" testId="17ca48b8-718d-3954-f533-87c97b622dc7" testName="DeepSpaceSaga.Contracts.Tests.CommandResultTests.Trade_CommandReasonCodes_are_snake_case" computerName="VITA-CASTLE" duration="00:00:00.0000494" startTime="2026-09-12T21:27:11.0981490+03:00" endTime="2026-09-12T21:27:11.0981491+03:00" testType="13cdc9d9-ddb5-4fa4-a97d-d965ccfc6d4b" outcome="Passed" testListId="8c84fa94-04c1-424b-9868-57a2d4851a1d" relativeResultsDirectory="6990e17e-5dee-4fb9-a9ee-e11c3f77aa6b" />
    <UnitTestResult executionId="b8e98a05-9df0-4e73-9765-79ef70fe0059" testId="1b482788-d846-06c7-a23f-94d4c7b86a91" testName="DeepSpaceSaga.Contracts.Tests.ShipEventTests.ShipEventTypes_are_snake_case" computerName="VITA-CASTLE" duration="00:00:00.0000445" startTime="2026-09-12T21:27:11.0948954+03:00" endTime="2026-09-12T21:27:11.0948954+03:00" testType="13cdc9d9-ddb5-4fa4-a97d-d965ccfc6d4b" outcome="Passed" testListId="8c84fa94-04c1-424b-9868-57a2d4851a1d" relativeResultsDirectory="b8e98a05-9df0-4e73-9765-79ef70fe0059" />
    <UnitTestResult executionId="bf0655a2-8d0e-4bd1-bce7-0b3c936c20c5" testId="0a25ab9d-dc2d-719e-9f12-5950cb10f5d1" testName="DeepSpaceSaga.Contracts.Tests.CommandResultTests.CommandReasonCodes_are_snake_case" computerName="VITA-CASTLE" duration="00:00:00.0000430" startTime="2026-09-12T21:27:11.0972101+03:00" endTime="2026-09-12T21:27:11.0972101+03:00" testType="13cdc9d9-ddb5-4fa4-a97d-d965ccfc6d4b" outcome="Passed" testListId="8c84fa94-04c1-424b-9868-57a2d4851a1d" relativeResultsDirectory="bf0655a2-8d0e-4bd1-bce7-0b3c936c20c5" />
    <UnitTestResult executionId="0a729a38-94a8-46b9-8622-415387e72e0b" testId="74631061-8d15-f17a-8e3d-4376cdb7e087" testName="DeepSpaceSaga.Contracts.Tests.CommandResultTests.Snapshot_command_results_are_immutable" computerName="VITA-CASTLE" duration="00:00:00.0004041" startTime="2026-09-12T21:27:11.0971878+03:00" endTime="2026-09-12T21:27:11.0971878+03:00" testType="13cdc9d9-ddb5-4fa4-a97d-d965ccfc6d4b" outcome="Passed" testListId="8c84fa94-04c1-424b-9868-57a2d4851a1d" relativeResultsDirectory="0a729a38-94a8-46b9-8622-415387e72e0b" />
    <UnitTestResult executionId="e7e783d1-8955-4f32-be85-cb9266c64460" testId="4d57b362-dfde-646f-a7e9-6fd3032180c6" testName="DeepSpaceSaga.Contracts.Tests.SmokeTests.PlayerCommand_serialization_round_trip_preserves_null_target" computerName="VITA-CASTLE" duration="00:00:00.0029565" startTime="2026-09-12T21:27:11.1037223+03:00" endTime="2026-09-12T21:27:11.1037228+03:00" testType="13cdc9d9-ddb5-4fa4-a97d-d965ccfc6d4b" outcome="Passed" testListId="8c84fa94-04c1-424b-9868-57a2d4851a1d" relativeResultsDirectory="e7e783d1-8955-4f32-be85-cb9266c64460" />
    <UnitTestResult executionId="7e297255-ae0f-47ac-a4be-64208037f35d" testId="d5ea920e-5740-6cbe-a52f-bd6f5193f3ce" testName="DeepSpaceSaga.Contracts.Tests.InstalledModuleSnapshotTests.Serialization_round_trip_preserves_default_null_fields_for_inactive_non_engine_module" computerName="VITA-CASTLE" duration="00:00:00.0002069" startTime="2026-09-12T21:27:11.0981857+03:00" endTime="2026-09-12T21:27:11.0981857+03:00" testType="13cdc9d9-ddb5-4fa4-a97d-d965ccfc6d4b" outcome="Passed" testListId="8c84fa94-04c1-424b-9868-57a2d4851a1d" relativeResultsDirectory="7e297255-ae0f-47ac-a4be-64208037f35d" />
    <UnitTestResult executionId="369dde74-e331-4e3f-a89d-e1af0c283453" testId="72c040f0-696f-3b2e-6ef3-d0e18ee2c58a" testName="DeepSpaceSaga.Contracts.Tests.InstalledModuleSnapshotTests.Serialization_round_trip_preserves_commands_metadata" computerName="VITA-CASTLE" duration="00:00:00.0007933" startTime="2026-09-12T21:27:11.0972346+03:00" endTime="2026-09-12T21:27:11.0972347+03:00" testType="13cdc9d9-ddb5-4fa4-a97d-d965ccfc6d4b" outcome="Passed" testListId="8c84fa94-04c1-424b-9868-57a2d4851a1d" relativeResultsDirectory="369dde74-e331-4e3f-a89d-e1af0c283453" />
    <UnitTestResult executionId="4214a7f7-e4b2-4392-aa26-0689b4f1d0a4" testId="28de73a6-7346-09ba-6cd2-1475e82e8d18" testName="DeepSpaceSaga.Contracts.Tests.SmokeTests.PlayerCommand_serialization_round_trip_preserves_target_object_id" computerName="VITA-CASTLE" duration="00:00:00.0026783" startTime="2026-09-12T21:27:11.1075092+03:00" endTime="2026-09-12T21:27:11.1075094+03:00" testType="13cdc9d9-ddb5-4fa4-a97d-d965ccfc6d4b" outcome="Passed" testListId="8c84fa94-04c1-424b-9868-57a2d4851a1d" relativeResultsDirectory="4214a7f7-e4b2-4392-aa26-0689b4f1d0a4" />
    <UnitTestResult executionId="8efd9fcf-f2fb-41e7-846b-f83d8beb23da" testId="d121ae8f-2f78-3376-c890-5242f8a31d29" testName="DeepSpaceSaga.Contracts.Tests.SmokeTests.AuthoritativeSnapshot_is_instantiable" computerName="VITA-CASTLE" duration="00:00:00.0004803" startTime="2026-09-12T21:27:11.1043021+03:00" endTime="2026-09-12T21:27:11.1043023+03:00" testType="13cdc9d9-ddb5-4fa4-a97d-d965ccfc6d4b" outcome="Passed" testListId="8c84fa94-04c1-424b-9868-57a2d4851a1d" relativeResultsDirectory="8efd9fcf-f2fb-41e7-846b-f83d8beb23da" />
    <UnitTestResult executionId="fb38c1d8-ac1c-422c-9622-f5cc3545122a" testId="ce6bd4cc-7ce0-224b-15ba-17c70e1d1741" testName="DeepSpaceSaga.Contracts.Tests.ShipEventTests.ShipEventReasonCodes_are_snake_case" computerName="VITA-CASTLE" duration="00:00:00.0000557" startTime="2026-09-12T21:27:11.0651127+03:00" endTime="2026-09-12T21:27:11.0651128+03:00" testType="13cdc9d9-ddb5-4fa4-a97d-d965ccfc6d4b" outcome="Passed" testListId="8c84fa94-04c1-424b-9868-57a2d4851a1d" relativeResultsDirectory="fb38c1d8-ac1c-422c-9622-f5cc3545122a" />
    <UnitTestResult executionId="8e35dc65-8aec-4e0e-a2a8-13bbf36e4963" testId="fb8c6f9a-9167-31dc-122d-d745010c9331" testName="DeepSpaceSaga.Contracts.Tests.StationTradeSnapshotTests.AuthoritativeSnapshot_player_credits_defaults_to_zero" computerName="VITA-CASTLE" duration="00:00:00.0002210" startTime="2026-09-12T21:27:11.1019218+03:00" endTime="2026-09-12T21:27:11.1019221+03:00" testType="13cdc9d9-ddb5-4fa4-a97d-d965ccfc6d4b" outcome="Passed" testListId="8c84fa94-04c1-424b-9868-57a2d4851a1d" relativeResultsDirectory="8e35dc65-8aec-4e0e-a2a8-13bbf36e4963" />
    <UnitTestResult executionId="c60e8699-b1a4-48ec-bae0-7f14f1011caf" testId="082caa5e-76d9-01ff-6364-5101a5c292c9" testName="DeepSpaceSaga.Contracts.Tests.CommandResultTests.CommandResult_executed_quantity_defaults_to_null" computerName="VITA-CASTLE" duration="00:00:00.0001227" startTime="2026-09-12T21:27:11.0973802+03:00" endTime="2026-09-12T21:27:11.0973804+03:00" testType="13cdc9d9-ddb5-4fa4-a97d-d965ccfc6d4b" outcome="Passed" testListId="8c84fa94-04c1-424b-9868-57a2d4851a1d" relativeResultsDirectory="c60e8699-b1a4-48ec-bae0-7f14f1011caf" />
    <UnitTestResult executionId="cd0a62ff-d860-4867-b252-e59714ed99f8" testId="22ccbc31-1c8b-4a3f-ea76-86afde23d0a3" testName="DeepSpaceSaga.Contracts.Tests.SaveSlotInfoTests.SaveSlotInfo_round_trips_via_json" computerName="VITA-CASTLE" duration="00:00:00.0621551" startTime="2026-09-12T21:27:11.0886072+03:00" endTime="2026-09-12T21:27:11.0886076+03:00" testType="13cdc9d9-ddb5-4fa4-a97d-d965ccfc6d4b" outcome="Passed" testListId="8c84fa94-04c1-424b-9868-57a2d4851a1d" relativeResultsDirectory="cd0a62ff-d860-4867-b252-e59714ed99f8" />
    <UnitTestResult executionId="0b8c3455-b5c9-451c-886a-1f693ebd7ac8" testId="ecce8ad6-7f26-7bce-3e6b-e5c779159c5f" testName="DeepSpaceSaga.Contracts.Tests.StationTradeSnapshotTests.AuthoritativeSnapshot_player_credits_round_trips_via_json_with_explicit_value" computerName="VITA-CASTLE" duration="00:00:00.0005523" startTime="2026-09-12T21:27:11.1016423+03:00" endTime="2026-09-12T21:27:11.1016424+03:00" testType="13cdc9d9-ddb5-4fa4-a97d-d965ccfc6d4b" outcome="Passed" testListId="8c84fa94-04c1-424b-9868-57a2d4851a1d" relativeResultsDirectory="0b8c3455-b5c9-451c-886a-1f693ebd7ac8" />
    <UnitTestResult executionId="07b5ad4d-2d7d-4095-9906-91f2318e4b54" testId="a2cd1832-20a8-737f-74bd-910756a09686" testName="DeepSpaceSaga.Contracts.Tests.ShipEventTests.ShipEvent_is_instantiable" computerName="VITA-CASTLE" duration="00:00:00.0064491" startTime="2026-09-12T21:27:11.0287865+03:00" endTime="2026-09-12T21:27:11.0287866+03:00" testType="13cdc9d9-ddb5-4fa4-a97d-d965ccfc6d4b" outcome="Passed" testListId="8c84fa94-04c1-424b-9868-57a2d4851a1d" relativeResultsDirectory="07b5ad4d-2d7d-4095-9906-91f2318e4b54" />
    <UnitTestResult executionId="325b008e-69dc-4daa-a87d-7c52bb4c45aa" testId="eb6c2041-41b2-6fd5-abc7-93dee92c6463" testName="DeepSpaceSaga.Contracts.Tests.DialogueContractTests.Dialogue_snapshot_and_commands_round_trip_through_json" computerName="VITA-CASTLE" duration="00:00:00.0793531" startTime="2026-09-12T21:27:11.1120601+03:00" endTime="2026-09-12T21:27:11.1120605+03:00" testType="13cdc9d9-ddb5-4fa4-a97d-d965ccfc6d4b" outcome="Passed" testListId="8c84fa94-04c1-424b-9868-57a2d4851a1d" relativeResultsDirectory="325b008e-69dc-4daa-a87d-7c52bb4c45aa" />
    <UnitTestResult executionId="b4108600-0d8a-4e06-8bc6-ab3f5180a40a" testId="a2e48fe1-163b-6cbc-c366-eecc0c55ab2b" testName="DeepSpaceSaga.Contracts.Tests.SmokeTests.ScannerCommandTypes_expose_stable_ids" computerName="VITA-CASTLE" duration="00:00:00.0041334" startTime="2026-09-12T21:27:11.0286131+03:00" endTime="2026-09-12T21:27:11.0286132+03:00" testType="13cdc9d9-ddb5-4fa4-a97d-d965ccfc6d4b" outcome="Passed" testListId="8c84fa94-04c1-424b-9868-57a2d4851a1d" relativeResultsDirectory="b4108600-0d8a-4e06-8bc6-ab3f5180a40a" />
    <UnitTestResult executionId="2ae0ac39-18ca-4378-b0ec-52243591c8a3" testId="ed72ef14-5136-58ed-fc9b-638fa2c2d09a" testName="DeepSpaceSaga.Contracts.Tests.CommandResultTests.Four_argument_constructor_defaults_round_trip_via_json" computerName="VITA-CASTLE" duration="00:00:00.0001642" startTime="2026-09-12T21:27:11.0975518+03:00" endTime="2026-09-12T21:27:11.0975519+03:00" testType="13cdc9d9-ddb5-4fa4-a97d-d965ccfc6d4b" outcome="Passed" testListId="8c84fa94-04c1-424b-9868-57a2d4851a1d" relativeResultsDirectory="2ae0ac39-18ca-4378-b0ec-52243591c8a3" />
    <UnitTestResult executionId="1dd76848-1106-43a8-bf24-eceafd186504" testId="da948b2f-adc6-be32-e295-9af77042af4e" testName="DeepSpaceSaga.Contracts.Tests.StationTradeSnapshotTests.AuthoritativeSnapshot_docked_station_trade_round_trips_via_json" computerName="VITA-CASTLE" duration="00:00:00.0733023" startTime="2026-09-12T21:27:11.1001418+03:00" endTime="2026-09-12T21:27:11.1001419+03:00" testType="13cdc9d9-ddb5-4fa4-a97d-d965ccfc6d4b" outcome="Passed" testListId="8c84fa94-04c1-424b-9868-57a2d4851a1d" relativeResultsDirectory="1dd76848-1106-43a8-bf24-eceafd186504" />
    <UnitTestResult executionId="2e508f80-a505-4d55-8b8b-8cafa8588e68" testId="1ecfe82c-534e-4673-62ca-027d30df951b" testName="DeepSpaceSaga.Contracts.Tests.SmokeTests.PlayerCommand_carries_explicit_target_object_id" computerName="VITA-CASTLE" duration="00:00:00.0003993" startTime="2026-09-12T21:27:11.1004921+03:00" endTime="2026-09-12T21:27:11.1004922+03:00" testType="13cdc9d9-ddb5-4fa4-a97d-d965ccfc6d4b" outcome="Passed" testListId="8c84fa94-04c1-424b-9868-57a2d4851a1d" relativeResultsDirectory="2e508f80-a505-4d55-8b8b-8cafa8588e68" />
    <UnitTestResult executionId="a2ed6922-0c55-4664-ba6f-3de4805a24b7" testId="10de9f77-7f70-5dfc-1442-bd2846e80c10" testName="DeepSpaceSaga.Contracts.Tests.InstalledModuleSnapshotTests.Serialization_round_trip_preserves_available_capacity_kg" computerName="VITA-CASTLE" duration="00:00:00.0001455" startTime="2026-09-12T21:27:11.0982355+03:00" endTime="2026-09-12T21:27:11.0982355+03:00" testType="13cdc9d9-ddb5-4fa4-a97d-d965ccfc6d4b" outcome="Passed" testListId="8c84fa94-04c1-424b-9868-57a2d4851a1d" relativeResultsDirectory="a2ed6922-0c55-4664-ba6f-3de4805a24b7" />
  </Results>
  <TestDefinitions>
    <UnitTest name="DeepSpaceSaga.Contracts.Tests.SmokeTests.PlayerCommand_serialization_round_trip_preserves_target_object_id" storage="d:\deepspacesaga\dss\tests\deepspacesaga.contracts.tests\bin\debug\net8.0\deepspacesaga.contracts.tests.dll" id="28de73a6-7346-09ba-6cd2-1475e82e8d18">
      <Execution id="4214a7f7-e4b2-4392-aa26-0689b4f1d0a4" />
      <TestMethod codeBase="D:\DeepSpaceSaga\DSS\tests\DeepSpaceSaga.Contracts.Tests\bin\Debug\net8.0\DeepSpaceSaga.Contracts.Tests.dll" adapterTypeName="executor://xunit/VsTestRunner2/netcoreapp" className="DeepSpaceSaga.Contracts.Tests.SmokeTests" name="PlayerCommand_serialization_round_trip_preserves_target_object_id" />
    </UnitTest>
    <UnitTest name="DeepSpaceSaga.Contracts.Tests.InstalledModuleSnapshotTests.Serialization_round_trip_preserves_cabines_count" storage="d:\deepspacesaga\dss\tests\deepspacesaga.contracts.tests\bin\debug\net8.0\deepspacesaga.contracts.tests.dll" id="26258d51-d6f1-f089-2d56-f98cfddd1d46">
      <Execution id="9ff022e5-22ae-485f-9413-7470ced6d278" />
      <TestMethod codeBase="D:\DeepSpaceSaga\DSS\tests\DeepSpaceSaga.Contracts.Tests\bin\Debug\net8.0\DeepSpaceSaga.Contracts.Tests.dll" adapterTypeName="executor://xunit/VsTestRunner2/netcoreapp" className="DeepSpaceSaga.Contracts.Tests.InstalledModuleSnapshotTests" name="Serialization_round_trip_preserves_cabines_count" />
    </UnitTest>
    <UnitTest name="DeepSpaceSaga.Contracts.Tests.SmokeTests.IGameSessionConnection_declares_SetObjectInteractionStateAsync" storage="d:\deepspacesaga\dss\tests\deepspacesaga.contracts.tests\bin\debug\net8.0\deepspacesaga.contracts.tests.dll" id="4110cfc8-ce88-88c1-2c16-98f3a4224b8a">
      <Execution id="aa69da6b-4733-4be5-a59c-30aad5420491" />
      <TestMethod codeBase="D:\DeepSpaceSaga\DSS\tests\DeepSpaceSaga.Contracts.Tests\bin\Debug\net8.0\DeepSpaceSaga.Contracts.Tests.dll" adapterTypeName="executor://xunit/VsTestRunner2/netcoreapp" className="DeepSpaceSaga.Contracts.Tests.SmokeTests" name="IGameSessionConnection_declares_SetObjectInteractionStateAsync" />
    </UnitTest>
    <UnitTest name="DeepSpaceSaga.Contracts.Tests.InstalledModuleSnapshotTests.Cargo_round_trips_via_json_with_populated_stacks" storage="d:\deepspacesaga\dss\tests\deepspacesaga.contracts.tests\bin\debug\net8.0\deepspacesaga.contracts.tests.dll" id="f88d515a-ce59-288d-c4b2-7b11e291643a">
      <Execution id="61470073-ef0e-42c7-a7ef-e05714203927" />
      <TestMethod codeBase="D:\DeepSpaceSaga\DSS\tests\DeepSpaceSaga.Contracts.Tests\bin\Debug\net8.0\DeepSpaceSaga.Contracts.Tests.dll" adapterTypeName="executor://xunit/VsTestRunner2/netcoreapp" className="DeepSpaceSaga.Contracts.Tests.InstalledModuleSnapshotTests" name="Cargo_round_trips_via_json_with_populated_stacks" />
    </UnitTest>
    <UnitTest name="DeepSpaceSaga.Contracts.Tests.SmokeTests.ShipEngineCommandTypes_expose_stable_ids" storage="d:\deepspacesaga\dss\tests\deepspacesaga.contracts.tests\bin\debug\net8.0\deepspacesaga.contracts.tests.dll" id="9ba9394f-130a-6bc4-7ce2-3d4fb65f45d4">
      <Execution id="9340d3e0-ddcf-4780-ba1c-4fabe80287a7" />
      <TestMethod codeBase="D:\DeepSpaceSaga\DSS\tests\DeepSpaceSaga.Contracts.Tests\bin\Debug\net8.0\DeepSpaceSaga.Contracts.Tests.dll" adapterTypeName="executor://xunit/VsTestRunner2/netcoreapp" className="DeepSpaceSaga.Contracts.Tests.SmokeTests" name="ShipEngineCommandTypes_expose_stable_ids" />
    </UnitTest>
    <UnitTest name="DeepSpaceSaga.Contracts.Tests.SmokeTests.AuthoritativeSnapshot_serialization_round_trip_preserves_null_object_interaction_ids" storage="d:\deepspacesaga\dss\tests\deepspacesaga.contracts.tests\bin\debug\net8.0\deepspacesaga.contracts.tests.dll" id="e4ba1347-2799-877a-ff1f-6106c325c74f">
      <Execution id="006fe9de-1702-4f44-99fd-2fb56fc990ab" />
      <TestMethod codeBase="D:\DeepSpaceSaga\DSS\tests\DeepSpaceSaga.Contracts.Tests\bin\Debug\net8.0\DeepSpaceSaga.Contracts.Tests.dll" adapterTypeName="executor://xunit/VsTestRunner2/netcoreapp" className="DeepSpaceSaga.Contracts.Tests.SmokeTests" name="AuthoritativeSnapshot_serialization_round_trip_preserves_null_object_interaction_ids" />
    </UnitTest>
    <UnitTest name="DeepSpaceSaga.Contracts.Tests.SmokeTests.AuthoritativeSnapshot_serialization_round_trip_preserves_object_interaction_ids" storage="d:\deepspacesaga\dss\tests\deepspacesaga.contracts.tests\bin\debug\net8.0\deepspacesaga.contracts.tests.dll" id="508ff65b-a839-1aba-673a-c5c656ee9ed3">
      <Execution id="45826cfa-a307-42d7-96af-c9a27fdfd483" />
      <TestMethod codeBase="D:\DeepSpaceSaga\DSS\tests\DeepSpaceSaga.Contracts.Tests\bin\Debug\net8.0\DeepSpaceSaga.Contracts.Tests.dll" adapterTypeName="executor://xunit/VsTestRunner2/netcoreapp" className="DeepSpaceSaga.Contracts.Tests.SmokeTests" name="AuthoritativeSnapshot_serialization_round_trip_preserves_object_interaction_ids" />
    </UnitTest>
    <UnitTest name="DeepSpaceSaga.Contracts.Tests.StationTradeSnapshotTests.AuthoritativeSnapshot_docked_station_trade_round_trips_via_json" storage="d:\deepspacesaga\dss\tests\deepspacesaga.contracts.tests\bin\debug\net8.0\deepspacesaga.contracts.tests.dll" id="da948b2f-adc6-be32-e295-9af77042af4e">
      <Execution id="1dd76848-1106-43a8-bf24-eceafd186504" />
      <TestMethod codeBase="D:\DeepSpaceSaga\DSS\tests\DeepSpaceSaga.Contracts.Tests\bin\Debug\net8.0\DeepSpaceSaga.Contracts.Tests.dll" adapterTypeName="executor://xunit/VsTestRunner2/netcoreapp" className="DeepSpaceSaga.Contracts.Tests.StationTradeSnapshotTests" name="AuthoritativeSnapshot_docked_station_trade_round_trips_via_json" />
    </UnitTest>
    <UnitTest name="DeepSpaceSaga.Contracts.Tests.StationTradeSnapshotTests.StationInventoryItemSnapshot_category_defaults_to_good_when_not_specified" storage="d:\deepspacesaga\dss\tests\deepspacesaga.contracts.tests\bin\debug\net8.0\deepspacesaga.contracts.tests.dll" id="0d117a46-b63c-3d3e-94a1-a5feb85f4404">
      <Execution id="d67fb7e1-fa12-4889-8326-fbcedc9abb75" />
      <TestMethod codeBase="D:\DeepSpaceSaga\DSS\tests\DeepSpaceSaga.Contracts.Tests\bin\Debug\net8.0\DeepSpaceSaga.Contracts.Tests.dll" adapterTypeName="executor://xunit/VsTestRunner2/netcoreapp" className="DeepSpaceSaga.Contracts.Tests.StationTradeSnapshotTests" name="StationInventoryItemSnapshot_category_defaults_to_good_when_not_specified" />
    </UnitTest>
    <UnitTest name="DeepSpaceSaga.Contracts.Tests.CommandResultTests.CommandResultStatus_has_all_five_values" storage="d:\deepspacesaga\dss\tests\deepspacesaga.contracts.tests\bin\debug\net8.0\deepspacesaga.contracts.tests.dll" id="3d78e549-5ff1-a6b9-699e-c365a6dfa1ed">
      <Execution id="26130807-057f-495d-9700-18a5e9beb731" />
      <TestMethod codeBase="D:\DeepSpaceSaga\DSS\tests\DeepSpaceSaga.Contracts.Tests\bin\Debug\net8.0\DeepSpaceSaga.Contracts.Tests.dll" adapterTypeName="executor://xunit/VsTestRunner2/netcoreapp" className="DeepSpaceSaga.Contracts.Tests.CommandResultTests" name="CommandResultStatus_has_all_five_values" />
    </UnitTest>
    <UnitTest name="DeepSpaceSaga.Contracts.Tests.SmokeTests.IGameSessionConnection_is_defined" storage="d:\deepspacesaga\dss\tests\deepspacesaga.contracts.tests\bin\debug\net8.0\deepspacesaga.contracts.tests.dll" id="fe7b1ec7-a654-ddb4-8b98-2f68dc621b4d">
      <Execution id="efe1419c-c400-41cd-beb3-8178eaf31fcb" />
      <TestMethod codeBase="D:\DeepSpaceSaga\DSS\tests\DeepSpaceSaga.Contracts.Tests\bin\Debug\net8.0\DeepSpaceSaga.Contracts.Tests.dll" adapterTypeName="executor://xunit/VsTestRunner2/netcoreapp" className="DeepSpaceSaga.Contracts.Tests.SmokeTests" name="IGameSessionConnection_is_defined" />
    </UnitTest>
    <UnitTest name="DeepSpaceSaga.Contracts.Tests.InstalledModuleSnapshotTests.Commands_metadata_defaults_to_none_target" storage="d:\deepspacesaga\dss\tests\deepspacesaga.contracts.tests\bin\debug\net8.0\deepspacesaga.contracts.tests.dll" id="f24dcf5a-54da-0122-0df5-e887a54bab9b">
      <Execution id="25cd1d63-dcdf-40b0-9ea9-d53880342e68" />
      <TestMethod codeBase="D:\DeepSpaceSaga\DSS\tests\DeepSpaceSaga.Contracts.Tests\bin\Debug\net8.0\DeepSpaceSaga.Contracts.Tests.dll" adapterTypeName="executor://xunit/VsTestRunner2/netcoreapp" className="DeepSpaceSaga.Contracts.Tests.InstalledModuleSnapshotTests" name="Commands_metadata_defaults_to_none_target" />
    </UnitTest>
    <UnitTest name="DeepSpaceSaga.Contracts.Tests.StationTradeSnapshotTests.StationTradeSnapshot_items_default_to_default_or_empty" storage="d:\deepspacesaga\dss\tests\deepspacesaga.contracts.tests\bin\debug\net8.0\deepspacesaga.contracts.tests.dll" id="1265bc8a-b018-d0c2-0e97-82d9a7fab902">
      <Execution id="efff0d4f-3497-4775-a369-223c7b62beae" />
      <TestMethod codeBase="D:\DeepSpaceSaga\DSS\tests\DeepSpaceSaga.Contracts.Tests\bin\Debug\net8.0\DeepSpaceSaga.Contracts.Tests.dll" adapterTypeName="executor://xunit/VsTestRunner2/netcoreapp" className="DeepSpaceSaga.Contracts.Tests.StationTradeSnapshotTests" name="StationTradeSnapshot_items_default_to_default_or_empty" />
    </UnitTest>
    <UnitTest name="DeepSpaceSaga.Contracts.Tests.SmokeTests.PlayerCommand_carries_explicit_target_object_id" storage="d:\deepspacesaga\dss\tests\deepspacesaga.contracts.tests\bin\debug\net8.0\deepspacesaga.contracts.tests.dll" id="1ecfe82c-534e-4673-62ca-027d30df951b">
      <Execution id="2e508f80-a505-4d55-8b8b-8cafa8588e68" />
      <TestMethod codeBase="D:\DeepSpaceSaga\DSS\tests\DeepSpaceSaga.Contracts.Tests\bin\Debug\net8.0\DeepSpaceSaga.Contracts.Tests.dll" adapterTypeName="executor://xunit/VsTestRunner2/netcoreapp" className="DeepSpaceSaga.Contracts.Tests.SmokeTests" name="PlayerCommand_carries_explicit_target_object_id" />
    </UnitTest>
    <UnitTest name="DeepSpaceSaga.Contracts.Tests.SmokeTests.PlayerCommand_serialization_round_trip_preserves_null_target" storage="d:\deepspacesaga\dss\tests\deepspacesaga.contracts.tests\bin\debug\net8.0\deepspacesaga.contracts.tests.dll" id="4d57b362-dfde-646f-a7e9-6fd3032180c6">
      <Execution id="e7e783d1-8955-4f32-be85-cb9266c64460" />
      <TestMethod codeBase="D:\DeepSpaceSaga\DSS\tests\DeepSpaceSaga.Contracts.Tests\bin\Debug\net8.0\DeepSpaceSaga.Contracts.Tests.dll" adapterTypeName="executor://xunit/VsTestRunner2/netcoreapp" className="DeepSpaceSaga.Contracts.Tests.SmokeTests" name="PlayerCommand_serialization_round_trip_preserves_null_target" />
    </UnitTest>
    <UnitTest name="DeepSpaceSaga.Contracts.Tests.StationTradeSnapshotTests.StationTradeSnapshot_round_trips_via_json" storage="d:\deepspacesaga\dss\tests\deepspacesaga.contracts.tests\bin\debug\net8.0\deepspacesaga.contracts.tests.dll" id="00bde8b4-1304-a645-d001-694ea6adc65c">
      <Execution id="5efff69c-c29e-44cc-a88b-61a0f48c35b0" />
      <TestMethod codeBase="D:\DeepSpaceSaga\DSS\tests\DeepSpaceSaga.Contracts.Tests\bin\Debug\net8.0\DeepSpaceSaga.Contracts.Tests.dll" adapterTypeName="executor://xunit/VsTestRunner2/netcoreapp" className="DeepSpaceSaga.Contracts.Tests.StationTradeSnapshotTests" name="StationTradeSnapshot_round_trips_via_json" />
    </UnitTest>
    <UnitTest name="DeepSpaceSaga.Contracts.Tests.ShipEventTests.Empty_snapshot_round_trips_with_empty_ship_events" storage="d:\deepspacesaga\dss\tests\deepspacesaga.contracts.tests\bin\debug\net8.0\deepspacesaga.contracts.tests.dll" id="8b74889d-d5b7-eb10-c516-392e2d28a0f4">
      <Execution id="43d45d79-b362-4988-955e-221caea790b6" />
      <TestMethod codeBase="D:\DeepSpaceSaga\DSS\tests\DeepSpaceSaga.Contracts.Tests\bin\Debug\net8.0\DeepSpaceSaga.Contracts.Tests.dll" adapterTypeName="executor://xunit/VsTestRunner2/netcoreapp" className="DeepSpaceSaga.Contracts.Tests.ShipEventTests" name="Empty_snapshot_round_trips_with_empty_ship_events" />
    </UnitTest>
    <UnitTest name="DeepSpaceSaga.Contracts.Tests.SmokeTests.ScannerCommandTypes_expose_stable_ids" storage="d:\deepspacesaga\dss\tests\deepspacesaga.contracts.tests\bin\debug\net8.0\deepspacesaga.contracts.tests.dll" id="a2e48fe1-163b-6cbc-c366-eecc0c55ab2b">
      <Execution id="b4108600-0d8a-4e06-8bc6-ab3f5180a40a" />
      <TestMethod codeBase="D:\DeepSpaceSaga\DSS\tests\DeepSpaceSaga.Contracts.Tests\bin\Debug\net8.0\DeepSpaceSaga.Contracts.Tests.dll" adapterTypeName="executor://xunit/VsTestRunner2/netcoreapp" className="DeepSpaceSaga.Contracts.Tests.SmokeTests" name="ScannerCommandTypes_expose_stable_ids" />
    </UnitTest>
    <UnitTest name="DeepSpaceSaga.Contracts.Tests.SmokeTests.AuthoritativeSnapshot_defaults_object_interaction_ids_to_null" storage="d:\deepspacesaga\dss\tests\deepspacesaga.contracts.tests\bin\debug\net8.0\deepspacesaga.contracts.tests.dll" id="2bda1aab-8022-1b41-f2a7-bf7509480329">
      <Execution id="81921d30-7c92-4cbf-be08-ad21c1ee9dc7" />
      <TestMethod codeBase="D:\DeepSpaceSaga\DSS\tests\DeepSpaceSaga.Contracts.Tests\bin\Debug\net8.0\DeepSpaceSaga.Contracts.Tests.dll" adapterTypeName="executor://xunit/VsTestRunner2/netcoreapp" className="DeepSpaceSaga.Contracts.Tests.SmokeTests" name="AuthoritativeSnapshot_defaults_object_interaction_ids_to_null" />
    </UnitTest>
    <UnitTest name="DeepSpaceSaga.Contracts.Tests.InstalledModuleSnapshotTests.Serialization_round_trip_preserves_default_null_fields_for_inactive_non_engine_module" storage="d:\deepspacesaga\dss\tests\deepspacesaga.contracts.tests\bin\debug\net8.0\deepspacesaga.contracts.tests.dll" id="d5ea920e-5740-6cbe-a52f-bd6f5193f3ce">
      <Execution id="7e297255-ae0f-47ac-a4be-64208037f35d" />
      <TestMethod codeBase="D:\DeepSpaceSaga\DSS\tests\DeepSpaceSaga.Contracts.Tests\bin\Debug\net8.0\DeepSpaceSaga.Contracts.Tests.dll" adapterTypeName="executor://xunit/VsTestRunner2/netcoreapp" className="DeepSpaceSaga.Contracts.Tests.InstalledModuleSnapshotTests" name="Serialization_round_trip_preserves_default_null_fields_for_inactive_non_engine_module" />
    </UnitTest>
    <UnitTest name="DeepSpaceSaga.Contracts.Tests.ShipEventTests.Snapshot_ship_events_are_immutable" storage="d:\deepspacesaga\dss\tests\deepspacesaga.contracts.tests\bin\debug\net8.0\deepspacesaga.contracts.tests.dll" id="a91cc785-44f9-3ff4-ae59-2a294b197e45">
      <Execution id="659b5b8c-a29e-43fc-9f16-f2760734e922" />
      <TestMethod codeBase="D:\DeepSpaceSaga\DSS\tests\DeepSpaceSaga.Contracts.Tests\bin\Debug\net8.0\DeepSpaceSaga.Contracts.Tests.dll" adapterTypeName="executor://xunit/VsTestRunner2/netcoreapp" className="DeepSpaceSaga.Contracts.Tests.ShipEventTests" name="Snapshot_ship_events_are_immutable" />
    </UnitTest>
    <UnitTest name="DeepSpaceSaga.Contracts.Tests.CommandResultTests.CommandResult_executed_quantity_round_trips_via_json" storage="d:\deepspacesaga\dss\tests\deepspacesaga.contracts.tests\bin\debug\net8.0\deepspacesaga.contracts.tests.dll" id="9d4ea003-2a70-f253-dd68-89f2681c0e54">
      <Execution id="40faee94-8de5-46e9-800e-03535843c8df" />
      <TestMethod codeBase="D:\DeepSpaceSaga\DSS\tests\DeepSpaceSaga.Contracts.Tests\bin\Debug\net8.0\DeepSpaceSaga.Contracts.Tests.dll" adapterTypeName="executor://xunit/VsTestRunner2/netcoreapp" className="DeepSpaceSaga.Contracts.Tests.CommandResultTests" name="CommandResult_executed_quantity_round_trips_via_json" />
    </UnitTest>
    <UnitTest name="DeepSpaceSaga.Contracts.Tests.SmokeTests.AuthoritativeSnapshot_is_instantiable" storage="d:\deepspacesaga\dss\tests\deepspacesaga.contracts.tests\bin\debug\net8.0\deepspacesaga.contracts.tests.dll" id="d121ae8f-2f78-3376-c890-5242f8a31d29">
      <Execution id="8efd9fcf-f2fb-41e7-846b-f83d8beb23da" />
      <TestMethod codeBase="D:\DeepSpaceSaga\DSS\tests\DeepSpaceSaga.Contracts.Tests\bin\Debug\net8.0\DeepSpaceSaga.Contracts.Tests.dll" adapterTypeName="executor://xunit/VsTestRunner2/netcoreapp" className="DeepSpaceSaga.Contracts.Tests.SmokeTests" name="AuthoritativeSnapshot_is_instantiable" />
    </UnitTest>
    <UnitTest name="DeepSpaceSaga.Contracts.Tests.ShipEventTests.ShipEventTypes_are_snake_case" storage="d:\deepspacesaga\dss\tests\deepspacesaga.contracts.tests\bin\debug\net8.0\deepspacesaga.contracts.tests.dll" id="1b482788-d846-06c7-a23f-94d4c7b86a91">
      <Execution id="b8e98a05-9df0-4e73-9765-79ef70fe0059" />
      <TestMethod codeBase="D:\DeepSpaceSaga\DSS\tests\DeepSpaceSaga.Contracts.Tests\bin\Debug\net8.0\DeepSpaceSaga.Contracts.Tests.dll" adapterTypeName="executor://xunit/VsTestRunner2/netcoreapp" className="DeepSpaceSaga.Contracts.Tests.ShipEventTests" name="ShipEventTypes_are_snake_case" />
    </UnitTest>
    <UnitTest name="DeepSpaceSaga.Contracts.Tests.InstalledModuleSnapshotTests.Serialization_round_trip_preserves_available_capacity_kg" storage="d:\deepspacesaga\dss\tests\deepspacesaga.contracts.tests\bin\debug\net8.0\deepspacesaga.contracts.tests.dll" id="10de9f77-7f70-5dfc-1442-bd2846e80c10">
      <Execution id="a2ed6922-0c55-4664-ba6f-3de4805a24b7" />
      <TestMethod codeBase="D:\DeepSpaceSaga\DSS\tests\DeepSpaceSaga.Contracts.Tests\bin\Debug\net8.0\DeepSpaceSaga.Contracts.Tests.dll" adapterTypeName="executor://xunit/VsTestRunner2/netcoreapp" className="DeepSpaceSaga.Contracts.Tests.InstalledModuleSnapshotTests" name="Serialization_round_trip_preserves_available_capacity_kg" />
    </UnitTest>
    <UnitTest name="DeepSpaceSaga.Contracts.Tests.CommandResultTests.CommandResult_executed_quantity_defaults_to_null" storage="d:\deepspacesaga\dss\tests\deepspacesaga.contracts.tests\bin\debug\net8.0\deepspacesaga.contracts.tests.dll" id="082caa5e-76d9-01ff-6364-5101a5c292c9">
      <Execution id="c60e8699-b1a4-48ec-bae0-7f14f1011caf" />
      <TestMethod codeBase="D:\DeepSpaceSaga\DSS\tests\DeepSpaceSaga.Contracts.Tests\bin\Debug\net8.0\DeepSpaceSaga.Contracts.Tests.dll" adapterTypeName="executor://xunit/VsTestRunner2/netcoreapp" className="DeepSpaceSaga.Contracts.Tests.CommandResultTests" name="CommandResult_executed_quantity_defaults_to_null" />
    </UnitTest>
    <UnitTest name="DeepSpaceSaga.Contracts.Tests.InstalledModuleSnapshotTests.Cargo_defaults_to_default_or_empty" storage="d:\deepspacesaga\dss\tests\deepspacesaga.contracts.tests\bin\debug\net8.0\deepspacesaga.contracts.tests.dll" id="3ee54da8-223f-b4a3-63b5-59fa57820734">
      <Execution id="bdf4bf74-5107-4653-a8c7-16440481c947" />
      <TestMethod codeBase="D:\DeepSpaceSaga\DSS\tests\DeepSpaceSaga.Contracts.Tests\bin\Debug\net8.0\DeepSpaceSaga.Contracts.Tests.dll" adapterTypeName="executor://xunit/VsTestRunner2/netcoreapp" className="DeepSpaceSaga.Contracts.Tests.InstalledModuleSnapshotTests" name="Cargo_defaults_to_default_or_empty" />
    </UnitTest>
    <UnitTest name="DeepSpaceSaga.Contracts.Tests.ArchitectureTests.Snapshot_sequence_is_incrementing" storage="d:\deepspacesaga\dss\tests\deepspacesaga.contracts.tests\bin\debug\net8.0\deepspacesaga.contracts.tests.dll" id="296b7923-b29e-0dee-ade9-18471f171cff">
      <Execution id="9cd550fc-4af4-4e41-895e-13121a171a88" />
      <TestMethod codeBase="D:\DeepSpaceSaga\DSS\tests\DeepSpaceSaga.Contracts.Tests\bin\Debug\net8.0\DeepSpaceSaga.Contracts.Tests.dll" adapterTypeName="executor://xunit/VsTestRunner2/netcoreapp" className="DeepSpaceSaga.Contracts.Tests.ArchitectureTests" name="Snapshot_sequence_is_incrementing" />
    </UnitTest>
    <UnitTest name="DeepSpaceSaga.Contracts.Tests.CommandResultTests.Four_argument_constructor_defaults_round_trip_via_json" storage="d:\deepspacesaga\dss\tests\deepspacesaga.contracts.tests\bin\debug\net8.0\deepspacesaga.contracts.tests.dll" id="ed72ef14-5136-58ed-fc9b-638fa2c2d09a">
      <Execution id="2ae0ac39-18ca-4378-b0ec-52243591c8a3" />
      <TestMethod codeBase="D:\DeepSpaceSaga\DSS\tests\DeepSpaceSaga.Contracts.Tests\bin\Debug\net8.0\DeepSpaceSaga.Contracts.Tests.dll" adapterTypeName="executor://xunit/VsTestRunner2/netcoreapp" className="DeepSpaceSaga.Contracts.Tests.CommandResultTests" name="Four_argument_constructor_defaults_round_trip_via_json" />
    </UnitTest>
    <UnitTest name="DeepSpaceSaga.Contracts.Tests.CommandResultTests.Snapshot_command_results_are_immutable" storage="d:\deepspacesaga\dss\tests\deepspacesaga.contracts.tests\bin\debug\net8.0\deepspacesaga.contracts.tests.dll" id="74631061-8d15-f17a-8e3d-4376cdb7e087">
      <Execution id="0a729a38-94a8-46b9-8622-415387e72e0b" />
      <TestMethod codeBase="D:\DeepSpaceSaga\DSS\tests\DeepSpaceSaga.Contracts.Tests\bin\Debug\net8.0\DeepSpaceSaga.Contracts.Tests.dll" adapterTypeName="executor://xunit/VsTestRunner2/netcoreapp" className="DeepSpaceSaga.Contracts.Tests.CommandResultTests" name="Snapshot_command_results_are_immutable" />
    </UnitTest>
    <UnitTest name="DeepSpaceSaga.Contracts.Tests.StationTradeSnapshotTests.AuthoritativeSnapshot_player_credits_round_trips_via_json_with_explicit_value" storage="d:\deepspacesaga\dss\tests\deepspacesaga.contracts.tests\bin\debug\net8.0\deepspacesaga.contracts.tests.dll" id="ecce8ad6-7f26-7bce-3e6b-e5c779159c5f">
      <Execution id="0b8c3455-b5c9-451c-886a-1f693ebd7ac8" />
      <TestMethod codeBase="D:\DeepSpaceSaga\DSS\tests\DeepSpaceSaga.Contracts.Tests\bin\Debug\net8.0\DeepSpaceSaga.Contracts.Tests.dll" adapterTypeName="executor://xunit/VsTestRunner2/netcoreapp" className="DeepSpaceSaga.Contracts.Tests.StationTradeSnapshotTests" name="AuthoritativeSnapshot_player_credits_round_trips_via_json_with_explicit_value" />
    </UnitTest>
    <UnitTest name="DeepSpaceSaga.Contracts.Tests.ShipEventTests.AuthoritativeSnapshot_round_trips_ship_events" storage="d:\deepspacesaga\dss\tests\deepspacesaga.contracts.tests\bin\debug\net8.0\deepspacesaga.contracts.tests.dll" id="ef267f50-28a8-516e-a186-9fcb3e0b64f0">
      <Execution id="a74763a3-776f-40ce-9f23-5c71f9067b99" />
      <TestMethod codeBase="D:\DeepSpaceSaga\DSS\tests\DeepSpaceSaga.Contracts.Tests\bin\Debug\net8.0\DeepSpaceSaga.Contracts.Tests.dll" adapterTypeName="executor://xunit/VsTestRunner2/netcoreapp" className="DeepSpaceSaga.Contracts.Tests.ShipEventTests" name="AuthoritativeSnapshot_round_trips_ship_events" />
    </UnitTest>
    <UnitTest name="DeepSpaceSaga.Contracts.Tests.InstalledModuleSnapshotTests.Serialization_round_trip_preserves_populated_runtime_state_fields" storage="d:\deepspacesaga\dss\tests\deepspacesaga.contracts.tests\bin\debug\net8.0\deepspacesaga.contracts.tests.dll" id="6050ac42-16cd-4a4f-6272-786861a53926">
      <Execution id="9e932b9b-735e-4864-9022-374a26aeee83" />
      <TestMethod codeBase="D:\DeepSpaceSaga\DSS\tests\DeepSpaceSaga.Contracts.Tests\bin\Debug\net8.0\DeepSpaceSaga.Contracts.Tests.dll" adapterTypeName="executor://xunit/VsTestRunner2/netcoreapp" className="DeepSpaceSaga.Contracts.Tests.InstalledModuleSnapshotTests" name="Serialization_round_trip_preserves_populated_runtime_state_fields" />
    </UnitTest>
    <UnitTest name="DeepSpaceSaga.Contracts.Tests.StationTradeSnapshotTests.AuthoritativeSnapshot_player_credits_defaults_to_zero" storage="d:\deepspacesaga\dss\tests\deepspacesaga.contracts.tests\bin\debug\net8.0\deepspacesaga.contracts.tests.dll" id="fb8c6f9a-9167-31dc-122d-d745010c9331">
      <Execution id="8e35dc65-8aec-4e0e-a2a8-13bbf36e4963" />
      <TestMethod codeBase="D:\DeepSpaceSaga\DSS\tests\DeepSpaceSaga.Contracts.Tests\bin\Debug\net8.0\DeepSpaceSaga.Contracts.Tests.dll" adapterTypeName="executor://xunit/VsTestRunner2/netcoreapp" className="DeepSpaceSaga.Contracts.Tests.StationTradeSnapshotTests" name="AuthoritativeSnapshot_player_credits_defaults_to_zero" />
    </UnitTest>
    <UnitTest name="DeepSpaceSaga.Contracts.Tests.SaveSlotInfoTests.SaveSlotInfo_is_instantiable" storage="d:\deepspacesaga\dss\tests\deepspacesaga.contracts.tests\bin\debug\net8.0\deepspacesaga.contracts.tests.dll" id="e7db911e-bac1-ab8c-9f29-3574dd4203c1">
      <Execution id="4180fdb9-febc-4443-8d56-93c48cc596bf" />
      <TestMethod codeBase="D:\DeepSpaceSaga\DSS\tests\DeepSpaceSaga.Contracts.Tests\bin\Debug\net8.0\DeepSpaceSaga.Contracts.Tests.dll" adapterTypeName="executor://xunit/VsTestRunner2/netcoreapp" className="DeepSpaceSaga.Contracts.Tests.SaveSlotInfoTests" name="SaveSlotInfo_is_instantiable" />
    </UnitTest>
    <UnitTest name="DeepSpaceSaga.Contracts.Tests.CommandResultTests.Empty_snapshot_round_trips_with_empty_command_results" storage="d:\deepspacesaga\dss\tests\deepspacesaga.contracts.tests\bin\debug\net8.0\deepspacesaga.contracts.tests.dll" id="2cb1a1d4-6507-8180-7442-54c64ee880d1">
      <Execution id="a168a740-8fb5-418c-b33c-989c4bd75ea2" />
      <TestMethod codeBase="D:\DeepSpaceSaga\DSS\tests\DeepSpaceSaga.Contracts.Tests\bin\Debug\net8.0\DeepSpaceSaga.Contracts.Tests.dll" adapterTypeName="executor://xunit/VsTestRunner2/netcoreapp" className="DeepSpaceSaga.Contracts.Tests.CommandResultTests" name="Empty_snapshot_round_trips_with_empty_command_results" />
    </UnitTest>
    <UnitTest name="DeepSpaceSaga.Contracts.Tests.ShipEventTests.ShipEventReasonCodes_are_snake_case" storage="d:\deepspacesaga\dss\tests\deepspacesaga.contracts.tests\bin\debug\net8.0\deepspacesaga.contracts.tests.dll" id="ce6bd4cc-7ce0-224b-15ba-17c70e1d1741">
      <Execution id="fb38c1d8-ac1c-422c-9622-f5cc3545122a" />
      <TestMethod codeBase="D:\DeepSpaceSaga\DSS\tests\DeepSpaceSaga.Contracts.Tests\bin\Debug\net8.0\DeepSpaceSaga.Contracts.Tests.dll" adapterTypeName="executor://xunit/VsTestRunner2/netcoreapp" className="DeepSpaceSaga.Contracts.Tests.ShipEventTests" name="ShipEventReasonCodes_are_snake_case" />
    </UnitTest>
    <UnitTest name="DeepSpaceSaga.Contracts.Tests.InstalledModuleSnapshotTests.Serialization_round_trip_preserves_commands_metadata" storage="d:\deepspacesaga\dss\tests\deepspacesaga.contracts.tests\bin\debug\net8.0\deepspacesaga.contracts.tests.dll" id="72c040f0-696f-3b2e-6ef3-d0e18ee2c58a">
      <Execution id="369dde74-e331-4e3f-a89d-e1af0c283453" />
      <TestMethod codeBase="D:\DeepSpaceSaga\DSS\tests\DeepSpaceSaga.Contracts.Tests\bin\Debug\net8.0\DeepSpaceSaga.Contracts.Tests.dll" adapterTypeName="executor://xunit/VsTestRunner2/netcoreapp" className="DeepSpaceSaga.Contracts.Tests.InstalledModuleSnapshotTests" name="Serialization_round_trip_preserves_commands_metadata" />
    </UnitTest>
    <UnitTest name="DeepSpaceSaga.Contracts.Tests.SmokeTests.PlayerCommand_is_instantiable" storage="d:\deepspacesaga\dss\tests\deepspacesaga.contracts.tests\bin\debug\net8.0\deepspacesaga.contracts.tests.dll" id="8002dda2-d102-6b3c-5893-db51bf10b4f2">
      <Execution id="50c718d5-999f-4006-ba37-29c0e2b4f09e" />
      <TestMethod codeBase="D:\DeepSpaceSaga\DSS\tests\DeepSpaceSaga.Contracts.Tests\bin\Debug\net8.0\DeepSpaceSaga.Contracts.Tests.dll" adapterTypeName="executor://xunit/VsTestRunner2/netcoreapp" className="DeepSpaceSaga.Contracts.Tests.SmokeTests" name="PlayerCommand_is_instantiable" />
    </UnitTest>
    <UnitTest name="DeepSpaceSaga.Contracts.Tests.StationTradeSnapshotTests.AuthoritativeSnapshot_docked_station_trade_defaults_to_null" storage="d:\deepspacesaga\dss\tests\deepspacesaga.contracts.tests\bin\debug\net8.0\deepspacesaga.contracts.tests.dll" id="17c552ec-c468-79bc-4dbe-6c7acc1e846d">
      <Execution id="da7f9a77-fc5b-4bdc-9be8-feabc19b45e4" />
      <TestMethod codeBase="D:\DeepSpaceSaga\DSS\tests\DeepSpaceSaga.Contracts.Tests\bin\Debug\net8.0\DeepSpaceSaga.Contracts.Tests.dll" adapterTypeName="executor://xunit/VsTestRunner2/netcoreapp" className="DeepSpaceSaga.Contracts.Tests.StationTradeSnapshotTests" name="AuthoritativeSnapshot_docked_station_trade_defaults_to_null" />
    </UnitTest>
    <UnitTest name="DeepSpaceSaga.Contracts.Tests.CommandResultTests.CommandReasonCodes_are_snake_case" storage="d:\deepspacesaga\dss\tests\deepspacesaga.contracts.tests\bin\debug\net8.0\deepspacesaga.contracts.tests.dll" id="0a25ab9d-dc2d-719e-9f12-5950cb10f5d1">
      <Execution id="bf0655a2-8d0e-4bd1-bce7-0b3c936c20c5" />
      <TestMethod codeBase="D:\DeepSpaceSaga\DSS\tests\DeepSpaceSaga.Contracts.Tests\bin\Debug\net8.0\DeepSpaceSaga.Contracts.Tests.dll" adapterTypeName="executor://xunit/VsTestRunner2/netcoreapp" className="DeepSpaceSaga.Contracts.Tests.CommandResultTests" name="CommandReasonCodes_are_snake_case" />
    </UnitTest>
    <UnitTest name="DeepSpaceSaga.Contracts.Tests.DialogueContractTests.Dialogue_snapshot_and_commands_round_trip_through_json" storage="d:\deepspacesaga\dss\tests\deepspacesaga.contracts.tests\bin\debug\net8.0\deepspacesaga.contracts.tests.dll" id="eb6c2041-41b2-6fd5-abc7-93dee92c6463">
      <Execution id="325b008e-69dc-4daa-a87d-7c52bb4c45aa" />
      <TestMethod codeBase="D:\DeepSpaceSaga\DSS\tests\DeepSpaceSaga.Contracts.Tests\bin\Debug\net8.0\DeepSpaceSaga.Contracts.Tests.dll" adapterTypeName="executor://xunit/VsTestRunner2/netcoreapp" className="DeepSpaceSaga.Contracts.Tests.DialogueContractTests" name="Dialogue_snapshot_and_commands_round_trip_through_json" />
    </UnitTest>
    <UnitTest name="DeepSpaceSaga.Contracts.Tests.CommandResultTests.CommandResult_is_instantiable" storage="d:\deepspacesaga\dss\tests\deepspacesaga.contracts.tests\bin\debug\net8.0\deepspacesaga.contracts.tests.dll" id="702fa0ac-dfc8-7e14-bf6c-fbf6fd9b858a">
      <Execution id="242a8d21-27e6-474a-af56-97f3b07a84e2" />
      <TestMethod codeBase="D:\DeepSpaceSaga\DSS\tests\DeepSpaceSaga.Contracts.Tests\bin\Debug\net8.0\DeepSpaceSaga.Contracts.Tests.dll" adapterTypeName="executor://xunit/VsTestRunner2/netcoreapp" className="DeepSpaceSaga.Contracts.Tests.CommandResultTests" name="CommandResult_is_instantiable" />
    </UnitTest>
    <UnitTest name="DeepSpaceSaga.Contracts.Tests.CommandResultTests.AuthoritativeSnapshot_round_trips_command_results" storage="d:\deepspacesaga\dss\tests\deepspacesaga.contracts.tests\bin\debug\net8.0\deepspacesaga.contracts.tests.dll" id="00753e97-9011-c330-024d-fe9ee5720522">
      <Execution id="4e6ea863-2a69-4654-bcef-28279de45461" />
      <TestMethod codeBase="D:\DeepSpaceSaga\DSS\tests\DeepSpaceSaga.Contracts.Tests\bin\Debug\net8.0\DeepSpaceSaga.Contracts.Tests.dll" adapterTypeName="executor://xunit/VsTestRunner2/netcoreapp" className="DeepSpaceSaga.Contracts.Tests.CommandResultTests" name="AuthoritativeSnapshot_round_trips_command_results" />
    </UnitTest>
    <UnitTest name="DeepSpaceSaga.Contracts.Tests.ShipEventTests.ShipEvent_is_instantiable" storage="d:\deepspacesaga\dss\tests\deepspacesaga.contracts.tests\bin\debug\net8.0\deepspacesaga.contracts.tests.dll" id="a2cd1832-20a8-737f-74bd-910756a09686">
      <Execution id="07b5ad4d-2d7d-4095-9906-91f2318e4b54" />
      <TestMethod codeBase="D:\DeepSpaceSaga\DSS\tests\DeepSpaceSaga.Contracts.Tests\bin\Debug\net8.0\DeepSpaceSaga.Contracts.Tests.dll" adapterTypeName="executor://xunit/VsTestRunner2/netcoreapp" className="DeepSpaceSaga.Contracts.Tests.ShipEventTests" name="ShipEvent_is_instantiable" />
    </UnitTest>
    <UnitTest name="DeepSpaceSaga.Contracts.Tests.SaveSlotInfoTests.SaveSlotInfo_round_trips_via_json" storage="d:\deepspacesaga\dss\tests\deepspacesaga.contracts.tests\bin\debug\net8.0\deepspacesaga.contracts.tests.dll" id="22ccbc31-1c8b-4a3f-ea76-86afde23d0a3">
      <Execution id="cd0a62ff-d860-4867-b252-e59714ed99f8" />
      <TestMethod codeBase="D:\DeepSpaceSaga\DSS\tests\DeepSpaceSaga.Contracts.Tests\bin\Debug\net8.0\DeepSpaceSaga.Contracts.Tests.dll" adapterTypeName="executor://xunit/VsTestRunner2/netcoreapp" className="DeepSpaceSaga.Contracts.Tests.SaveSlotInfoTests" name="SaveSlotInfo_round_trips_via_json" />
    </UnitTest>
    <UnitTest name="DeepSpaceSaga.Contracts.Tests.ArchitectureTests.ObjectMotionSnapshot_holds_coordinates" storage="d:\deepspacesaga\dss\tests\deepspacesaga.contracts.tests\bin\debug\net8.0\deepspacesaga.contracts.tests.dll" id="4f4e9529-4733-3e3f-9432-5c04b4122c5b">
      <Execution id="85038a93-09a6-4b4d-9e8f-b63097d681ba" />
      <TestMethod codeBase="D:\DeepSpaceSaga\DSS\tests\DeepSpaceSaga.Contracts.Tests\bin\Debug\net8.0\DeepSpaceSaga.Contracts.Tests.dll" adapterTypeName="executor://xunit/VsTestRunner2/netcoreapp" className="DeepSpaceSaga.Contracts.Tests.ArchitectureTests" name="ObjectMotionSnapshot_holds_coordinates" />
    </UnitTest>
    <UnitTest name="DeepSpaceSaga.Contracts.Tests.CommandResultTests.Trade_CommandReasonCodes_are_snake_case" storage="d:\deepspacesaga\dss\tests\deepspacesaga.contracts.tests\bin\debug\net8.0\deepspacesaga.contracts.tests.dll" id="17ca48b8-718d-3954-f533-87c97b622dc7">
      <Execution id="6990e17e-5dee-4fb9-a9ee-e11c3f77aa6b" />
      <TestMethod codeBase="D:\DeepSpaceSaga\DSS\tests\DeepSpaceSaga.Contracts.Tests\bin\Debug\net8.0\DeepSpaceSaga.Contracts.Tests.dll" adapterTypeName="executor://xunit/VsTestRunner2/netcoreapp" className="DeepSpaceSaga.Contracts.Tests.CommandResultTests" name="Trade_CommandReasonCodes_are_snake_case" />
    </UnitTest>
  </TestDefinitions>
  <TestEntries>
    <TestEntry testId="9ba9394f-130a-6bc4-7ce2-3d4fb65f45d4" executionId="9340d3e0-ddcf-4780-ba1c-4fabe80287a7" testListId="8c84fa94-04c1-424b-9868-57a2d4851a1d" />
    <TestEntry testId="f24dcf5a-54da-0122-0df5-e887a54bab9b" executionId="25cd1d63-dcdf-40b0-9ea9-d53880342e68" testListId="8c84fa94-04c1-424b-9868-57a2d4851a1d" />
    <TestEntry testId="6050ac42-16cd-4a4f-6272-786861a53926" executionId="9e932b9b-735e-4864-9022-374a26aeee83" testListId="8c84fa94-04c1-424b-9868-57a2d4851a1d" />
    <TestEntry testId="3ee54da8-223f-b4a3-63b5-59fa57820734" executionId="bdf4bf74-5107-4653-a8c7-16440481c947" testListId="8c84fa94-04c1-424b-9868-57a2d4851a1d" />
    <TestEntry testId="9d4ea003-2a70-f253-dd68-89f2681c0e54" executionId="40faee94-8de5-46e9-800e-03535843c8df" testListId="8c84fa94-04c1-424b-9868-57a2d4851a1d" />
    <TestEntry testId="8002dda2-d102-6b3c-5893-db51bf10b4f2" executionId="50c718d5-999f-4006-ba37-29c0e2b4f09e" testListId="8c84fa94-04c1-424b-9868-57a2d4851a1d" />
    <TestEntry testId="f88d515a-ce59-288d-c4b2-7b11e291643a" executionId="61470073-ef0e-42c7-a7ef-e05714203927" testListId="8c84fa94-04c1-424b-9868-57a2d4851a1d" />
    <TestEntry testId="ef267f50-28a8-516e-a186-9fcb3e0b64f0" executionId="a74763a3-776f-40ce-9f23-5c71f9067b99" testListId="8c84fa94-04c1-424b-9868-57a2d4851a1d" />
    <TestEntry testId="26258d51-d6f1-f089-2d56-f98cfddd1d46" executionId="9ff022e5-22ae-485f-9413-7470ced6d278" testListId="8c84fa94-04c1-424b-9868-57a2d4851a1d" />
    <TestEntry testId="e7db911e-bac1-ab8c-9f29-3574dd4203c1" executionId="4180fdb9-febc-4443-8d56-93c48cc596bf" testListId="8c84fa94-04c1-424b-9868-57a2d4851a1d" />
    <TestEntry testId="4110cfc8-ce88-88c1-2c16-98f3a4224b8a" executionId="aa69da6b-4733-4be5-a59c-30aad5420491" testListId="8c84fa94-04c1-424b-9868-57a2d4851a1d" />
    <TestEntry testId="3d78e549-5ff1-a6b9-699e-c365a6dfa1ed" executionId="26130807-057f-495d-9700-18a5e9beb731" testListId="8c84fa94-04c1-424b-9868-57a2d4851a1d" />
    <TestEntry testId="2bda1aab-8022-1b41-f2a7-bf7509480329" executionId="81921d30-7c92-4cbf-be08-ad21c1ee9dc7" testListId="8c84fa94-04c1-424b-9868-57a2d4851a1d" />
    <TestEntry testId="296b7923-b29e-0dee-ade9-18471f171cff" executionId="9cd550fc-4af4-4e41-895e-13121a171a88" testListId="8c84fa94-04c1-424b-9868-57a2d4851a1d" />
    <TestEntry testId="a91cc785-44f9-3ff4-ae59-2a294b197e45" executionId="659b5b8c-a29e-43fc-9f16-f2760734e922" testListId="8c84fa94-04c1-424b-9868-57a2d4851a1d" />
    <TestEntry testId="fe7b1ec7-a654-ddb4-8b98-2f68dc621b4d" executionId="efe1419c-c400-41cd-beb3-8178eaf31fcb" testListId="8c84fa94-04c1-424b-9868-57a2d4851a1d" />
    <TestEntry testId="508ff65b-a839-1aba-673a-c5c656ee9ed3" executionId="45826cfa-a307-42d7-96af-c9a27fdfd483" testListId="8c84fa94-04c1-424b-9868-57a2d4851a1d" />
    <TestEntry testId="00753e97-9011-c330-024d-fe9ee5720522" executionId="4e6ea863-2a69-4654-bcef-28279de45461" testListId="8c84fa94-04c1-424b-9868-57a2d4851a1d" />
    <TestEntry testId="00bde8b4-1304-a645-d001-694ea6adc65c" executionId="5efff69c-c29e-44cc-a88b-61a0f48c35b0" testListId="8c84fa94-04c1-424b-9868-57a2d4851a1d" />
    <TestEntry testId="2cb1a1d4-6507-8180-7442-54c64ee880d1" executionId="a168a740-8fb5-418c-b33c-989c4bd75ea2" testListId="8c84fa94-04c1-424b-9868-57a2d4851a1d" />
    <TestEntry testId="0d117a46-b63c-3d3e-94a1-a5feb85f4404" executionId="d67fb7e1-fa12-4889-8326-fbcedc9abb75" testListId="8c84fa94-04c1-424b-9868-57a2d4851a1d" />
    <TestEntry testId="8b74889d-d5b7-eb10-c516-392e2d28a0f4" executionId="43d45d79-b362-4988-955e-221caea790b6" testListId="8c84fa94-04c1-424b-9868-57a2d4851a1d" />
    <TestEntry testId="4f4e9529-4733-3e3f-9432-5c04b4122c5b" executionId="85038a93-09a6-4b4d-9e8f-b63097d681ba" testListId="8c84fa94-04c1-424b-9868-57a2d4851a1d" />
    <TestEntry testId="702fa0ac-dfc8-7e14-bf6c-fbf6fd9b858a" executionId="242a8d21-27e6-474a-af56-97f3b07a84e2" testListId="8c84fa94-04c1-424b-9868-57a2d4851a1d" />
    <TestEntry testId="1265bc8a-b018-d0c2-0e97-82d9a7fab902" executionId="efff0d4f-3497-4775-a369-223c7b62beae" testListId="8c84fa94-04c1-424b-9868-57a2d4851a1d" />
    <TestEntry testId="17c552ec-c468-79bc-4dbe-6c7acc1e846d" executionId="da7f9a77-fc5b-4bdc-9be8-feabc19b45e4" testListId="8c84fa94-04c1-424b-9868-57a2d4851a1d" />
    <TestEntry testId="e4ba1347-2799-877a-ff1f-6106c325c74f" executionId="006fe9de-1702-4f44-99fd-2fb56fc990ab" testListId="8c84fa94-04c1-424b-9868-57a2d4851a1d" />
    <TestEntry testId="17ca48b8-718d-3954-f533-87c97b622dc7" executionId="6990e17e-5dee-4fb9-a9ee-e11c3f77aa6b" testListId="8c84fa94-04c1-424b-9868-57a2d4851a1d" />
    <TestEntry testId="1b482788-d846-06c7-a23f-94d4c7b86a91" executionId="b8e98a05-9df0-4e73-9765-79ef70fe0059" testListId="8c84fa94-04c1-424b-9868-57a2d4851a1d" />
    <TestEntry testId="0a25ab9d-dc2d-719e-9f12-5950cb10f5d1" executionId="bf0655a2-8d0e-4bd1-bce7-0b3c936c20c5" testListId="8c84fa94-04c1-424b-9868-57a2d4851a1d" />
    <TestEntry testId="74631061-8d15-f17a-8e3d-4376cdb7e087" executionId="0a729a38-94a8-46b9-8622-415387e72e0b" testListId="8c84fa94-04c1-424b-9868-57a2d4851a1d" />
    <TestEntry testId="4d57b362-dfde-646f-a7e9-6fd3032180c6" executionId="e7e783d1-8955-4f32-be85-cb9266c64460" testListId="8c84fa94-04c1-424b-9868-57a2d4851a1d" />
    <TestEntry testId="d5ea920e-5740-6cbe-a52f-bd6f5193f3ce" executionId="7e297255-ae0f-47ac-a4be-64208037f35d" testListId="8c84fa94-04c1-424b-9868-57a2d4851a1d" />
    <TestEntry testId="72c040f0-696f-3b2e-6ef3-d0e18ee2c58a" executionId="369dde74-e331-4e3f-a89d-e1af0c283453" testListId="8c84fa94-04c1-424b-9868-57a2d4851a1d" />
    <TestEntry testId="28de73a6-7346-09ba-6cd2-1475e82e8d18" executionId="4214a7f7-e4b2-4392-aa26-0689b4f1d0a4" testListId="8c84fa94-04c1-424b-9868-57a2d4851a1d" />
    <TestEntry testId="d121ae8f-2f78-3376-c890-5242f8a31d29" executionId="8efd9fcf-f2fb-41e7-846b-f83d8beb23da" testListId="8c84fa94-04c1-424b-9868-57a2d4851a1d" />
    <TestEntry testId="ce6bd4cc-7ce0-224b-15ba-17c70e1d1741" executionId="fb38c1d8-ac1c-422c-9622-f5cc3545122a" testListId="8c84fa94-04c1-424b-9868-57a2d4851a1d" />
    <TestEntry testId="fb8c6f9a-9167-31dc-122d-d745010c9331" executionId="8e35dc65-8aec-4e0e-a2a8-13bbf36e4963" testListId="8c84fa94-04c1-424b-9868-57a2d4851a1d" />
    <TestEntry testId="082caa5e-76d9-01ff-6364-5101a5c292c9" executionId="c60e8699-b1a4-48ec-bae0-7f14f1011caf" testListId="8c84fa94-04c1-424b-9868-57a2d4851a1d" />
    <TestEntry testId="22ccbc31-1c8b-4a3f-ea76-86afde23d0a3" executionId="cd0a62ff-d860-4867-b252-e59714ed99f8" testListId="8c84fa94-04c1-424b-9868-57a2d4851a1d" />
    <TestEntry testId="ecce8ad6-7f26-7bce-3e6b-e5c779159c5f" executionId="0b8c3455-b5c9-451c-886a-1f693ebd7ac8" testListId="8c84fa94-04c1-424b-9868-57a2d4851a1d" />
    <TestEntry testId="a2cd1832-20a8-737f-74bd-910756a09686" executionId="07b5ad4d-2d7d-4095-9906-91f2318e4b54" testListId="8c84fa94-04c1-424b-9868-57a2d4851a1d" />
    <TestEntry testId="eb6c2041-41b2-6fd5-abc7-93dee92c6463" executionId="325b008e-69dc-4daa-a87d-7c52bb4c45aa" testListId="8c84fa94-04c1-424b-9868-57a2d4851a1d" />
    <TestEntry testId="a2e48fe1-163b-6cbc-c366-eecc0c55ab2b" executionId="b4108600-0d8a-4e06-8bc6-ab3f5180a40a" testListId="8c84fa94-04c1-424b-9868-57a2d4851a1d" />
    <TestEntry testId="ed72ef14-5136-58ed-fc9b-638fa2c2d09a" executionId="2ae0ac39-18ca-4378-b0ec-52243591c8a3" testListId="8c84fa94-04c1-424b-9868-57a2d4851a1d" />
    <TestEntry testId="da948b2f-adc6-be32-e295-9af77042af4e" executionId="1dd76848-1106-43a8-bf24-eceafd186504" testListId="8c84fa94-04c1-424b-9868-57a2d4851a1d" />
    <TestEntry testId="1ecfe82c-534e-4673-62ca-027d30df951b" executionId="2e508f80-a505-4d55-8b8b-8cafa8588e68" testListId="8c84fa94-04c1-424b-9868-57a2d4851a1d" />
    <TestEntry testId="10de9f77-7f70-5dfc-1442-bd2846e80c10" executionId="a2ed6922-0c55-4664-ba6f-3de4805a24b7" testListId="8c84fa94-04c1-424b-9868-57a2d4851a1d" />
  </TestEntries>
  <TestLists>
    <TestList name="Results Not in a List" id="8c84fa94-04c1-424b-9868-57a2d4851a1d" />
    <TestList name="All Loaded Results" id="19431567-8539-422a-85d7-44ee4e166bda" />
  </TestLists>
  <ResultSummary outcome="Completed">
    <Counters total="48" executed="48" passed="48" failed="0" error="0" timeout="0" aborted="0" inconclusive="0" passedButRunAborted="0" notRunnable="0" notExecuted="0" disconnected="0" warning="0" completed="0" inProgress="0" pending="0" />
    <Output>
      <StdOut>[xUnit.net 00:00:00.00] xUnit.net VSTest Adapter v2.8.2+699d445a1a (64-bit .NET 8.0.26)&#xD;
[xUnit.net 00:00:00.08]   Discovering: DeepSpaceSaga.Contracts.Tests&#xD;
[xUnit.net 00:00:00.11]   Discovered:  DeepSpaceSaga.Contracts.Tests&#xD;
[xUnit.net 00:00:00.11]   Starting:    DeepSpaceSaga.Contracts.Tests&#xD;
[xUnit.net 00:00:00.24]   Finished:    DeepSpaceSaga.Contracts.Tests&#xD;
</StdOut>
    </Output>
  </ResultSummary>
</TestRun>